surfaces 9 branch pairs 780 twist classes 74 primes 161
H22 x3-2     best score +0.337 +- 0.133 (z=+2.54) at branch -5/4,5/4 c=-58   max|z| 3.89 vs noise ceiling ~4.68   10s
     +0.337  branch -5/4,5/4  c=-58
     +0.315  branch 5/4,5  c=-47
     +0.315  branch -5,-5/4  c=-47
H23 x3-x-1   best score +0.381 +- 0.085 (z=+4.46) at branch -5,1/5 c=-37   max|z| 4.46 vs noise ceiling ~4.68   18s
     +0.381  branch -1/5,5  c=-37
     +0.381  branch -5,1/5  c=-37
     +0.345  branch -1,5  c=47
H23 x3+x-1   best score +0.339 +- 0.123 (z=+2.76) at branch -1/5,1/5 c=-57   max|z| 3.89 vs noise ceiling ~4.68   27s
     +0.339  branch -1/5,1/5  c=-57
     +0.305  branch -2/5,2/5  c=-30
     +0.303  branch -1/4,1/4  c=29
H23 x3+x+1   best score +1.034 +- 0.138 (z=+7.51) at branch -3/2,3/2 c=-1   max|z| 7.51 vs noise ceiling ~4.68   35s
     +1.034  branch -3/2,3/2  c=-1
     +0.361  branch -5/3,5/3  c=14
     +0.351  branch -2/3,2/3  c=34
H23 x3-3     best score +0.374 +- 0.122 (z=+3.06) at branch -3/5,3/5 c=29   max|z| 3.81 vs noise ceiling ~4.68   40s
     +0.374  branch -3/5,3/5  c=29
     +0.322  branch -5/4,5/4  c=-43
     +0.314  branch -1/5,1/5  c=31
H23 x3+3     best score +0.371 +- 0.119 (z=+3.12) at branch -1/3,1/3 c=-23   max|z| 3.89 vs noise ceiling ~4.68   45s
     +0.371  branch -1/3,1/3  c=-23
     +0.353  branch -1,1  c=7
     +0.353  branch -1,1  c=-21
H24 x3-x-2   best score +0.318 +- 0.114 (z=+2.78) at branch -5/4,5/4 c=31   max|z| 4.41 vs noise ceiling ~4.68   49s
     +0.318  branch -5/4,5/4  c=31
     +0.313  branch -5/3,3/5  c=-6
     +0.313  branch -3/5,5/3  c=-6
H24 x3-x+2   best score +0.398 +- 0.120 (z=+3.32) at branch -3,3 c=-58   max|z| 4.31 vs noise ceiling ~4.68   52s
     +0.398  branch -3,3  c=-58
     +0.332  branch -3/2,3/2  c=-13
     +0.321  branch -4/5,4/5  c=11
H24 -z x3+2  best score +0.351 +- 0.116 (z=+3.03) at branch -2,2 c=-58   max|z| 3.95 vs noise ceiling ~4.68   54s
     +0.351  branch -2,2  c=-58
     +0.350  branch -5,-2/3  c=11
     +0.350  branch 2/3,5  c=11
