new region 39 / 230 entry_0_0_-1_2_initial_1_1 cases 42 complete 0 seconds 0.013
new region 40 / 230 entry_0_0_-1_2_initial_1_2 cases 42 complete 0 seconds 0.009
new region 41 / 230 entry_0_0_-1_2_initial_1_3 cases 42 complete 0 seconds 0.012
new region 42 / 230 entry_0_0_-1_2_initial_2_1 cases 42 complete 0 seconds 0.011
new region 43 / 230 entry_0_0_-1_2_initial_2_2 cases 42 complete 0 seconds 0.009
new region 44 / 230 entry_0_0_-1_2_initial_2_3 cases 42 complete 0 seconds 0.01
new region 45 / 230 entry_0_0_0_1_initial_1_1 cases 42 complete 0 seconds 0.009
new region 46 / 230 entry_0_0_0_1_initial_1_2 cases 42 complete 0 seconds 0.008
new region 47 / 230 entry_0_0_0_1_initial_1_3 cases 42 complete 0 seconds 0.008
new region 48 / 230 entry_0_0_0_1_initial_2_1 cases 42 complete 0 seconds 0.01
new region 49 / 230 entry_0_0_0_1_initial_2_2 cases 42 complete 0 seconds 0.008
new region 50 / 230 entry_0_0_0_1_initial_2_3 cases 42 complete 0 seconds 0.009
new region 51 / 230 entry_0_0_1_1_initial_1_1 cases 42 complete 0 seconds 0.007
new region 52 / 230 entry_0_0_1_1_initial_1_2 cases 42 complete 0 seconds 0.007
new region 53 / 230 entry_0_0_1_1_initial_1_3 cases 42 complete 0 seconds 0.007
new region 54 / 230 entry_0_0_1_1_initial_2_1 cases 42 complete 0 seconds 0.006
new region 55 / 230 entry_0_0_1_1_initial_2_2 cases 42 complete 0 seconds 0.006
new region 56 / 230 entry_0_0_1_1_initial_2_3 cases 42 complete 0 seconds 0.006
new region 57 / 230 entry_0_0_1_2_initial_1_1 cases 42 complete 0 seconds 0.012
new region 58 / 230 entry_0_0_1_2_initial_1_2 cases 42 complete 0 seconds 0.009
new region 59 / 230 entry_0_0_1_2_initial_1_3 cases 42 complete 0 seconds 0.009
new region 60 / 230 entry_0_0_1_2_initial_2_1 cases 42 complete 0 seconds 0.011
new region 61 / 230 entry_0_0_1_2_initial_2_2 cases 42 complete 0 seconds 0.01
new region 62 / 230 entry_0_0_1_2_initial_2_3 cases 42 complete 0 seconds 0.009
new region 63 / 230 entry_0_0_2_-1_initial_1_1 cases 42 complete 0 seconds 0.013
new region 64 / 230 entry_0_0_2_-1_initial_1_2 cases 42 complete 0 seconds 0.009
new region 65 / 230 entry_0_0_2_-1_initial_1_3 cases 42 complete 0 seconds 0.009
new region 66 / 230 entry_0_0_2_-1_initial_2_1 cases 42 complete 0 seconds 0.011
new region 67 / 230 entry_0_0_2_-1_initial_2_2 cases 42 complete 0 seconds 0.009
new region 68 / 230 entry_0_0_2_-1_initial_2_3 cases 42 complete 0 seconds 0.009
new region 69 / 230 entry_0_0_2_1_initial_1_1 cases 42 complete 0 seconds 0.012
new region 70 / 230 entry_0_0_2_1_initial_1_2 cases 42 complete 0 seconds 0.009
new region 71 / 230 entry_0_0_2_1_initial_1_3 cases 42 complete 0 seconds 0.009
new region 72 / 230 entry_0_0_2_1_initial_2_1 cases 42 complete 0 seconds 0.011
new region 73 / 230 entry_0_0_2_1_initial_2_2 cases 42 complete 0 seconds 0.01
new region 74 / 230 entry_0_0_2_1_initial_2_3 cases 42 complete 0 seconds 0.009
new region 75 / 230 entry_1_0_-1_2_initial_1_1 cases 42 complete 0 seconds 0.013
new region 76 / 230 entry_1_0_-1_2_initial_1_2 cases 42 complete 0 seconds 0.013
new region 77 / 230 entry_1_0_-1_2_initial_1_3 cases 42 complete 0 seconds 0.013
new region 78 / 230 entry_1_0_-1_2_initial_2_1 cases 42 complete 0 seconds 0.012
new region 79 / 230 entry_1_0_-1_2_initial_2_2 cases 42 complete 0 seconds 0.012
new region 80 / 230 entry_1_0_-1_2_initial_2_3 cases 42 complete 0 seconds 0.012
new region 81 / 230 entry_1_0_1_0_initial_1_1 cases 42 complete 0 seconds 0.007
new region 82 / 230 entry_1_0_1_0_initial_1_2 cases 42 complete 0 seconds 0.007
new region 83 / 230 entry_1_0_1_0_initial_1_3 cases 42 complete 0 seconds 0.007
new region 84 / 230 entry_1_0_1_0_initial_2_1 cases 42 complete 0 seconds 0.006
new region 85 / 230 entry_1_0_1_0_initial_2_2 cases 42 complete 0 seconds 0.008
new region 86 / 230 entry_1_0_1_0_initial_2_3 cases 42 complete 0 seconds 0.007
new region 87 / 230 entry_1_0_1_1_initial_1_1 cases 42 complete 0 seconds 0.014
new region 88 / 230 entry_1_0_1_1_initial_1_2 cases 42 complete 0 seconds 0.014
new region 89 / 230 entry_1_0_1_1_initial_1_3 cases 42 complete 0 seconds 0.013
new region 90 / 230 entry_1_0_1_1_initial_2_1 cases 42 complete 0 seconds 0.013
new region 91 / 230 entry_1_0_1_1_initial_2_2 cases 42 complete 0 seconds 0.013
new region 92 / 230 entry_1_0_1_1_initial_2_3 cases 42 complete 0 seconds 0.015
new region 93 / 230 entry_1_0_1_2_initial_1_1 cases 42 complete 0 seconds 0.015
new region 94 / 230 entry_1_0_1_2_initial_1_2 cases 42 complete 0 seconds 0.016
new region 95 / 230 entry_1_0_1_2_initial_1_3 cases 42 complete 0 seconds 0.02
new region 96 / 230 entry_1_0_1_2_initial_2_1 cases 42 complete 0 seconds 0.012
new region 97 / 230 entry_1_0_1_2_initial_2_2 cases 42 complete 0 seconds 0.012
new region 98 / 230 entry_1_0_1_2_initial_2_3 cases 42 complete 0 seconds 0.012
new region 99 / 230 entry_1_0_2_-1_initial_1_1 cases 42 complete 0 seconds 0.012
new region 100 / 230 entry_1_0_2_-1_initial_1_2 cases 42 complete 0 seconds 0.012
new region 101 / 230 entry_1_0_2_-1_initial_1_3 cases 42 complete 0 seconds 0.012
new region 102 / 230 entry_1_0_2_-1_initial_2_1 cases 42 complete 0 seconds 0.013
new region 103 / 230 entry_1_0_2_-1_initial_2_2 cases 42 complete 0 seconds 0.012
new region 104 / 230 entry_1_0_2_-1_initial_2_3 cases 42 complete 0 seconds 0.012
new region 105 / 230 entry_1_0_2_1_initial_1_1 cases 42 complete 0 seconds 0.013
new region 106 / 230 entry_1_0_2_1_initial_1_2 cases 42 complete 0 seconds 0.013
new region 107 / 230 entry_1_0_2_1_initial_1_3 cases 42 complete 0 seconds 0.013
new region 108 / 230 entry_1_0_2_1_initial_2_1 cases 42 complete 0 seconds 0.012
new region 109 / 230 entry_1_0_2_1_initial_2_2 cases 42 complete 0 seconds 0.012
new region 110 / 230 entry_1_0_2_1_initial_2_3 cases 42 complete 0 seconds 0.012
new region 111 / 230 entry_1_1_-1_2_initial_1_1 cases 42 complete 0 seconds 0.013
new region 112 / 230 entry_1_1_-1_2_initial_1_2 cases 42 complete 0 seconds 0.009
new region 113 / 230 entry_1_1_-1_2_initial_1_3 cases 42 complete 0 seconds 0.009
new region 114 / 230 entry_1_1_-1_2_initial_2_1 cases 42 complete 0 seconds 0.012
new region 115 / 230 entry_1_1_-1_2_initial_2_2 cases 42 complete 0 seconds 0.009
new region 116 / 230 entry_1_1_-1_2_initial_2_3 cases 42 complete 0 seconds 0.01
new region 117 / 230 entry_1_1_0_1_initial_1_1 cases 42 complete 0 seconds 0.008
new region 118 / 230 entry_1_1_0_1_initial_1_2 cases 42 complete 0 seconds 0.009
new region 119 / 230 entry_1_1_0_1_initial_1_3 cases 42 complete 0 seconds 0.008
new region 120 / 230 entry_1_1_0_1_initial_2_1 cases 42 complete 0 seconds 0.007
new region 121 / 230 entry_1_1_0_1_initial_2_2 cases 42 complete 0 seconds 0.007
new region 122 / 230 entry_1_1_0_1_initial_2_3 cases 42 complete 0 seconds 0.007
new region 123 / 230 entry_1_1_1_0_initial_1_1 cases 42 complete 0 seconds 0.007
new region 124 / 230 entry_1_1_1_0_initial_1_2 cases 42 complete 0 seconds 0.007
new region 125 / 230 entry_1_1_1_0_initial_1_3 cases 42 complete 0 seconds 0.006
new region 126 / 230 entry_1_1_1_0_initial_2_1 cases 42 complete 0 seconds 0.007
new region 127 / 230 entry_1_1_1_0_initial_2_2 cases 42 complete 0 seconds 0.006
new region 128 / 230 entry_1_1_1_0_initial_2_3 cases 42 complete 0 seconds 0.007
new region 129 / 230 entry_1_1_1_2_initial_1_1 cases 42 complete 0 seconds 0.012
new region 130 / 230 entry_1_1_1_2_initial_1_2 cases 42 complete 0 seconds 0.009
new region 131 / 230 entry_1_1_1_2_initial_1_3 cases 42 complete 0 seconds 0.01
new region 132 / 230 entry_1_1_1_2_initial_2_1 cases 42 complete 0 seconds 0.011
new region 133 / 230 entry_1_1_1_2_initial_2_2 cases 42 complete 0 seconds 0.01
new region 134 / 230 entry_1_1_1_2_initial_2_3 cases 42 complete 0 seconds 0.009
new region 135 / 230 entry_1_1_2_-1_initial_1_1 cases 42 complete 0 seconds 0.013
new region 136 / 230 entry_1_1_2_-1_initial_1_2 cases 42 complete 0 seconds 0.01
new region 137 / 230 entry_1_1_2_-1_initial_1_3 cases 42 complete 0 seconds 0.009
new region 138 / 230 entry_1_1_2_-1_initial_2_1 cases 42 complete 0 seconds 0.014
new region 139 / 230 entry_1_1_2_-1_initial_2_2 cases 42 complete 0 seconds 0.009
new region 140 / 230 entry_1_1_2_-1_initial_2_3 cases 42 complete 0 seconds 0.009
new region 141 / 230 entry_1_1_2_1_initial_1_1 cases 42 complete 0 seconds 0.012
new region 142 / 230 entry_1_1_2_1_initial_1_2 cases 42 complete 0 seconds 0.01
new region 143 / 230 entry_1_1_2_1_initial_1_3 cases 42 complete 0 seconds 0.01
new region 144 / 230 entry_1_1_2_1_initial_2_1 cases 42 complete 0 seconds 0.011
new region 145 / 230 entry_1_1_2_1_initial_2_2 cases 42 complete 0 seconds 0.009
new region 146 / 230 entry_1_1_2_1_initial_2_3 cases 42 complete 0 seconds 0.009
new region 147 / 230 entry_1_2_-1_2_initial_1_1 cases 42 complete 0 seconds 0.013
new region 148 / 230 entry_1_2_-1_2_initial_1_2 cases 42 complete 0 seconds 0.012
new region 149 / 230 entry_1_2_-1_2_initial_1_3 cases 42 complete 0 seconds 0.014
new region 150 / 230 entry_1_2_-1_2_initial_2_1 cases 42 complete 0 seconds 0.012
new region 151 / 230 entry_1_2_-1_2_initial_2_2 cases 42 complete 0 seconds 0.012
new region 152 / 230 entry_1_2_-1_2_initial_2_3 cases 42 complete 0 seconds 0.012
new region 153 / 230 entry_1_2_1_0_initial_1_1 cases 42 complete 0 seconds 0.006
new region 154 / 230 entry_1_2_1_0_initial_1_2 cases 42 complete 0 seconds 0.007
new region 155 / 230 entry_1_2_1_0_initial_1_3 cases 42 complete 0 seconds 0.007
new region 156 / 230 entry_1_2_1_0_initial_2_1 cases 42 complete 0 seconds 0.006
new region 157 / 230 entry_1_2_1_0_initial_2_2 cases 42 complete 0 seconds 0.006
new region 158 / 230 entry_1_2_1_0_initial_2_3 cases 42 complete 0 seconds 0.006
new region 159 / 230 entry_1_2_1_1_initial_1_1 cases 42 complete 0 seconds 0.012
new region 160 / 230 entry_1_2_1_1_initial_1_2 cases 42 complete 0 seconds 0.013
new region 161 / 230 entry_1_2_1_1_initial_1_3 cases 42 complete 0 seconds 0.015
new region 162 / 230 entry_1_2_1_1_initial_2_1 cases 42 complete 0 seconds 0.015
new region 163 / 230 entry_1_2_1_1_initial_2_2 cases 42 complete 0 seconds 0.012
new region 164 / 230 entry_1_2_1_1_initial_2_3 cases 42 complete 0 seconds 0.012
new region 165 / 230 entry_1_2_1_2_initial_1_1 cases 42 complete 0 seconds 0.013
new region 166 / 230 entry_1_2_1_2_initial_1_2 cases 42 complete 0 seconds 0.012
new region 167 / 230 entry_1_2_1_2_initial_1_3 cases 42 complete 0 seconds 0.012
new region 168 / 230 entry_1_2_1_2_initial_2_1 cases 42 complete 0 seconds 0.012
new region 169 / 230 entry_1_2_1_2_initial_2_2 cases 42 complete 0 seconds 0.013
new region 170 / 230 entry_1_2_1_2_initial_2_3 cases 42 complete 0 seconds 0.033
new region 171 / 230 entry_1_2_2_-1_initial_1_1 cases 42 complete 0 seconds 0.013
new region 172 / 230 entry_1_2_2_-1_initial_1_2 cases 42 complete 0 seconds 0.013
new region 173 / 230 entry_1_2_2_-1_initial_1_3 cases 42 complete 0 seconds 0.013
new region 174 / 230 entry_1_2_2_-1_initial_2_1 cases 42 complete 0 seconds 0.011
new region 175 / 230 entry_1_2_2_-1_initial_2_2 cases 42 complete 0 seconds 0.012
new region 176 / 230 entry_1_2_2_-1_initial_2_3 cases 42 complete 0 seconds 0.012
new region 177 / 230 entry_1_2_2_1_initial_1_1 cases 42 complete 0 seconds 0.013
new region 178 / 230 entry_1_2_2_1_initial_1_2 cases 42 complete 0 seconds 0.012
new region 179 / 230 entry_1_2_2_1_initial_1_3 cases 42 complete 0 seconds 0.013
new region 180 / 230 entry_1_2_2_1_initial_2_1 cases 42 complete 0 seconds 0.012
new region 181 / 230 entry_1_2_2_1_initial_2_2 cases 42 complete 0 seconds 0.013
new region 182 / 230 entry_1_2_2_1_initial_2_3 cases 42 complete 0 seconds 0.012
new region 183 / 230 entry_1_3_-1_2_initial_1_1 cases 42 complete 0 seconds 0.012
new region 184 / 230 entry_1_3_-1_2_initial_1_2 cases 42 complete 0 seconds 0.009
new region 185 / 230 entry_1_3_-1_2_initial_1_3 cases 42 complete 0 seconds 0.009
new region 186 / 230 entry_1_3_-1_2_initial_2_1 cases 42 complete 0 seconds 0.009
new region 187 / 230 entry_1_3_-1_2_initial_2_2 cases 42 complete 0 seconds 0.009
new region 188 / 230 entry_1_3_-1_2_initial_2_3 cases 42 complete 0 seconds 0.011
new region 189 / 230 entry_1_3_1_0_initial_1_1 cases 42 complete 0 seconds 0.008
new region 190 / 230 entry_1_3_1_0_initial_1_2 cases 42 complete 0 seconds 0.007
new region 191 / 230 entry_1_3_1_0_initial_1_3 cases 42 complete 0 seconds 0.007
new region 192 / 230 entry_1_3_1_0_initial_2_1 cases 42 complete 0 seconds 0.007
new region 193 / 230 entry_1_3_1_0_initial_2_2 cases 42 complete 0 seconds 0.007
new region 194 / 230 entry_1_3_1_0_initial_2_3 cases 42 complete 0 seconds 0.007
new region 195 / 230 entry_1_3_1_1_initial_1_1 cases 42 complete 0 seconds 0.01
new region 196 / 230 entry_1_3_1_1_initial_1_2 cases 42 complete 0 seconds 0.007
new region 197 / 230 entry_1_3_1_1_initial_1_3 cases 42 complete 0 seconds 0.009
new region 198 / 230 entry_1_3_1_1_initial_2_1 cases 42 complete 0 seconds 0.008
new region 199 / 230 entry_1_3_1_1_initial_2_2 cases 42 complete 0 seconds 0.006
new region 200 / 230 entry_1_3_1_1_initial_2_3 cases 42 complete 0 seconds 0.009
new region 201 / 230 entry_1_3_1_2_initial_1_1 cases 42 complete 0 seconds 0.012
new region 202 / 230 entry_1_3_1_2_initial_1_2 cases 42 complete 0 seconds 0.01
new region 203 / 230 entry_1_3_1_2_initial_1_3 cases 42 complete 0 seconds 0.009
new region 204 / 230 entry_1_3_1_2_initial_2_1 cases 42 complete 0 seconds 0.009
new region 205 / 230 entry_1_3_1_2_initial_2_2 cases 42 complete 0 seconds 0.009
new region 206 / 230 entry_1_3_1_2_initial_2_3 cases 42 complete 0 seconds 0.009
new region 207 / 230 entry_1_3_2_-1_initial_1_1 cases 42 complete 0 seconds 0.012
new region 208 / 230 entry_1_3_2_-1_initial_1_2 cases 42 complete 0 seconds 0.009
new region 209 / 230 entry_1_3_2_-1_initial_1_3 cases 42 complete 0 seconds 0.009
new region 210 / 230 entry_1_3_2_-1_initial_2_1 cases 42 complete 0 seconds 0.009
new region 211 / 230 entry_1_3_2_-1_initial_2_2 cases 42 complete 0 seconds 0.009
new region 212 / 230 entry_1_3_2_-1_initial_2_3 cases 42 complete 0 seconds 0.009
new region 213 / 230 entry_1_3_2_1_initial_1_1 cases 42 complete 0 seconds 0.012
new region 214 / 230 entry_1_3_2_1_initial_1_2 cases 42 complete 0 seconds 0.01
new region 215 / 230 entry_1_3_2_1_initial_1_3 cases 42 complete 0 seconds 0.009
new region 216 / 230 entry_1_3_2_1_initial_2_1 cases 42 complete 0 seconds 0.009
new region 217 / 230 entry_1_3_2_1_initial_2_2 cases 42 complete 0 seconds 0.009
new region 218 / 230 entry_1_3_2_1_initial_2_3 cases 42 complete 0 seconds 0.011
new region 219 / 230 orientation_3_2_initial_1_1 cases 42 complete 0 seconds 0.008
new region 220 / 230 orientation_3_2_initial_1_2 cases 42 complete 0 seconds 0.008
new region 221 / 230 orientation_3_2_initial_2_1 cases 42 complete 0 seconds 0.006
new region 222 / 230 orientation_3_2_initial_2_2 cases 42 complete 0 seconds 0.008
new region 223 / 230 orientation_3_2_initial_3_1 cases 42 complete 0 seconds 0.007
new region 224 / 230 orientation_3_2_initial_3_2 cases 42 complete 0 seconds 0.007
new region 225 / 230 generator_height_3_initial_1_1 cases 90 complete 0 seconds 0.032
new region 226 / 230 generator_height_3_initial_1_2 cases 90 complete 0 seconds 0.023
new region 227 / 230 generator_height_3_initial_1_3 cases 90 complete 0 seconds 0.03
new region 228 / 230 generator_height_3_initial_2_1 cases 90 complete 0 seconds 0.031
new region 229 / 230 generator_height_3_initial_2_2 cases 90 complete 0 seconds 0.026
new region 230 / 230 generator_height_3_initial_2_3 cases 90 complete 0 seconds 0.022
