2026-09-08T05:34:44.9433909Z Current runner version: '2.337.0'
2026-09-08T05:34:44.9468393Z ##[group]Runner Image Provisioner
2026-09-08T05:34:44.9470062Z Hosted Compute Agent
2026-09-08T05:34:44.9470937Z Version: 20260828.587
2026-09-08T05:34:44.9472279Z Commit: abac92662cab4cc7352de4f9f9d2e2419aad9c29
2026-09-08T05:34:44.9473433Z Build Date: 2026-08-28T16:44:25Z
2026-09-08T05:34:44.9474555Z Worker ID: {5f737fdf-f2db-44ba-80d5-9a16adf4048b}
2026-09-08T05:34:44.9475696Z Azure Region: eastus
2026-09-08T05:34:44.9476553Z ##[endgroup]
2026-09-08T05:34:44.9478788Z ##[group]Operating System
2026-09-08T05:34:44.9479800Z Ubuntu
2026-09-08T05:34:44.9480767Z 24.04.4
2026-09-08T05:34:44.9481545Z LTS
2026-09-08T05:34:44.9482464Z ##[endgroup]
2026-09-08T05:34:44.9484004Z ##[group]Runner Image
2026-09-08T05:34:44.9484937Z Image: ubuntu-24.04
2026-09-08T05:34:44.9485845Z Version: 20260831.293.1
2026-09-08T05:34:44.9487868Z Included Software: https://github.com/actions/runner-images/blob/ubuntu24/20260831.293/images/ubuntu/Ubuntu2404-Readme.md
2026-09-08T05:34:44.9490468Z Image Release: https://github.com/actions/runner-images/releases/tag/ubuntu24%2F20260831.293
2026-09-08T05:34:44.9492250Z ##[endgroup]
2026-09-08T05:34:44.9493968Z ##[group]GITHUB_TOKEN Permissions
2026-09-08T05:34:44.9496936Z Contents: read
2026-09-08T05:34:44.9497999Z Metadata: read
2026-09-08T05:34:44.9498832Z ##[endgroup]
2026-09-08T05:34:44.9502112Z Secret source: Actions
2026-09-08T05:34:44.9504094Z Prepare workflow directory
2026-09-08T05:34:45.0044644Z Prepare all required actions
2026-09-08T05:34:45.0113264Z Getting action download info
2026-09-08T05:34:45.2101329Z Download action repository 'actions/checkout@v4' (SHA:11d5960a326750d5838078e36cf38b85af677262)
2026-09-08T05:34:45.2947106Z Download action repository 'leanprover/lean-action@50fcf42d2e460296f1a34b402e990d1b24f8b596' (SHA:50fcf42d2e460296f1a34b402e990d1b24f8b596)
2026-09-08T05:34:45.4059483Z Download action repository 'actions/upload-artifact@v4' (SHA:ea165f8d65b6e75b540449e92b4886f43607fa02)
2026-09-08T05:34:45.6407025Z Getting action download info
2026-09-08T05:34:45.6989079Z Download action repository 'actions/cache@v5' (SHA:caa296126883cff596d87d8935842f9db880ef25)
2026-09-08T05:34:45.8638321Z Complete job name: lean-certificates
2026-09-08T05:34:45.9507198Z Node 20 is being deprecated. This workflow is running with Node 24 by default. If you need to temporarily use Node 20, you can set the ACTIONS_ALLOW_USE_UNSECURE_NODE_VERSION=true environment variable. For more information see: https://github.blog/changelog/2025-09-19-deprecation-of-node-20-on-github-actions-runners/
2026-09-08T05:34:45.9516239Z ##[group]Run actions/checkout@v4
2026-09-08T05:34:45.9516945Z with:
2026-09-08T05:34:45.9517432Z   repository: dicipler-pixel/operator-first
2026-09-08T05:34:45.9521301Z   token: ***
2026-09-08T05:34:45.9521911Z   ssh-strict: true
2026-09-08T05:34:45.9522372Z   ssh-user: git
2026-09-08T05:34:45.9522828Z   persist-credentials: true
2026-09-08T05:34:45.9523330Z   clean: true
2026-09-08T05:34:45.9523785Z   sparse-checkout-cone-mode: true
2026-09-08T05:34:45.9524344Z   fetch-depth: 1
2026-09-08T05:34:45.9524780Z   fetch-tags: false
2026-09-08T05:34:45.9525229Z   show-progress: true
2026-09-08T05:34:45.9525739Z   lfs: false
2026-09-08T05:34:45.9526423Z   submodules: false
2026-09-08T05:34:45.9526876Z   set-safe-directory: true
2026-09-08T05:34:45.9527375Z   allow-unsafe-pr-checkout: false
2026-09-08T05:34:45.9528216Z env:
2026-09-08T05:34:45.9528631Z   LEAN_NUM_THREADS: 2
2026-09-08T05:34:45.9529077Z ##[endgroup]
2026-09-08T05:34:46.0660867Z Syncing repository: dicipler-pixel/operator-first
2026-09-08T05:34:46.0663824Z ##[group]Getting Git version info
2026-09-08T05:34:46.0665012Z Working directory is '/home/runner/work/operator-first/operator-first'
2026-09-08T05:34:46.0666782Z [command]/usr/bin/git version
2026-09-08T05:34:46.0667579Z git version 2.55.0
2026-09-08T05:34:46.0669981Z ##[endgroup]
2026-09-08T05:34:46.0676280Z Temporarily overriding HOME='/home/runner/work/_temp/95cfe4a3-e338-4393-850e-390f9cfd251a' before making global git config changes
2026-09-08T05:34:46.0678762Z Adding repository directory to the temporary git global config as a safe directory
2026-09-08T05:34:46.0680723Z [command]/usr/bin/git config --global --add safe.directory /home/runner/work/operator-first/operator-first
2026-09-08T05:34:46.0683731Z Deleting the contents of '/home/runner/work/operator-first/operator-first'
2026-09-08T05:34:46.0685701Z ##[group]Initializing the repository
2026-09-08T05:34:46.0687267Z [command]/usr/bin/git init /home/runner/work/operator-first/operator-first
2026-09-08T05:34:46.0770303Z hint: Using 'master' as the name for the initial branch. This default branch name
2026-09-08T05:34:46.0773680Z hint: will change to "main" in Git 3.0. To configure the initial branch name
2026-09-08T05:34:46.0775708Z hint: to use in all of your new repositories, which will suppress this warning,
2026-09-08T05:34:46.0777181Z hint: call:
2026-09-08T05:34:46.0778377Z hint:
2026-09-08T05:34:46.0779753Z hint: 	git config --global init.defaultBranch <name>
2026-09-08T05:34:46.0780854Z hint:
2026-09-08T05:34:46.0781925Z hint: Names commonly chosen instead of 'master' are 'main', 'trunk' and
2026-09-08T05:34:46.0783463Z hint: 'development'. The just-created branch can be renamed via this command:
2026-09-08T05:34:46.0784660Z hint:
2026-09-08T05:34:46.0785313Z hint: 	git branch -m <name>
2026-09-08T05:34:46.0786077Z hint:
2026-09-08T05:34:46.0787071Z hint: Disable this message with "git config set advice.defaultBranchName false"
2026-09-08T05:34:46.0788789Z Initialized empty Git repository in /home/runner/work/operator-first/operator-first/.git/
2026-09-08T05:34:46.0792280Z [command]/usr/bin/git remote add origin https://github.com/dicipler-pixel/operator-first
2026-09-08T05:34:46.0834521Z ##[endgroup]
2026-09-08T05:34:46.0835740Z ##[group]Disabling automatic garbage collection
2026-09-08T05:34:46.0838584Z [command]/usr/bin/git config --local gc.auto 0
2026-09-08T05:34:46.0875251Z ##[endgroup]
2026-09-08T05:34:46.0876408Z ##[group]Setting up auth
2026-09-08T05:34:46.0908503Z [command]/usr/bin/git config --local --name-only --get-regexp core\.sshCommand
2026-09-08T05:34:46.0945728Z [command]/usr/bin/git submodule foreach --recursive sh -c "git config --local --name-only --get-regexp 'core\.sshCommand' && git config --local --unset-all 'core.sshCommand' || :"
2026-09-08T05:34:46.1296452Z [command]/usr/bin/git config --local --name-only --get-regexp http\.https\:\/\/github\.com\/\.extraheader
2026-09-08T05:34:46.1354433Z [command]/usr/bin/git submodule foreach --recursive sh -c "git config --local --name-only --get-regexp 'http\.https\:\/\/github\.com\/\.extraheader' && git config --local --unset-all 'http.https://github.com/.extraheader' || :"
2026-09-08T05:34:46.1635777Z [command]/usr/bin/git config --local --name-only --get-regexp ^includeIf\.gitdir:
2026-09-08T05:34:46.1675066Z [command]/usr/bin/git submodule foreach --recursive git config --local --show-origin --name-only --get-regexp remote.origin.url
2026-09-08T05:34:46.1915942Z [command]/usr/bin/git config --local http.https://github.com/.extraheader AUTHORIZATION: basic ***
2026-09-08T05:34:46.1958005Z ##[endgroup]
2026-09-08T05:34:46.1958977Z ##[group]Fetching the repository
2026-09-08T05:34:46.1968337Z [command]/usr/bin/git -c protocol.version=2 fetch --no-tags --prune --no-recurse-submodules --depth=1 origin +3eb373797a26f67eccb0ac0b95358d6cac2f39a7:refs/remotes/origin/research/elemental-foundations
2026-09-08T05:35:46.2951135Z From https://github.com/dicipler-pixel/operator-first
2026-09-08T05:35:46.2952528Z  * [new ref]         3eb373797a26f67eccb0ac0b95358d6cac2f39a7 -> origin/research/elemental-foundations
2026-09-08T05:35:46.2955973Z ##[endgroup]
2026-09-08T05:35:46.2956644Z ##[group]Determining the checkout info
2026-09-08T05:35:46.2957962Z ##[endgroup]
2026-09-08T05:35:46.2964939Z [command]/usr/bin/git sparse-checkout disable
2026-09-08T05:35:46.3025296Z [command]/usr/bin/git config --local --unset-all extensions.worktreeConfig
2026-09-08T05:35:46.3059838Z ##[group]Checking out the ref
2026-09-08T05:35:46.3065600Z [command]/usr/bin/git checkout --progress --force -B research/elemental-foundations refs/remotes/origin/research/elemental-foundations
2026-09-08T05:35:47.3175226Z Updating files:  99% (2675/2689)
2026-09-08T05:35:47.3176207Z Updating files: 100% (2689/2689)
2026-09-08T05:35:47.3176998Z Updating files: 100% (2689/2689), done.
2026-09-08T05:35:47.3216038Z Switched to a new branch 'research/elemental-foundations'
2026-09-08T05:35:47.3221082Z branch 'research/elemental-foundations' set up to track 'origin/research/elemental-foundations'.
2026-09-08T05:35:47.3310857Z ##[endgroup]
2026-09-08T05:35:47.3359448Z [command]/usr/bin/git log -1 --format=%H
2026-09-08T05:35:47.3391203Z 3eb373797a26f67eccb0ac0b95358d6cac2f39a7
2026-09-08T05:35:47.3610779Z ##[group]Run curl -sSfL https://raw.githubusercontent.com/leanprover/elan/master/elan-init.sh -o "$RUNNER_TEMP/elan-init.sh"
2026-09-08T05:35:47.3611934Z [36;1mcurl -sSfL https://raw.githubusercontent.com/leanprover/elan/master/elan-init.sh -o "$RUNNER_TEMP/elan-init.sh"[0m
2026-09-08T05:35:47.3612716Z [36;1mbash "$RUNNER_TEMP/elan-init.sh" -y --default-toolchain leanprover/lean4:v4.33.0[0m
2026-09-08T05:35:47.3613199Z [36;1mecho "$HOME/.elan/bin" >> "$GITHUB_PATH"[0m
2026-09-08T05:35:47.3657229Z shell: /usr/bin/bash -e {0}
2026-09-08T05:35:47.3657541Z env:
2026-09-08T05:35:47.3657759Z   LEAN_NUM_THREADS: 2
2026-09-08T05:35:47.3657996Z ##[endgroup]
2026-09-08T05:35:47.4263206Z info: downloading installer
2026-09-08T05:35:47.8286177Z info: default toolchain set to 'leanprover/lean4:v4.33.0'
2026-09-08T05:35:47.8387270Z ##[group]Run lake update
2026-09-08T05:35:47.8387567Z [36;1mlake update[0m
2026-09-08T05:35:47.8429368Z shell: /usr/bin/bash -e {0}
2026-09-08T05:35:47.8429698Z env:
2026-09-08T05:35:47.8429912Z   LEAN_NUM_THREADS: 2
2026-09-08T05:35:47.8430148Z ##[endgroup]
2026-09-08T05:35:48.0762280Z info: downloading https://releases.lean-lang.org/lean4/v4.33.0/lean-4.33.0-linux.tar.zst
2026-09-08T05:35:50.7382853Z info: installing /home/runner/.elan/toolchains/leanprover--lean4---v4.33.0
2026-09-08T05:35:58.0268613Z info: elemental-foundations: no previous manifest, creating one from scratch
2026-09-08T05:35:58.0269599Z info: mathlib: cloning https://github.com/leanprover-community/mathlib4.git
2026-09-08T05:36:30.4535202Z info: mathlib: checking out revision 'db584cd6d46c92f209a44c0f1c829460d327499d'
2026-09-08T05:36:31.4442540Z info: toolchain not updated; already up-to-date
2026-09-08T05:36:32.6256072Z info: plausible: cloning https://github.com/leanprover-community/plausible
2026-09-08T05:36:32.8338292Z info: plausible: checking out revision 'b7eb3304aeae834b12dda98993a37f6a41f6f0bb'
2026-09-08T05:36:32.8477612Z info: LeanSearchClient: cloning https://github.com/leanprover-community/LeanSearchClient
2026-09-08T05:36:33.1562479Z info: LeanSearchClient: checking out revision '5f4d51b81cbd3f6b32b156bfad9056621a040404'
2026-09-08T05:36:33.1692650Z info: importGraph: cloning https://github.com/leanprover-community/import-graph
2026-09-08T05:36:33.4462329Z info: importGraph: checking out revision '16f02aa7642864af59f1ff0e384a015994db9118'
2026-09-08T05:36:33.4620830Z info: proofwidgets: cloning https://github.com/leanprover-community/ProofWidgets4
2026-09-08T05:36:33.9392540Z info: proofwidgets: checking out revision '4be2e3d5087eeb272cf5a8853b8f9dd025ef5957'
2026-09-08T05:36:34.5532519Z info: aesop: cloning https://github.com/leanprover-community/aesop
2026-09-08T05:36:35.0971915Z info: aesop: checking out revision '3448c0bcc5ce01b2d1546e483ec3620e32df3d0e'
2026-09-08T05:36:35.1157704Z info: Qq: cloning https://github.com/leanprover-community/quote4
2026-09-08T05:36:35.3357123Z info: Qq: checking out revision '92c15be17b7caf78c2ad767ec40f89052d908d81'
2026-09-08T05:36:35.3492599Z info: batteries: cloning https://github.com/leanprover-community/batteries
2026-09-08T05:36:43.5701958Z info: batteries: checking out revision '4488d40d070b9700d4d5a6aa342f0d40c31b2a2d'
2026-09-08T05:36:43.5972946Z info: Cli: cloning https://github.com/leanprover/lean4-cli
2026-09-08T05:36:43.9037290Z info: Cli: checking out revision '6130a47896ce867c6a4a55373441e59e565bad0f'
2026-09-08T05:36:43.9182899Z info: mathlib: running post-update hooks
2026-09-08T05:36:44.3223363Z ✔ [1/10] Built Cache.Cli (339ms)
2026-09-08T05:36:44.7219973Z ✔ [4/11] Built Cache.Lean (393ms)
2026-09-08T05:36:45.1225184Z ✔ [6/26] Built Cache.Infra (417ms)
2026-09-08T05:36:45.2226117Z ✔ [7/26] Built Cache.Cli:c.o (134ms)
2026-09-08T05:36:45.3228313Z ✔ [8/26] Built Batteries.Tactic.OpenPrivate (985ms)
2026-09-08T05:36:45.4230405Z ✔ [9/26] Built Cache.Lean:c.o (143ms)
2026-09-08T05:36:45.5232727Z ✔ [10/26] Built Cache.Infra:c.o (198ms)
2026-09-08T05:36:46.6269792Z ✔ [11/26] Built Batteries.Tactic.OpenPrivate:c.o (1.2s)
2026-09-08T05:36:46.9272985Z ✔ [12/26] Built Cache.IO (1.4s)
2026-09-08T05:36:47.7288150Z ✔ [13/26] Built Cache.Hashing (822ms)
2026-09-08T05:36:48.1303422Z ✔ [14/26] Built Cache.Hashing:c.o (408ms)
2026-09-08T05:36:48.4297137Z ✔ [15/26] Built Cache.IO:c.o (1.5s)
2026-09-08T05:36:50.0305824Z ✔ [16/26] Built Cache.Requests (1.9s)
2026-09-08T05:36:50.6312940Z ✔ [17/26] Built Cache.Marker (632ms)
2026-09-08T05:36:50.7314694Z ✔ [18/26] Built Cache.Marker:c.o (109ms)
2026-09-08T05:36:51.5346129Z ✔ [19/26] Built Cache.Query (783ms)
2026-09-08T05:36:51.8350469Z ✔ [20/26] Built Cache.Query:c.o (284ms)
2026-09-08T05:36:52.5348541Z ✔ [21/26] Built Cache.Warning (750ms)
2026-09-08T05:36:52.8356703Z ✔ [22/26] Built Cache.Warning:c.o (250ms)
2026-09-08T05:36:52.9360851Z ✔ [23/26] Built Cache.Requests:c.o (2.9s)
2026-09-08T05:36:54.0375118Z ✔ [24/26] Built Cache.Main (1.2s)
2026-09-08T05:36:54.9385381Z ✔ [25/26] Built Cache.Main:c.o (876ms)
2026-09-08T05:36:55.6393227Z ✔ [26/26] Built cache:exe (759ms)
2026-09-08T05:36:58.8621406Z Current branch: HEAD
2026-09-08T05:36:58.8622137Z Using cache from origin: (some leanprover-community/mathlib4)
2026-09-08T05:36:58.8623266Z Attempting to download 8690 file(s) from leanprover-community/mathlib4 cache at https://lakecache.blob.core.windows.net/mathlib4-master
2026-09-08T05:37:00.0332893Z 
2026-09-08T05:37:00.1363187Z Downloaded: 1 file(s) [attempted 1/8690 = 0%, 16 KB/s], Decompressed: 0
2026-09-08T05:37:00.2344653Z Downloaded: 99 file(s) [attempted 99/8690 = 1%, 1052 KB/s], Decompressed: 15
2026-09-08T05:37:00.3353181Z Downloaded: 229 file(s) [attempted 229/8690 = 2%, 1199 KB/s], Decompressed: 46
2026-09-08T05:37:00.4363520Z Downloaded: 367 file(s) [attempted 367/8690 = 4%, 622 KB/s], Decompressed: 46
2026-09-08T05:37:00.5354936Z Downloaded: 506 file(s) [attempted 506/8690 = 5%, 795 KB/s], Decompressed: 46
2026-09-08T05:37:00.6376142Z Downloaded: 657 file(s) [attempted 657/8690 = 7%, 975 KB/s], Decompressed: 150
2026-09-08T05:37:00.7380029Z Downloaded: 807 file(s) [attempted 807/8690 = 9%, 1490 KB/s], Decompressed: 150
2026-09-08T05:37:00.8393235Z Downloaded: 959 file(s) [attempted 959/8690 = 11%, 138 KB/s], Decompressed: 150
2026-09-08T05:37:00.9375084Z Downloaded: 1114 file(s) [attempted 1114/8690 = 12%, 1305 KB/s], Decompressed: 150
2026-09-08T05:37:01.0415988Z Downloaded: 1259 file(s) [attempted 1259/8690 = 14%, 649 KB/s], Decompressed: 150
2026-09-08T05:37:01.1436880Z Downloaded: 1403 file(s) [attempted 1403/8690 = 16%, 526 KB/s], Decompressed: 150
2026-09-08T05:37:01.2608690Z Downloaded: 1562 file(s) [attempted 1562/8690 = 17%, 917 KB/s], Decompressed: 150
2026-09-08T05:37:01.3600636Z Downloaded: 1694 file(s) [attempted 1694/8690 = 19%, 396 KB/s], Decompressed: 150
2026-09-08T05:37:01.4664075Z Downloaded: 1850 file(s) [attempted 1850/8690 = 21%, 883 KB/s], Decompressed: 150
2026-09-08T05:37:01.5658565Z Downloaded: 1999 file(s) [attempted 1999/8690 = 23%, 3255 KB/s], Decompressed: 150
2026-09-08T05:37:01.6699947Z Downloaded: 2107 file(s) [attempted 2107/8690 = 24%, 7691 KB/s], Decompressed: 150
2026-09-08T05:37:01.7707015Z Downloaded: 2260 file(s) [attempted 2260/8690 = 26%, 1585 KB/s], Decompressed: 150
2026-09-08T05:37:01.8695964Z Downloaded: 2407 file(s) [attempted 2407/8690 = 27%, 296 KB/s], Decompressed: 150
2026-09-08T05:37:01.9703437Z Downloaded: 2530 file(s) [attempted 2530/8690 = 29%, 667 KB/s], Decompressed: 150
2026-09-08T05:37:02.0703667Z Downloaded: 2669 file(s) [attempted 2669/8690 = 30%, 1182 KB/s], Decompressed: 150
2026-09-08T05:37:02.1713642Z Downloaded: 2800 file(s) [attempted 2800/8690 = 32%, 737 KB/s], Decompressed: 150
2026-09-08T05:37:02.2727840Z Downloaded: 2935 file(s) [attempted 2935/8690 = 33%, 2111 KB/s], Decompressed: 150
2026-09-08T05:37:02.3739923Z Downloaded: 3070 file(s) [attempted 3070/8690 = 35%, 959 KB/s], Decompressed: 150
2026-09-08T05:37:02.4763779Z Downloaded: 3214 file(s) [attempted 3214/8690 = 36%, 1168 KB/s], Decompressed: 150
2026-09-08T05:37:02.5804146Z Downloaded: 3354 file(s) [attempted 3354/8690 = 38%, 2145 KB/s], Decompressed: 150
2026-09-08T05:37:02.6853232Z Downloaded: 3510 file(s) [attempted 3510/8690 = 40%, 200 KB/s], Decompressed: 646
2026-09-08T05:37:02.7883346Z Downloaded: 3671 file(s) [attempted 3671/8690 = 42%, 501 KB/s], Decompressed: 646
2026-09-08T05:37:02.8944193Z Downloaded: 3783 file(s) [attempted 3783/8690 = 43%, 3001 KB/s], Decompressed: 646
2026-09-08T05:37:03.0007253Z Downloaded: 3904 file(s) [attempted 3904/8690 = 44%, 1069 KB/s], Decompressed: 646
2026-09-08T05:37:03.1073196Z Downloaded: 4004 file(s) [attempted 4004/8690 = 46%, 1049 KB/s], Decompressed: 646
2026-09-08T05:37:03.2073314Z Downloaded: 4116 file(s) [attempted 4116/8690 = 47%, 463 KB/s], Decompressed: 646
2026-09-08T05:37:03.3153234Z Downloaded: 4265 file(s) [attempted 4265/8690 = 49%, 2090 KB/s], Decompressed: 646
2026-09-08T05:37:03.4124563Z Downloaded: 4384 file(s) [attempted 4384/8690 = 50%, 749 KB/s], Decompressed: 646
2026-09-08T05:37:03.5193149Z Downloaded: 4535 file(s) [attempted 4535/8690 = 52%, 1421 KB/s], Decompressed: 646
2026-09-08T05:37:03.6243097Z Downloaded: 4672 file(s) [attempted 4672/8690 = 53%, 1389 KB/s], Decompressed: 646
2026-09-08T05:37:03.7225281Z Downloaded: 4803 file(s) [attempted 4803/8690 = 55%, 960 KB/s], Decompressed: 646
2026-09-08T05:37:03.8262123Z Downloaded: 4942 file(s) [attempted 4942/8690 = 56%, 786 KB/s], Decompressed: 646
2026-09-08T05:37:03.9303125Z Downloaded: 5059 file(s) [attempted 5059/8690 = 58%, 9732 KB/s], Decompressed: 646
2026-09-08T05:37:04.0293518Z Downloaded: 5208 file(s) [attempted 5208/8690 = 59%, 322 KB/s], Decompressed: 646
2026-09-08T05:37:04.1289313Z Downloaded: 5354 file(s) [attempted 5354/8690 = 61%, 432 KB/s], Decompressed: 646
2026-09-08T05:37:04.2283383Z Downloaded: 5503 file(s) [attempted 5503/8690 = 63%, 678 KB/s], Decompressed: 646
2026-09-08T05:37:04.3297056Z Downloaded: 5639 file(s) [attempted 5639/8690 = 64%, 2305 KB/s], Decompressed: 646
2026-09-08T05:37:04.4383233Z Downloaded: 5757 file(s) [attempted 5757/8690 = 66%, 2019 KB/s], Decompressed: 646
2026-09-08T05:37:04.5373669Z Downloaded: 5892 file(s) [attempted 5892/8690 = 67%, 207 KB/s], Decompressed: 646
2026-09-08T05:37:04.6389028Z Downloaded: 6034 file(s) [attempted 6034/8690 = 69%, 725 KB/s], Decompressed: 646
2026-09-08T05:37:04.7393952Z Downloaded: 6179 file(s) [attempted 6179/8690 = 71%, 648 KB/s], Decompressed: 646
2026-09-08T05:37:04.8481518Z Downloaded: 6337 file(s) [attempted 6337/8690 = 72%, 988 KB/s], Decompressed: 646
2026-09-08T05:37:04.9454119Z Downloaded: 6467 file(s) [attempted 6467/8690 = 74%, 815 KB/s], Decompressed: 646
2026-09-08T05:37:05.0514684Z Downloaded: 6585 file(s) [attempted 6585/8690 = 75%, 440 KB/s], Decompressed: 646
2026-09-08T05:37:05.1469443Z Downloaded: 6719 file(s) [attempted 6719/8690 = 77%, 277 KB/s], Decompressed: 646
2026-09-08T05:37:05.2489810Z Downloaded: 6831 file(s) [attempted 6831/8690 = 78%, 120 KB/s], Decompressed: 646
2026-09-08T05:37:05.3513479Z Downloaded: 6983 file(s) [attempted 6983/8690 = 80%, 269 KB/s], Decompressed: 646
2026-09-08T05:37:05.4512527Z Downloaded: 7133 file(s) [attempted 7133/8690 = 82%, 1240 KB/s], Decompressed: 646
2026-09-08T05:37:05.5522060Z Downloaded: 7261 file(s) [attempted 7261/8690 = 83%, 871 KB/s], Decompressed: 646
2026-09-08T05:37:05.6536151Z Downloaded: 7403 file(s) [attempted 7403/8690 = 85%, 1070 KB/s], Decompressed: 646
2026-09-08T05:37:05.7633143Z Downloaded: 7517 file(s) [attempted 7517/8690 = 86%, 709 KB/s], Decompressed: 646
2026-09-08T05:37:05.8645095Z Downloaded: 7645 file(s) [attempted 7645/8690 = 87%, 601 KB/s], Decompressed: 646
2026-09-08T05:37:05.9672220Z Downloaded: 7794 file(s) [attempted 7794/8690 = 89%, 603 KB/s], Decompressed: 646
2026-09-08T05:37:06.0692587Z Downloaded: 7943 file(s) [attempted 7943/8690 = 91%, 728 KB/s], Decompressed: 646
2026-09-08T05:37:06.1933001Z Downloaded: 8053 file(s) [attempted 8053/8690 = 92%, 1191 KB/s], Decompressed: 646
2026-09-08T05:37:06.3035005Z Downloaded: 8172 file(s) [attempted 8172/8690 = 94%, 518 KB/s], Decompressed: 646
2026-09-08T05:37:06.4005044Z Downloaded: 8272 file(s) [attempted 8272/8690 = 95%, 1719 KB/s], Decompressed: 646
2026-09-08T05:37:06.5011631Z Downloaded: 8416 file(s) [attempted 8416/8690 = 96%, 2163 KB/s], Decompressed: 646
2026-09-08T05:37:06.6015878Z Downloaded: 8546 file(s) [attempted 8546/8690 = 98%, 1386 KB/s], Decompressed: 646
2026-09-08T05:37:06.6705841Z Downloaded: 8679 file(s) [attempted 8679/8690 = 99%, 1935 KB/s], Decompressed: 646
2026-09-08T05:37:06.6712755Z Downloaded: 8690 file(s) [attempted 8690/8690 = 100%, 1935 KB/s], Decompressed: 646
2026-09-08T05:37:29.0095540Z Decompressed 8690 file(s)
2026-09-08T05:37:29.0096042Z Already decompressed 8690 file(s)
2026-09-08T05:37:29.1058794Z ##[group]Run leanprover/lean-action@50fcf42d2e460296f1a34b402e990d1b24f8b596
2026-09-08T05:37:29.1059236Z with:
2026-09-08T05:37:29.1059551Z   lake-package-directory: research/elemental_foundations/formal
2026-09-08T05:37:29.1059917Z   use-mathlib-cache: true
2026-09-08T05:37:29.1060150Z   build: true
2026-09-08T05:37:29.1060353Z   leanchecker: true
2026-09-08T05:37:29.1060592Z   leanchecker-args: ElementalFoundations
2026-09-08T05:37:29.1060869Z   axiom-audit: true
2026-09-08T05:37:29.1061149Z   axiom-audit-allow: propext,Classical.choice,Quot.sound
2026-09-08T05:37:29.1061479Z   auto-config: true
2026-09-08T05:37:29.1061679Z   test: default
2026-09-08T05:37:29.1062060Z   lint: default
2026-09-08T05:37:29.1062271Z   mk_all-check: false
2026-09-08T05:37:29.1062514Z   check-reservoir-eligibility: false
2026-09-08T05:37:29.1062784Z   lean4checker: false
2026-09-08T05:37:29.1062993Z   nanoda: false
2026-09-08T05:37:29.1063200Z   nanoda-allow-sorry: true
2026-09-08T05:37:29.1063496Z   use-github-cache: true
2026-09-08T05:37:29.1063755Z   reinstall-transient-toolchain: false
2026-09-08T05:37:29.1064022Z env:
2026-09-08T05:37:29.1064215Z   LEAN_NUM_THREADS: 2
2026-09-08T05:37:29.1064427Z ##[endgroup]
2026-09-08T05:37:29.1164177Z ##[start-action display=install elan;id=__leanprover_lean-action.__run]
2026-09-08T05:37:29.1191147Z ##[group]Run : Install Elan
2026-09-08T05:37:29.1191437Z [36;1m: Install Elan[0m
2026-09-08T05:37:29.1191901Z [36;1m${GITHUB_ACTION_PATH}/scripts/install_elan.sh[0m
2026-09-08T05:37:29.1260719Z shell: /usr/bin/bash --noprofile --norc -e -o pipefail {0}
2026-09-08T05:37:29.1261090Z env:
2026-09-08T05:37:29.1261298Z   LEAN_NUM_THREADS: 2
2026-09-08T05:37:29.1261520Z ##[endgroup]
2026-09-08T05:37:29.1359870Z ##[group]Elan Installation Output
2026-09-08T05:37:29.1766623Z info: downloading installer
2026-09-08T05:37:29.4456939Z Lean (version 4.33.0, x86_64-unknown-linux-gnu, commit d8b18978322de05a8f3dba51ef03cf5461676c17, Release)
2026-09-08T05:37:29.4937290Z Lake version 5.0.0-src+d8b1897 (Lean version 4.33.0)
2026-09-08T05:37:29.4987592Z ##[endgroup]
2026-09-08T05:37:29.4990517Z 
2026-09-08T05:37:29.5016096Z ##[end-action id=__leanprover_lean-action.__run;outcome=success;conclusion=success;duration_ms=385]
2026-09-08T05:37:29.5020598Z ##[start-action display=configure `lean-action`;id=__leanprover_lean-action.config]
2026-09-08T05:37:29.5037717Z ##[group]Run : Configure Lean Action
2026-09-08T05:37:29.5038042Z [36;1m: Configure Lean Action[0m
2026-09-08T05:37:29.5038339Z [36;1m${GITHUB_ACTION_PATH}/scripts/config.sh[0m
2026-09-08T05:37:29.5078678Z shell: /usr/bin/bash --noprofile --norc -e -o pipefail {0}
2026-09-08T05:37:29.5079037Z env:
2026-09-08T05:37:29.5079239Z   LEAN_NUM_THREADS: 2
2026-09-08T05:37:29.5079655Z   AUTO_CONFIG: true
2026-09-08T05:37:29.5079864Z   BUILD: true
2026-09-08T05:37:29.5080061Z   TEST: default
2026-09-08T05:37:29.5080267Z   LINT: default
2026-09-08T05:37:29.5080468Z ##[endgroup]
2026-09-08T05:37:29.5164138Z ##[group]Configure lean-action
2026-09-08T05:37:29.5190806Z build: true -> will run lake build
2026-09-08T05:37:29.5191878Z auto-config: true
2026-09-08T05:37:29.5192207Z     -> will run lake build
2026-09-08T05:37:29.5652494Z lake check-test failed -> will not run lake test
2026-09-08T05:37:29.6092509Z lake check-lint failed -> will not run lake lint
2026-09-08T05:37:29.6124063Z ##[end-action id=__leanprover_lean-action.config;outcome=success;conclusion=success;duration_ms=110]
2026-09-08T05:37:29.6129403Z ##[start-action display=reinstall transient toolchain;id=__leanprover_lean-action.__run_2]
2026-09-08T05:37:29.6148281Z ##[end-action id=__leanprover_lean-action.__run_2;outcome=skipped;conclusion=skipped;duration_ms=0]
2026-09-08T05:37:29.6151071Z ##[start-action display=ensure all files are imported;id=__leanprover_lean-action.mk_all]
2026-09-08T05:37:29.6155436Z ##[end-action id=__leanprover_lean-action.mk_all;outcome=skipped;conclusion=skipped;duration_ms=0]
2026-09-08T05:37:29.6157710Z ##[start-action display=Run actions/cache/restore@v5;id=__leanprover_lean-action.__actions_cache]
2026-09-08T05:37:29.8479311Z ##[group]Run actions/cache/restore@v5
2026-09-08T05:37:29.8479608Z with:
2026-09-08T05:37:29.8479868Z   path: research/elemental_foundations/formal/.lake
2026-09-08T05:37:29.8480856Z   key: lake-Linux-X64-a4f1c540c0851e641d87133aa9cd01066f797f32d242b983c6f78fe58dcaaa8a-8ca2fbcdcb98b77b0ad1787824240c7a74f7ad93f7c519eda58f298f28a440a9-3eb373797a26f67eccb0ac0b95358d6cac2f39a7
2026-09-08T05:37:29.8482610Z   restore-keys: lake-Linux-X64-a4f1c540c0851e641d87133aa9cd01066f797f32d242b983c6f78fe58dcaaa8a-8ca2fbcdcb98b77b0ad1787824240c7a74f7ad93f7c519eda58f298f28a440a9
2026-09-08T05:37:29.8483389Z   enableCrossOsArchive: false
2026-09-08T05:37:29.8483653Z   fail-on-cache-miss: false
2026-09-08T05:37:29.8483917Z   lookup-only: false
2026-09-08T05:37:29.8484132Z env:
2026-09-08T05:37:29.8484326Z   LEAN_NUM_THREADS: 2
2026-09-08T05:37:29.8484542Z ##[endgroup]
2026-09-08T05:37:30.0404008Z Cache not found for input keys: lake-Linux-X64-a4f1c540c0851e641d87133aa9cd01066f797f32d242b983c6f78fe58dcaaa8a-8ca2fbcdcb98b77b0ad1787824240c7a74f7ad93f7c519eda58f298f28a440a9-3eb373797a26f67eccb0ac0b95358d6cac2f39a7, lake-Linux-X64-a4f1c540c0851e641d87133aa9cd01066f797f32d242b983c6f78fe58dcaaa8a-8ca2fbcdcb98b77b0ad1787824240c7a74f7ad93f7c519eda58f298f28a440a9
2026-09-08T05:37:30.0490152Z ##[end-action id=__leanprover_lean-action.__actions_cache;outcome=success;conclusion=success;duration_ms=433]
2026-09-08T05:37:30.0494410Z ##[start-action display=detect mathlib;id=__leanprover_lean-action.detect-mathlib]
2026-09-08T05:37:30.0502113Z ##[end-action id=__leanprover_lean-action.detect-mathlib;outcome=skipped;conclusion=skipped;duration_ms=0]
2026-09-08T05:37:30.0505073Z ##[start-action display=get mathlib cache;id=__leanprover_lean-action.__run_3]
2026-09-08T05:37:30.0561912Z ##[group]Run : Get Mathlib Cache
2026-09-08T05:37:30.0562240Z [36;1m: Get Mathlib Cache[0m
2026-09-08T05:37:30.0562506Z [36;1mecho "::group::Mathlib Cache"[0m
2026-09-08T05:37:30.0562802Z [36;1mlake exe cache get[0m
2026-09-08T05:37:30.0563047Z [36;1mecho "::endgroup::"[0m
2026-09-08T05:37:30.0563292Z [36;1mecho[0m
2026-09-08T05:37:30.0603490Z shell: /usr/bin/bash --noprofile --norc -e -o pipefail {0}
2026-09-08T05:37:30.0603852Z env:
2026-09-08T05:37:30.0604058Z   LEAN_NUM_THREADS: 2
2026-09-08T05:37:30.0604278Z ##[endgroup]
2026-09-08T05:37:30.0668351Z ##[group]Mathlib Cache
2026-09-08T05:37:35.7975355Z Current branch: HEAD
2026-09-08T05:37:35.7975940Z Using cache from origin: (some leanprover-community/mathlib4)
2026-09-08T05:37:35.7976508Z No files to download
2026-09-08T05:37:35.7976872Z Already decompressed 8690 file(s)
2026-09-08T05:37:35.8383612Z ##[endgroup]
2026-09-08T05:37:35.8384011Z 
2026-09-08T05:37:35.8393487Z ##[end-action id=__leanprover_lean-action.__run_3;outcome=success;conclusion=success;duration_ms=5788]
2026-09-08T05:37:35.8407203Z ##[start-action display=build dicipler-pixel/operator-first;id=__leanprover_lean-action.build]
2026-09-08T05:37:35.8427061Z ##[group]Run : Lake Build
2026-09-08T05:37:35.8427357Z [36;1m: Lake Build[0m
2026-09-08T05:37:35.8427620Z [36;1m${GITHUB_ACTION_PATH}/scripts/lake_build.sh[0m
2026-09-08T05:37:35.8467908Z shell: /usr/bin/bash --noprofile --norc -e -o pipefail {0}
2026-09-08T05:37:35.8468259Z env:
2026-09-08T05:37:35.8468461Z   LEAN_NUM_THREADS: 2
2026-09-08T05:37:35.8468685Z   BUILD_ARGS: 
2026-09-08T05:37:35.8468897Z ##[endgroup]
2026-09-08T05:37:35.8559933Z ##[group]Lake Build Output
2026-09-08T05:37:46.0173292Z ℹ [8706/8707] Built ElementalFoundations (5.4s)
2026-09-08T05:37:46.0174196Z info: ElementalFoundations.lean:127:0: 'ElementalFoundations.cross_expansion' depends on axioms: [propext]
2026-09-08T05:37:46.0175277Z info: ElementalFoundations.lean:128:0: 'ElementalFoundations.cross_commutator' depends on axioms: [propext]
2026-09-08T05:37:46.0176433Z info: ElementalFoundations.lean:129:0: 'ElementalFoundations.cross_zero_iff_commutes' depends on axioms: [propext]
2026-09-08T05:37:46.0178041Z info: ElementalFoundations.lean:130:0: 'ElementalFoundations.centered_characteristic' depends on axioms: [propext, Classical.choice, Quot.sound]
2026-09-08T05:37:46.0179008Z info: ElementalFoundations.lean:131:0: 'ElementalFoundations.denominator_positive' depends on axioms: [propext, Classical.choice, Quot.sound]
2026-09-08T05:37:46.0180031Z info: ElementalFoundations.lean:132:0: 'ElementalFoundations.denominator_expansion' depends on axioms: [propext, Classical.choice, Quot.sound]
2026-09-08T05:37:46.0180940Z info: ElementalFoundations.lean:133:0: 'ElementalFoundations.mirror_transmission' depends on axioms: [propext, Classical.choice, Quot.sound]
2026-09-08T05:37:46.0182010Z info: ElementalFoundations.lean:134:0: 'ElementalFoundations.initial_plus' depends on axioms: [propext, Classical.choice, Quot.sound]
2026-09-08T05:37:46.0183009Z info: ElementalFoundations.lean:135:0: 'ElementalFoundations.initial_minus' depends on axioms: [propext, Classical.choice, Quot.sound]
2026-09-08T05:37:46.0184582Z info: ElementalFoundations.lean:136:0: 'ElementalFoundations.isolated_optical_equal' depends on axioms: [propext, Classical.choice, Quot.sound]
2026-09-08T05:37:46.0186122Z info: ElementalFoundations.lean:137:0: 'ElementalFoundations.plus_later' depends on axioms: [propext, Classical.choice, Quot.sound]
2026-09-08T05:37:46.0187437Z info: ElementalFoundations.lean:138:0: 'ElementalFoundations.minus_later' depends on axioms: [propext, Classical.choice, Quot.sound]
2026-09-08T05:37:46.0188962Z info: ElementalFoundations.lean:139:0: 'ElementalFoundations.later_distinct' depends on axioms: [propext, Classical.choice, Quot.sound]
2026-09-08T05:37:46.0189897Z info: ElementalFoundations.lean:140:0: 'ElementalFoundations.plus_first_order_remainder' depends on axioms: [propext, Classical.choice, Quot.sound]
2026-09-08T05:37:46.0190871Z info: ElementalFoundations.lean:141:0: 'ElementalFoundations.minus_first_order_remainder' depends on axioms: [propext, Classical.choice, Quot.sound]
2026-09-08T05:37:46.0192094Z info: ElementalFoundations.lean:142:0: 'ElementalFoundations.no_conductance_only_predictor' depends on axioms: [propext, Classical.choice, Quot.sound]
2026-09-08T05:37:46.0608742Z Build completed successfully (8707 jobs).
2026-09-08T05:37:46.1024325Z ##[endgroup]
2026-09-08T05:37:46.1024493Z 
2026-09-08T05:37:46.1036088Z ##[end-action id=__leanprover_lean-action.build;outcome=success;conclusion=success;duration_ms=10262]
2026-09-08T05:37:46.1038655Z ##[start-action display=Run actions/cache/save@v5;id=__leanprover_lean-action.__actions_cache_2]
2026-09-08T05:37:46.3184010Z ##[group]Run actions/cache/save@v5
2026-09-08T05:37:46.3184414Z with:
2026-09-08T05:37:46.3184804Z   path: research/elemental_foundations/formal/.lake
2026-09-08T05:37:46.3186007Z   key: lake-Linux-X64-a4f1c540c0851e641d87133aa9cd01066f797f32d242b983c6f78fe58dcaaa8a-8ca2fbcdcb98b77b0ad1787824240c7a74f7ad93f7c519eda58f298f28a440a9-3eb373797a26f67eccb0ac0b95358d6cac2f39a7
2026-09-08T05:37:46.3187518Z   enableCrossOsArchive: false
2026-09-08T05:37:46.3187900Z env:
2026-09-08T05:37:46.3188276Z   LEAN_NUM_THREADS: 2
2026-09-08T05:37:46.3188693Z ##[endgroup]
2026-09-08T05:37:46.4716767Z [command]/usr/bin/tar --posix -cf cache.tzst --exclude cache.tzst -P -C /home/runner/work/operator-first/operator-first --files-from manifest.txt --use-compress-program zstdmt
2026-09-08T05:38:07.1603248Z Sent 268435456 of 2516601255 (10.7%), 256.0 MBs/sec
2026-09-08T05:38:08.1597282Z Sent 872415232 of 2516601255 (34.7%), 416.0 MBs/sec
2026-09-08T05:38:09.1611365Z Sent 1342177280 of 2516601255 (53.3%), 426.5 MBs/sec
2026-09-08T05:38:10.1616536Z Sent 1879048192 of 2516601255 (74.7%), 447.8 MBs/sec
2026-09-08T05:38:11.1677289Z Sent 2382383527 of 2516601255 (94.7%), 453.9 MBs/sec
2026-09-08T05:38:12.0518708Z Sent 2516601255 of 2516601255 (100.0%), 407.3 MBs/sec
2026-09-08T05:38:12.3492428Z Cache saved with key: lake-Linux-X64-a4f1c540c0851e641d87133aa9cd01066f797f32d242b983c6f78fe58dcaaa8a-8ca2fbcdcb98b77b0ad1787824240c7a74f7ad93f7c519eda58f298f28a440a9-3eb373797a26f67eccb0ac0b95358d6cac2f39a7
2026-09-08T05:38:12.3593275Z ##[end-action id=__leanprover_lean-action.__actions_cache_2;outcome=success;conclusion=success;duration_ms=26255]
2026-09-08T05:38:12.3598685Z ##[start-action display=test dicipler-pixel/operator-first;id=__leanprover_lean-action.test]
2026-09-08T05:38:12.3604218Z ##[end-action id=__leanprover_lean-action.test;outcome=skipped;conclusion=skipped;duration_ms=0]
2026-09-08T05:38:12.3607018Z ##[start-action display=lint dicipler-pixel/operator-first;id=__leanprover_lean-action.lint]
2026-09-08T05:38:12.3617421Z ##[end-action id=__leanprover_lean-action.lint;outcome=skipped;conclusion=skipped;duration_ms=0]
2026-09-08T05:38:12.3619585Z ##[start-action display=check reservoir eligibility;id=__leanprover_lean-action.__run_4]
2026-09-08T05:38:12.3623673Z ##[end-action id=__leanprover_lean-action.__run_4;outcome=skipped;conclusion=skipped;duration_ms=0]
2026-09-08T05:38:12.3626255Z ##[start-action display=check environment with leanchecker;id=__leanprover_lean-action.__run_5]
2026-09-08T05:38:12.3647819Z ##[group]Run : Check Environment with leanchecker
2026-09-08T05:38:12.3648220Z [36;1m: Check Environment with leanchecker[0m
2026-09-08T05:38:12.3648594Z [36;1m${GITHUB_ACTION_PATH}/scripts/run_leanchecker.sh[0m
2026-09-08T05:38:12.3690668Z shell: /usr/bin/bash --noprofile --norc -e -o pipefail {0}
2026-09-08T05:38:12.3691025Z env:
2026-09-08T05:38:12.3691235Z   LEAN_NUM_THREADS: 2
2026-09-08T05:38:12.3691477Z   LEANCHECKER_INPUT: true
2026-09-08T05:38:12.3691973Z   LEAN4CHECKER_INPUT: false
2026-09-08T05:38:12.3692367Z   LEANCHECKER_ARGS: ElementalFoundations
2026-09-08T05:38:12.3692661Z ##[endgroup]
2026-09-08T05:38:12.3783718Z ##[group]leanchecker Output
2026-09-08T05:38:12.3784170Z Checking environment with leanchecker
2026-09-08T05:38:12.3817282Z Using bundled leanchecker from the active Lean toolchain
2026-09-08T05:38:25.7466954Z ##[endgroup]
2026-09-08T05:38:25.7467189Z 
2026-09-08T05:38:25.7479524Z ##[end-action id=__leanprover_lean-action.__run_5;outcome=success;conclusion=success;duration_ms=13385]
2026-09-08T05:38:25.7484318Z ##[start-action display=check environment with nanoda;id=__leanprover_lean-action.nanoda]
2026-09-08T05:38:25.7488844Z ##[end-action id=__leanprover_lean-action.nanoda;outcome=skipped;conclusion=skipped;duration_ms=0]
2026-09-08T05:38:25.7491510Z ##[start-action display=audit axioms with axiom-audit;id=__leanprover_lean-action.axiom-audit]
2026-09-08T05:38:25.7509156Z ##[group]Run : Audit axioms with axiom-audit
2026-09-08T05:38:25.7509530Z [36;1m: Audit axioms with axiom-audit[0m
2026-09-08T05:38:25.7509874Z [36;1m${GITHUB_ACTION_PATH}/scripts/run_axiom_audit.sh[0m
2026-09-08T05:38:25.7551448Z shell: /usr/bin/bash --noprofile --norc -e -o pipefail {0}
2026-09-08T05:38:25.7552008Z env:
2026-09-08T05:38:25.7552446Z   LEAN_NUM_THREADS: 2
2026-09-08T05:38:25.7552754Z   AXIOM_AUDIT_ALLOW: propext,Classical.choice,Quot.sound
2026-09-08T05:38:25.7553097Z   AXIOM_AUDIT_ROOT: 
2026-09-08T05:38:25.7553326Z ##[endgroup]
2026-09-08T05:38:25.7645884Z ##[group]axiom-audit Output
2026-09-08T05:38:25.7646417Z Auditing axioms with leanprover-community/axiom-audit
2026-09-08T05:38:25.7662645Z Building the project...
2026-09-08T05:38:30.2248464Z ℹ [8706/8707] Replayed ElementalFoundations
2026-09-08T05:38:30.2249135Z info: ElementalFoundations.lean:127:0: 'ElementalFoundations.cross_expansion' depends on axioms: [propext]
2026-09-08T05:38:30.2249900Z info: ElementalFoundations.lean:128:0: 'ElementalFoundations.cross_commutator' depends on axioms: [propext]
2026-09-08T05:38:30.2250647Z info: ElementalFoundations.lean:129:0: 'ElementalFoundations.cross_zero_iff_commutes' depends on axioms: [propext]
2026-09-08T05:38:30.2251526Z info: ElementalFoundations.lean:130:0: 'ElementalFoundations.centered_characteristic' depends on axioms: [propext, Classical.choice, Quot.sound]
2026-09-08T05:38:30.2252877Z info: ElementalFoundations.lean:131:0: 'ElementalFoundations.denominator_positive' depends on axioms: [propext, Classical.choice, Quot.sound]
2026-09-08T05:38:30.2254272Z info: ElementalFoundations.lean:132:0: 'ElementalFoundations.denominator_expansion' depends on axioms: [propext, Classical.choice, Quot.sound]
2026-09-08T05:38:30.2255291Z info: ElementalFoundations.lean:133:0: 'ElementalFoundations.mirror_transmission' depends on axioms: [propext, Classical.choice, Quot.sound]
2026-09-08T05:38:30.2256826Z info: ElementalFoundations.lean:134:0: 'ElementalFoundations.initial_plus' depends on axioms: [propext, Classical.choice, Quot.sound]
2026-09-08T05:38:30.2258172Z info: ElementalFoundations.lean:135:0: 'ElementalFoundations.initial_minus' depends on axioms: [propext, Classical.choice, Quot.sound]
2026-09-08T05:38:30.2259415Z info: ElementalFoundations.lean:136:0: 'ElementalFoundations.isolated_optical_equal' depends on axioms: [propext, Classical.choice, Quot.sound]
2026-09-08T05:38:30.2260656Z info: ElementalFoundations.lean:137:0: 'ElementalFoundations.plus_later' depends on axioms: [propext, Classical.choice, Quot.sound]
2026-09-08T05:38:30.2262004Z info: ElementalFoundations.lean:138:0: 'ElementalFoundations.minus_later' depends on axioms: [propext, Classical.choice, Quot.sound]
2026-09-08T05:38:30.2263218Z info: ElementalFoundations.lean:139:0: 'ElementalFoundations.later_distinct' depends on axioms: [propext, Classical.choice, Quot.sound]
2026-09-08T05:38:30.2264489Z info: ElementalFoundations.lean:140:0: 'ElementalFoundations.plus_first_order_remainder' depends on axioms: [propext, Classical.choice, Quot.sound]
2026-09-08T05:38:30.2265802Z info: ElementalFoundations.lean:141:0: 'ElementalFoundations.minus_first_order_remainder' depends on axioms: [propext, Classical.choice, Quot.sound]
2026-09-08T05:38:30.2267140Z info: ElementalFoundations.lean:142:0: 'ElementalFoundations.no_conductance_only_predictor' depends on axioms: [propext, Classical.choice, Quot.sound]
2026-09-08T05:38:30.2659509Z Build completed successfully (8707 jobs).
2026-09-08T05:38:30.3072457Z Fetching axiom-audit @ v0.1.2 (46024e005996495c65ef609368e11ab39c4222e3)...
2026-09-08T05:38:30.3088676Z Cloning into '/home/runner/work/_temp/axiom-audit.7LMDwB/axiom-audit'...
2026-09-08T05:38:30.5472190Z Note: switching to '46024e005996495c65ef609368e11ab39c4222e3'.
2026-09-08T05:38:30.5472672Z 
2026-09-08T05:38:30.5472993Z You are in 'detached HEAD' state. You can look around, make experimental
2026-09-08T05:38:30.5473735Z changes and commit them, and you can discard any commits you make in this
2026-09-08T05:38:30.5474521Z state without impacting any branches by switching back to a branch.
2026-09-08T05:38:30.5474987Z 
2026-09-08T05:38:30.5475193Z If you want to create a new branch to retain commits you create, you may
2026-09-08T05:38:30.5475651Z do so (now or later) by using -c with the switch command. Example:
2026-09-08T05:38:30.5475906Z 
2026-09-08T05:38:30.5476023Z   git switch -c <new-branch-name>
2026-09-08T05:38:30.5476494Z 
2026-09-08T05:38:30.5476602Z Or undo this operation with:
2026-09-08T05:38:30.5476766Z 
2026-09-08T05:38:30.5476857Z   git switch -
2026-09-08T05:38:30.5476991Z 
2026-09-08T05:38:30.5477224Z Turn off this advice by setting config variable advice.detachedHead to false
2026-09-08T05:38:30.5477555Z 
2026-09-08T05:38:32.7957219Z ✔ [2/6] Built AxiomAudit (2.1s)
2026-09-08T05:38:33.3964851Z ✔ [3/6] Built AxiomAudit:c.o (611ms)
2026-09-08T05:38:33.7969010Z ✔ [4/6] Built Main (1.1s)
2026-09-08T05:38:34.0971955Z ✔ [5/6] Built Main:c.o (322ms)
2026-09-08T05:38:35.1006184Z ✔ [6/6] Built «axiom-audit»:exe (1.0s)
2026-09-08T05:38:35.1010784Z Build completed successfully (6 jobs).
2026-09-08T05:38:40.4751664Z axiom-audit: audited 30 declaration(s) under 'ElementalFoundations'; all within the allowlist [propext, Classical.choice, Quot.sound].
2026-09-08T05:38:40.5173566Z axiom-audit completed successfully
2026-09-08T05:38:40.5174499Z ##[endgroup]
2026-09-08T05:38:40.5247934Z ##[end-action id=__leanprover_lean-action.axiom-audit;outcome=success;conclusion=success;duration_ms=14775]
2026-09-08T05:38:40.5322808Z ##[group]Run if lake env lean FalseControl.lean > false-control.log 2>&1; then
2026-09-08T05:38:40.5323737Z [36;1mif lake env lean FalseControl.lean > false-control.log 2>&1; then[0m
2026-09-08T05:38:40.5324393Z [36;1m  cat false-control.log[0m
2026-09-08T05:38:40.5324808Z [36;1m  exit 1[0m
2026-09-08T05:38:40.5325126Z [36;1mfi[0m
2026-09-08T05:38:40.5325521Z [36;1mgrep -q 'unsolved goals' false-control.log[0m
2026-09-08T05:38:40.5376304Z shell: /usr/bin/bash -e {0}
2026-09-08T05:38:40.5376708Z env:
2026-09-08T05:38:40.5377018Z   LEAN_NUM_THREADS: 2
2026-09-08T05:38:40.5377369Z ##[endgroup]
2026-09-08T05:38:46.0534861Z Node 20 is being deprecated. This workflow is running with Node 24 by default. If you need to temporarily use Node 20, you can set the ACTIONS_ALLOW_USE_UNSECURE_NODE_VERSION=true environment variable. For more information see: https://github.blog/changelog/2025-09-19-deprecation-of-node-20-on-github-actions-runners/
2026-09-08T05:38:46.0536157Z ##[group]Run actions/upload-artifact@v4
2026-09-08T05:38:46.0536440Z with:
2026-09-08T05:38:46.0536689Z   name: elemental-foundations-formal-evidence
2026-09-08T05:38:46.0537309Z   path: research/elemental_foundations/formal/lake-manifest.json
research/elemental_foundations/formal/false-control.log

2026-09-08T05:38:46.0537880Z   if-no-files-found: warn
2026-09-08T05:38:46.0538133Z   compression-level: 6
2026-09-08T05:38:46.0538364Z   overwrite: false
2026-09-08T05:38:46.0538596Z   include-hidden-files: false
2026-09-08T05:38:46.0538850Z env:
2026-09-08T05:38:46.0539050Z   LEAN_NUM_THREADS: 2
2026-09-08T05:38:46.0539270Z ##[endgroup]
2026-09-08T05:38:46.2272127Z (node:3349) [DEP0040] DeprecationWarning: The `punycode` module is deprecated. Please use a userland alternative instead.
2026-09-08T05:38:46.2272870Z (Use `node --trace-deprecation ...` to show where the warning was created)
2026-09-08T05:38:46.2325403Z Multiple search paths detected. Calculating the least common ancestor of all paths
2026-09-08T05:38:46.2334546Z The least common ancestor is /home/runner/work/operator-first/operator-first/research/elemental_foundations/formal. This will be the root directory of the artifact
2026-09-08T05:38:46.2335888Z With the provided path, there will be 2 files uploaded
2026-09-08T05:38:46.2336718Z Artifact name is valid!
2026-09-08T05:38:46.2337113Z Root directory input is valid!
2026-09-08T05:38:46.4380874Z Beginning upload of artifact content to blob storage
2026-09-08T05:38:46.4605299Z (node:3349) [DEP0169] DeprecationWarning: `url.parse()` behavior is not standardized and prone to errors that have security implications. Use the WHATWG URL API instead. CVEs are not issued for `url.parse()` vulnerabilities.
2026-09-08T05:38:46.4967826Z Uploaded bytes 1029
2026-09-08T05:38:46.5109842Z Finished uploading artifact content to blob storage!
2026-09-08T05:38:46.5110822Z SHA256 digest of uploaded artifact zip is 30b536ad55c3630356466ad3e586b81e28747aab02a4718be148502434707192
2026-09-08T05:38:46.5112935Z Finalizing artifact upload
2026-09-08T05:38:46.6820810Z Artifact elemental-foundations-formal-evidence.zip successfully finalized. Artifact ID 10042326645
2026-09-08T05:38:46.6822113Z Artifact elemental-foundations-formal-evidence has been successfully uploaded! Final size is 1029 bytes. Artifact ID is 10042326645
2026-09-08T05:38:46.6829032Z Artifact download URL: https://github.com/dicipler-pixel/operator-first/actions/runs/34191153154/artifacts/10042326645
2026-09-08T05:38:46.7031675Z Node 20 is being deprecated. This workflow is running with Node 24 by default. If you need to temporarily use Node 20, you can set the ACTIONS_ALLOW_USE_UNSECURE_NODE_VERSION=true environment variable. For more information see: https://github.blog/changelog/2025-09-19-deprecation-of-node-20-on-github-actions-runners/
2026-09-08T05:38:46.7033135Z Post job cleanup.
2026-09-08T05:38:46.7912998Z [command]/usr/bin/git version
2026-09-08T05:38:46.7960136Z git version 2.55.0
2026-09-08T05:38:46.8003656Z Temporarily overriding HOME='/home/runner/work/_temp/b4d4cd11-65a9-4071-a90e-83423c5aa3a9' before making global git config changes
2026-09-08T05:38:46.8004814Z Adding repository directory to the temporary git global config as a safe directory
2026-09-08T05:38:46.8012845Z [command]/usr/bin/git config --global --add safe.directory /home/runner/work/operator-first/operator-first
2026-09-08T05:38:46.8057140Z [command]/usr/bin/git config --local --name-only --get-regexp core\.sshCommand
2026-09-08T05:38:46.8094829Z [command]/usr/bin/git submodule foreach --recursive sh -c "git config --local --name-only --get-regexp 'core\.sshCommand' && git config --local --unset-all 'core.sshCommand' || :"
2026-09-08T05:38:46.8390582Z [command]/usr/bin/git config --local --name-only --get-regexp http\.https\:\/\/github\.com\/\.extraheader
2026-09-08T05:38:46.8418642Z http.https://github.com/.extraheader
2026-09-08T05:38:46.8430684Z [command]/usr/bin/git config --local --unset-all http.https://github.com/.extraheader
2026-09-08T05:38:46.8467155Z [command]/usr/bin/git submodule foreach --recursive sh -c "git config --local --name-only --get-regexp 'http\.https\:\/\/github\.com\/\.extraheader' && git config --local --unset-all 'http.https://github.com/.extraheader' || :"
2026-09-08T05:38:46.8782064Z [command]/usr/bin/git config --local --name-only --get-regexp ^includeIf\.gitdir:
2026-09-08T05:38:46.8823314Z [command]/usr/bin/git submodule foreach --recursive git config --local --show-origin --name-only --get-regexp remote.origin.url
2026-09-08T05:38:46.9245445Z Cleaning up orphan processes
2026-09-08T05:38:46.9596083Z ##[warning]Node.js 20 is deprecated. The following actions target Node.js 20 but are being forced to run on Node.js 24: actions/checkout@v4, actions/upload-artifact@v4. For more information see: https://github.blog/changelog/2025-09-19-deprecation-of-node-20-on-github-actions-runners/

