2026-09-07T20:04:21.4723524Z Current runner version: '2.337.0'
2026-09-07T20:04:21.4751523Z ##[group]Runner Image Provisioner
2026-09-07T20:04:21.4752422Z Hosted Compute Agent
2026-09-07T20:04:21.4753044Z Version: 20260828.587
2026-09-07T20:04:21.4753870Z Commit: abac92662cab4cc7352de4f9f9d2e2419aad9c29
2026-09-07T20:04:21.4754683Z Build Date: 2026-08-28T16:44:25Z
2026-09-07T20:04:21.4755446Z Worker ID: {ef773707-5f7b-40c1-962c-ed0481221ad8}
2026-09-07T20:04:21.4756190Z Azure Region: eastus2
2026-09-07T20:04:21.4756777Z ##[endgroup]
2026-09-07T20:04:21.4758478Z ##[group]Operating System
2026-09-07T20:04:21.4759185Z Ubuntu
2026-09-07T20:04:21.4759958Z 24.04.4
2026-09-07T20:04:21.4760520Z LTS
2026-09-07T20:04:21.4761061Z ##[endgroup]
2026-09-07T20:04:21.4761837Z ##[group]Runner Image
2026-09-07T20:04:21.4762465Z Image: ubuntu-24.04
2026-09-07T20:04:21.4763088Z Version: 20260831.293.1
2026-09-07T20:04:21.4764415Z Included Software: https://github.com/actions/runner-images/blob/ubuntu24/20260831.293/images/ubuntu/Ubuntu2404-Readme.md
2026-09-07T20:04:21.4766131Z Image Release: https://github.com/actions/runner-images/releases/tag/ubuntu24%2F20260831.293
2026-09-07T20:04:21.4767164Z ##[endgroup]
2026-09-07T20:04:21.4768328Z ##[group]GITHUB_TOKEN Permissions
2026-09-07T20:04:21.4770795Z Contents: read
2026-09-07T20:04:21.4771483Z Metadata: read
2026-09-07T20:04:21.4772128Z ##[endgroup]
2026-09-07T20:04:21.4774995Z Secret source: Actions
2026-09-07T20:04:21.4776465Z Prepare workflow directory
2026-09-07T20:04:21.5186601Z Prepare all required actions
2026-09-07T20:04:21.5237148Z Getting action download info
2026-09-07T20:04:21.7416125Z Download action repository 'actions/checkout@11d5960a326750d5838078e36cf38b85af677262' (SHA:11d5960a326750d5838078e36cf38b85af677262)
2026-09-07T20:04:21.8495022Z Download action repository 'actions/cache@v4' (SHA:0057852bfaa89a56745cba8c7296529d2fc39830)
2026-09-07T20:04:21.9503162Z Download action repository 'actions/upload-artifact@v4' (SHA:ea165f8d65b6e75b540449e92b4886f43607fa02)
2026-09-07T20:04:22.1710009Z Complete job name: verify
2026-09-07T20:04:22.2493446Z Node 20 is being deprecated. This workflow is running with Node 24 by default. If you need to temporarily use Node 20, you can set the ACTIONS_ALLOW_USE_UNSECURE_NODE_VERSION=true environment variable. For more information see: https://github.blog/changelog/2025-09-19-deprecation-of-node-20-on-github-actions-runners/
2026-09-07T20:04:22.2503404Z ##[group]Run actions/checkout@11d5960a326750d5838078e36cf38b85af677262
2026-09-07T20:04:22.2504293Z with:
2026-09-07T20:04:22.2504834Z   ref: 4675da5baf7ca4d35d57fae1004fe63466a31b5b
2026-09-07T20:04:22.2505450Z   persist-credentials: false
2026-09-07T20:04:22.2506005Z   repository: dicipler-pixel/operator-first
2026-09-07T20:04:22.2510075Z   token: ***
2026-09-07T20:04:22.2510526Z   ssh-strict: true
2026-09-07T20:04:22.2510977Z   ssh-user: git
2026-09-07T20:04:22.2511414Z   clean: true
2026-09-07T20:04:22.2511873Z   sparse-checkout-cone-mode: true
2026-09-07T20:04:22.2512408Z   fetch-depth: 1
2026-09-07T20:04:22.2512928Z   fetch-tags: false
2026-09-07T20:04:22.2513381Z   show-progress: true
2026-09-07T20:04:22.2513837Z   lfs: false
2026-09-07T20:04:22.2514255Z   submodules: false
2026-09-07T20:04:22.2514715Z   set-safe-directory: true
2026-09-07T20:04:22.2515226Z   allow-unsafe-pr-checkout: false
2026-09-07T20:04:22.2515983Z env:
2026-09-07T20:04:22.2516390Z   LEAN_NUM_THREADS: 2
2026-09-07T20:04:22.2516852Z ##[endgroup]
2026-09-07T20:04:22.3570843Z Syncing repository: dicipler-pixel/operator-first
2026-09-07T20:04:22.3573818Z ##[group]Getting Git version info
2026-09-07T20:04:22.3575136Z Working directory is '/home/runner/work/operator-first/operator-first'
2026-09-07T20:04:22.3576929Z [command]/usr/bin/git version
2026-09-07T20:04:22.3647149Z git version 2.55.0
2026-09-07T20:04:22.3668747Z ##[endgroup]
2026-09-07T20:04:22.3685664Z Temporarily overriding HOME='/home/runner/work/_temp/74636401-f582-4518-ba8d-7b508cbb09ac' before making global git config changes
2026-09-07T20:04:22.3687967Z Adding repository directory to the temporary git global config as a safe directory
2026-09-07T20:04:22.3692868Z [command]/usr/bin/git config --global --add safe.directory /home/runner/work/operator-first/operator-first
2026-09-07T20:04:22.3746040Z Deleting the contents of '/home/runner/work/operator-first/operator-first'
2026-09-07T20:04:22.3752950Z ##[group]Initializing the repository
2026-09-07T20:04:22.3758345Z [command]/usr/bin/git init /home/runner/work/operator-first/operator-first
2026-09-07T20:04:22.3857896Z hint: Using 'master' as the name for the initial branch. This default branch name
2026-09-07T20:04:22.3860369Z hint: will change to "main" in Git 3.0. To configure the initial branch name
2026-09-07T20:04:22.3862253Z hint: to use in all of your new repositories, which will suppress this warning,
2026-09-07T20:04:22.3863722Z hint: call:
2026-09-07T20:04:22.3864552Z hint:
2026-09-07T20:04:22.3865654Z hint: 	git config --global init.defaultBranch <name>
2026-09-07T20:04:22.3866891Z hint:
2026-09-07T20:04:22.3868165Z hint: Names commonly chosen instead of 'master' are 'main', 'trunk' and
2026-09-07T20:04:22.3870225Z hint: 'development'. The just-created branch can be renamed via this command:
2026-09-07T20:04:22.3871813Z hint:
2026-09-07T20:04:22.3872727Z hint: 	git branch -m <name>
2026-09-07T20:04:22.3873723Z hint:
2026-09-07T20:04:22.3874886Z hint: Disable this message with "git config set advice.defaultBranchName false"
2026-09-07T20:04:22.3876930Z Initialized empty Git repository in /home/runner/work/operator-first/operator-first/.git/
2026-09-07T20:04:22.3881318Z [command]/usr/bin/git remote add origin https://github.com/dicipler-pixel/operator-first
2026-09-07T20:04:22.3929127Z ##[endgroup]
2026-09-07T20:04:22.3941370Z ##[group]Disabling automatic garbage collection
2026-09-07T20:04:22.3942558Z [command]/usr/bin/git config --local gc.auto 0
2026-09-07T20:04:22.3972666Z ##[endgroup]
2026-09-07T20:04:22.3973743Z ##[group]Setting up auth
2026-09-07T20:04:22.3980089Z [command]/usr/bin/git config --local --name-only --get-regexp core\.sshCommand
2026-09-07T20:04:22.4016676Z [command]/usr/bin/git submodule foreach --recursive sh -c "git config --local --name-only --get-regexp 'core\.sshCommand' && git config --local --unset-all 'core.sshCommand' || :"
2026-09-07T20:04:22.4412571Z [command]/usr/bin/git config --local --name-only --get-regexp http\.https\:\/\/github\.com\/\.extraheader
2026-09-07T20:04:22.4463725Z [command]/usr/bin/git submodule foreach --recursive sh -c "git config --local --name-only --get-regexp 'http\.https\:\/\/github\.com\/\.extraheader' && git config --local --unset-all 'http.https://github.com/.extraheader' || :"
2026-09-07T20:04:22.4746539Z [command]/usr/bin/git config --local --name-only --get-regexp ^includeIf\.gitdir:
2026-09-07T20:04:22.4789718Z [command]/usr/bin/git submodule foreach --recursive git config --local --show-origin --name-only --get-regexp remote.origin.url
2026-09-07T20:04:22.5068834Z [command]/usr/bin/git config --local http.https://github.com/.extraheader AUTHORIZATION: basic ***
2026-09-07T20:04:22.5120687Z ##[endgroup]
2026-09-07T20:04:22.5121889Z ##[group]Fetching the repository
2026-09-07T20:04:22.5135863Z [command]/usr/bin/git -c protocol.version=2 fetch --no-tags --prune --no-recurse-submodules --depth=1 origin 4675da5baf7ca4d35d57fae1004fe63466a31b5b
2026-09-07T20:04:23.0172269Z From https://github.com/dicipler-pixel/operator-first
2026-09-07T20:04:23.0173674Z  * branch            4675da5baf7ca4d35d57fae1004fe63466a31b5b -> FETCH_HEAD
2026-09-07T20:04:23.0176462Z ##[endgroup]
2026-09-07T20:04:23.0177690Z ##[group]Determining the checkout info
2026-09-07T20:04:23.0179604Z ##[endgroup]
2026-09-07T20:04:23.0185353Z [command]/usr/bin/git sparse-checkout disable
2026-09-07T20:04:23.0238552Z [command]/usr/bin/git config --local --unset-all extensions.worktreeConfig
2026-09-07T20:04:23.0276702Z ##[group]Checking out the ref
2026-09-07T20:04:23.0280568Z [command]/usr/bin/git checkout --progress --force 4675da5baf7ca4d35d57fae1004fe63466a31b5b
2026-09-07T20:04:23.0337082Z Note: switching to '4675da5baf7ca4d35d57fae1004fe63466a31b5b'.
2026-09-07T20:04:23.0338166Z 
2026-09-07T20:04:23.0338660Z You are in 'detached HEAD' state. You can look around, make experimental
2026-09-07T20:04:23.0339508Z changes and commit them, and you can discard any commits you make in this
2026-09-07T20:04:23.0340551Z state without impacting any branches by switching back to a branch.
2026-09-07T20:04:23.0341041Z 
2026-09-07T20:04:23.0341399Z If you want to create a new branch to retain commits you create, you may
2026-09-07T20:04:23.0342147Z do so (now or later) by using -c with the switch command. Example:
2026-09-07T20:04:23.0342574Z 
2026-09-07T20:04:23.0342816Z   git switch -c <new-branch-name>
2026-09-07T20:04:23.0343152Z 
2026-09-07T20:04:23.0343464Z Or undo this operation with:
2026-09-07T20:04:23.0343954Z 
2026-09-07T20:04:23.0344242Z   git switch -
2026-09-07T20:04:23.0344654Z 
2026-09-07T20:04:23.0345147Z Turn off this advice by setting config variable advice.detachedHead to false
2026-09-07T20:04:23.0345765Z 
2026-09-07T20:04:23.0346237Z HEAD is now at 4675da5 Adapt positive-sum proof to pinned Mathlib finite-sum API
2026-09-07T20:04:23.0351049Z ##[endgroup]
2026-09-07T20:04:23.0396016Z [command]/usr/bin/git log -1 --format=%H
2026-09-07T20:04:23.0425254Z 4675da5baf7ca4d35d57fae1004fe63466a31b5b
2026-09-07T20:04:23.0435379Z ##[group]Removing auth
2026-09-07T20:04:23.0438707Z [command]/usr/bin/git config --local --name-only --get-regexp core\.sshCommand
2026-09-07T20:04:23.0475594Z [command]/usr/bin/git submodule foreach --recursive sh -c "git config --local --name-only --get-regexp 'core\.sshCommand' && git config --local --unset-all 'core.sshCommand' || :"
2026-09-07T20:04:23.0723179Z [command]/usr/bin/git config --local --name-only --get-regexp http\.https\:\/\/github\.com\/\.extraheader
2026-09-07T20:04:23.0754711Z http.https://github.com/.extraheader
2026-09-07T20:04:23.0762982Z [command]/usr/bin/git config --local --unset-all http.https://github.com/.extraheader
2026-09-07T20:04:23.0803851Z [command]/usr/bin/git submodule foreach --recursive sh -c "git config --local --name-only --get-regexp 'http\.https\:\/\/github\.com\/\.extraheader' && git config --local --unset-all 'http.https://github.com/.extraheader' || :"
2026-09-07T20:04:23.1048737Z [command]/usr/bin/git config --local --name-only --get-regexp ^includeIf\.gitdir:
2026-09-07T20:04:23.1085690Z [command]/usr/bin/git submodule foreach --recursive git config --local --show-origin --name-only --get-regexp remote.origin.url
2026-09-07T20:04:23.1328225Z ##[endgroup]
2026-09-07T20:04:23.1669642Z Node 20 is being deprecated. This workflow is running with Node 24 by default. If you need to temporarily use Node 20, you can set the ACTIONS_ALLOW_USE_UNSECURE_NODE_VERSION=true environment variable. For more information see: https://github.blog/changelog/2025-09-19-deprecation-of-node-20-on-github-actions-runners/
2026-09-07T20:04:23.1672689Z ##[group]Run actions/cache@v4
2026-09-07T20:04:23.1673305Z with:
2026-09-07T20:04:23.1673903Z   path: ~/.elan
proofs/peel_constitutive/.lake

2026-09-07T20:04:23.1674626Z   key: peel-lean433-v1
2026-09-07T20:04:23.1675229Z   enableCrossOsArchive: false
2026-09-07T20:04:23.1675875Z   fail-on-cache-miss: false
2026-09-07T20:04:23.1676469Z   lookup-only: false
2026-09-07T20:04:23.1677029Z   save-always: false
2026-09-07T20:04:23.1677574Z env:
2026-09-07T20:04:23.1678090Z   LEAN_NUM_THREADS: 2
2026-09-07T20:04:23.1678645Z ##[endgroup]
2026-09-07T20:04:23.2784715Z (node:2323) [DEP0040] DeprecationWarning: The `punycode` module is deprecated. Please use a userland alternative instead.
2026-09-07T20:04:23.2786326Z (Use `node --trace-deprecation ...` to show where the warning was created)
2026-09-07T20:04:23.3459388Z Cache not found for input keys: peel-lean433-v1
2026-09-07T20:04:23.3570390Z ##[group]Run if [ ! -x "$HOME/.elan/bin/lake" ]; then
2026-09-07T20:04:23.3570981Z [36;1mif [ ! -x "$HOME/.elan/bin/lake" ]; then[0m
2026-09-07T20:04:23.3571749Z [36;1m  curl --retry 3 -sSfL https://raw.githubusercontent.com/leanprover/elan/master/elan-init.sh -o "$RUNNER_TEMP/elan.sh"[0m
2026-09-07T20:04:23.3572765Z [36;1m  bash "$RUNNER_TEMP/elan.sh" -y --default-toolchain "$(cat lean-toolchain)"[0m
2026-09-07T20:04:23.3573222Z [36;1mfi[0m
2026-09-07T20:04:23.3573530Z [36;1mexport PATH="$HOME/.elan/bin:$PATH"[0m
2026-09-07T20:04:23.3573923Z [36;1mecho "$HOME/.elan/bin" >> "$GITHUB_PATH"[0m
2026-09-07T20:04:23.3574286Z [36;1mlake update[0m
2026-09-07T20:04:23.3574575Z [36;1mlake exe cache get[0m
2026-09-07T20:04:23.3619683Z shell: /usr/bin/bash -e {0}
2026-09-07T20:04:23.3620326Z env:
2026-09-07T20:04:23.3620589Z   LEAN_NUM_THREADS: 2
2026-09-07T20:04:23.3620871Z ##[endgroup]
2026-09-07T20:04:23.4308144Z info: downloading installer
2026-09-07T20:04:23.7084734Z info: default toolchain set to 'leanprover/lean4:v4.33.0'
2026-09-07T20:04:24.2483583Z info: downloading https://releases.lean-lang.org/lean4/v4.33.0/lean-4.33.0-linux.tar.zst
2026-09-07T20:04:28.5247931Z info: installing /home/runner/.elan/toolchains/leanprover--lean4---v4.33.0
2026-09-07T20:04:35.8567473Z info: peel-constitutive: no previous manifest, creating one from scratch
2026-09-07T20:04:35.8568551Z info: mathlib: cloning https://github.com/leanprover-community/mathlib4.git
2026-09-07T20:05:07.2053025Z info: mathlib: checking out revision 'db584cd6d46c92f209a44c0f1c829460d327499d'
2026-09-07T20:05:08.0542533Z info: toolchain not updated; already up-to-date
2026-09-07T20:05:09.1624980Z info: plausible: cloning https://github.com/leanprover-community/plausible
2026-09-07T20:05:09.4006468Z info: plausible: checking out revision 'b7eb3304aeae834b12dda98993a37f6a41f6f0bb'
2026-09-07T20:05:09.4152042Z info: LeanSearchClient: cloning https://github.com/leanprover-community/LeanSearchClient
2026-09-07T20:05:09.6681354Z info: LeanSearchClient: checking out revision '5f4d51b81cbd3f6b32b156bfad9056621a040404'
2026-09-07T20:05:09.6821186Z info: importGraph: cloning https://github.com/leanprover-community/import-graph
2026-09-07T20:05:10.0325856Z info: importGraph: checking out revision '16f02aa7642864af59f1ff0e384a015994db9118'
2026-09-07T20:05:10.0498288Z info: proofwidgets: cloning https://github.com/leanprover-community/ProofWidgets4
2026-09-07T20:05:10.5748836Z info: proofwidgets: checking out revision '4be2e3d5087eeb272cf5a8853b8f9dd025ef5957'
2026-09-07T20:05:11.2072016Z info: aesop: cloning https://github.com/leanprover-community/aesop
2026-09-07T20:05:11.7657659Z info: aesop: checking out revision '3448c0bcc5ce01b2d1546e483ec3620e32df3d0e'
2026-09-07T20:05:11.7851055Z info: Qq: cloning https://github.com/leanprover-community/quote4
2026-09-07T20:05:12.1054097Z info: Qq: checking out revision '92c15be17b7caf78c2ad767ec40f89052d908d81'
2026-09-07T20:05:12.1200434Z info: batteries: cloning https://github.com/leanprover-community/batteries
2026-09-07T20:05:20.3616099Z info: batteries: checking out revision '4488d40d070b9700d4d5a6aa342f0d40c31b2a2d'
2026-09-07T20:05:20.3892537Z info: Cli: cloning https://github.com/leanprover/lean4-cli
2026-09-07T20:05:20.7040261Z info: Cli: checking out revision '6130a47896ce867c6a4a55373441e59e565bad0f'
2026-09-07T20:05:20.7189465Z info: mathlib: running post-update hooks
2026-09-07T20:05:21.1201670Z ✔ [1/5] Built Cache.Cli (384ms)
2026-09-07T20:05:21.2241488Z ✔ [2/11] Built Cache.Lean (429ms)
2026-09-07T20:05:21.6223650Z ✔ [6/26] Built Cache.Infra (424ms)
2026-09-07T20:05:21.8226993Z ✔ [7/26] Built Cache.Cli:c.o (143ms)
2026-09-07T20:05:21.9228834Z ✔ [8/26] Built Cache.Lean:c.o (146ms)
2026-09-07T20:05:22.1281840Z ✔ [9/26] Built Batteries.Tactic.OpenPrivate (964ms)
2026-09-07T20:05:22.1283232Z ✔ [10/26] Built Cache.Infra:c.o (228ms)
2026-09-07T20:05:23.4261223Z ✔ [11/26] Built Batteries.Tactic.OpenPrivate:c.o (1.3s)
2026-09-07T20:05:23.7253483Z ✔ [12/26] Built Cache.IO (1.5s)
2026-09-07T20:05:24.6266362Z ✔ [13/26] Built Cache.Hashing (894ms)
2026-09-07T20:05:25.0271992Z ✔ [14/26] Built Cache.Hashing:c.o (409ms)
2026-09-07T20:05:25.3265261Z ✔ [15/26] Built Cache.IO:c.o (1.6s)
2026-09-07T20:05:26.9291460Z ✔ [16/26] Built Cache.Requests (1.0s)
2026-09-07T20:05:27.6292011Z ✔ [17/26] Built Cache.Marker (646ms)
2026-09-07T20:05:27.7283803Z ✔ [18/26] Built Cache.Marker:c.o (115ms)
2026-09-07T20:05:28.4290976Z ✔ [19/26] Built Cache.Query (765ms)
2026-09-07T20:05:28.7297100Z ✔ [20/26] Built Cache.Query:c.o (290ms)
2026-09-07T20:05:29.5307174Z ✔ [21/26] Built Cache.Warning (742ms)
2026-09-07T20:05:29.7310698Z ✔ [22/26] Built Cache.Warning:c.o (251ms)
2026-09-07T20:05:29.9312920Z ✔ [23/26] Built Cache.Requests:c.o (2.0s)
2026-09-07T20:05:31.0325005Z ✔ [24/26] Built Cache.Main (1.2s)
2026-09-07T20:05:31.9336224Z ✔ [25/26] Built Cache.Main:c.o (914ms)
2026-09-07T20:05:32.7375180Z ✔ [26/26] Built cache:exe (786ms)
2026-09-07T20:05:35.9251149Z Current branch: HEAD
2026-09-07T20:05:35.9251762Z Using cache from origin: (some leanprover-community/mathlib4)
2026-09-07T20:05:35.9252753Z Attempting to download 8690 file(s) from leanprover-community/mathlib4 cache at https://lakecache.blob.core.windows.net/mathlib4-master
2026-09-07T20:05:37.1541433Z 
2026-09-07T20:05:37.2613494Z Downloaded: 1 file(s) [attempted 1/8690 = 0%, 16 KB/s], Decompressed: 0
2026-09-07T20:05:37.3602075Z Downloaded: 82 file(s) [attempted 82/8690 = 0%, 668 KB/s], Decompressed: 30
2026-09-07T20:05:37.4602239Z Downloaded: 187 file(s) [attempted 187/8690 = 2%, 1080 KB/s], Decompressed: 30
2026-09-07T20:05:37.5630665Z Downloaded: 303 file(s) [attempted 303/8690 = 3%, 558 KB/s], Decompressed: 78
2026-09-07T20:05:37.6631173Z Downloaded: 418 file(s) [attempted 418/8690 = 4%, 1673 KB/s], Decompressed: 78
2026-09-07T20:05:37.7626946Z Downloaded: 548 file(s) [attempted 548/8690 = 6%, 2210 KB/s], Decompressed: 78
2026-09-07T20:05:37.8680601Z Downloaded: 658 file(s) [attempted 658/8690 = 7%, 769 KB/s], Decompressed: 78
2026-09-07T20:05:37.9663713Z Downloaded: 770 file(s) [attempted 770/8690 = 8%, 490 KB/s], Decompressed: 78
2026-09-07T20:05:38.0681141Z Downloaded: 894 file(s) [attempted 894/8690 = 10%, 1342 KB/s], Decompressed: 78
2026-09-07T20:05:38.1695968Z Downloaded: 1027 file(s) [attempted 1027/8690 = 11%, 841 KB/s], Decompressed: 232
2026-09-07T20:05:38.2714274Z Downloaded: 1153 file(s) [attempted 1153/8690 = 13%, 273 KB/s], Decompressed: 232
2026-09-07T20:05:38.3727444Z Downloaded: 1271 file(s) [attempted 1271/8690 = 14%, 1178 KB/s], Decompressed: 232
2026-09-07T20:05:38.4720474Z Downloaded: 1369 file(s) [attempted 1369/8690 = 15%, 575 KB/s], Decompressed: 232
2026-09-07T20:05:38.5843726Z Downloaded: 1490 file(s) [attempted 1490/8690 = 17%, 401 KB/s], Decompressed: 232
2026-09-07T20:05:38.6821485Z Downloaded: 1595 file(s) [attempted 1595/8690 = 18%, 2048 KB/s], Decompressed: 232
2026-09-07T20:05:38.7865271Z Downloaded: 1721 file(s) [attempted 1721/8690 = 19%, 515 KB/s], Decompressed: 232
2026-09-07T20:05:38.8868769Z Downloaded: 1856 file(s) [attempted 1856/8690 = 21%, 794 KB/s], Decompressed: 232
2026-09-07T20:05:38.9951691Z Downloaded: 1977 file(s) [attempted 1977/8690 = 22%, 316 KB/s], Decompressed: 232
2026-09-07T20:05:39.1064275Z Downloaded: 2080 file(s) [attempted 2080/8690 = 23%, 1931 KB/s], Decompressed: 232
2026-09-07T20:05:39.2087532Z Downloaded: 2159 file(s) [attempted 2159/8690 = 24%, 440 KB/s], Decompressed: 232
2026-09-07T20:05:39.3083400Z Downloaded: 2264 file(s) [attempted 2264/8690 = 26%, 1462 KB/s], Decompressed: 232
2026-09-07T20:05:39.4278038Z Downloaded: 2408 file(s) [attempted 2408/8690 = 27%, 805 KB/s], Decompressed: 232
2026-09-07T20:05:39.5231274Z Downloaded: 2527 file(s) [attempted 2527/8690 = 29%, 953 KB/s], Decompressed: 232
2026-09-07T20:05:39.6252033Z Downloaded: 2651 file(s) [attempted 2651/8690 = 30%, 938 KB/s], Decompressed: 232
2026-09-07T20:05:39.7228291Z Downloaded: 2783 file(s) [attempted 2783/8690 = 32%, 4639 KB/s], Decompressed: 232
2026-09-07T20:05:39.8222424Z Downloaded: 2902 file(s) [attempted 2902/8690 = 33%, 635 KB/s], Decompressed: 232
2026-09-07T20:05:39.9225167Z Downloaded: 3041 file(s) [attempted 3041/8690 = 34%, 3464 KB/s], Decompressed: 232
2026-09-07T20:05:40.0312023Z Downloaded: 3164 file(s) [attempted 3164/8690 = 36%, 803 KB/s], Decompressed: 232
2026-09-07T20:05:40.1290723Z Downloaded: 3298 file(s) [attempted 3298/8690 = 37%, 771 KB/s], Decompressed: 232
2026-09-07T20:05:40.2309235Z Downloaded: 3419 file(s) [attempted 3419/8690 = 39%, 603 KB/s], Decompressed: 232
2026-09-07T20:05:40.3344394Z Downloaded: 3552 file(s) [attempted 3552/8690 = 40%, 1820 KB/s], Decompressed: 232
2026-09-07T20:05:40.4332821Z Downloaded: 3683 file(s) [attempted 3683/8690 = 42%, 655 KB/s], Decompressed: 232
2026-09-07T20:05:40.5338326Z Downloaded: 3815 file(s) [attempted 3815/8690 = 43%, 2468 KB/s], Decompressed: 232
2026-09-07T20:05:40.6361214Z Downloaded: 3955 file(s) [attempted 3955/8690 = 45%, 2497 KB/s], Decompressed: 903
2026-09-07T20:05:40.7381478Z Downloaded: 4079 file(s) [attempted 4079/8690 = 46%, 810 KB/s], Decompressed: 903
2026-09-07T20:05:40.8353066Z Downloaded: 4205 file(s) [attempted 4205/8690 = 48%, 2795 KB/s], Decompressed: 903
2026-09-07T20:05:40.9378044Z Downloaded: 4333 file(s) [attempted 4333/8690 = 49%, 1179 KB/s], Decompressed: 903
2026-09-07T20:05:41.0381237Z Downloaded: 4456 file(s) [attempted 4456/8690 = 51%, 270 KB/s], Decompressed: 903
2026-09-07T20:05:41.1377168Z Downloaded: 4582 file(s) [attempted 4582/8690 = 52%, 378 KB/s], Decompressed: 903
2026-09-07T20:05:41.2406544Z Downloaded: 4717 file(s) [attempted 4717/8690 = 54%, 1389 KB/s], Decompressed: 903
2026-09-07T20:05:41.3407014Z Downloaded: 4845 file(s) [attempted 4845/8690 = 55%, 668 KB/s], Decompressed: 903
2026-09-07T20:05:41.4404470Z Downloaded: 4960 file(s) [attempted 4960/8690 = 57%, 1081 KB/s], Decompressed: 903
2026-09-07T20:05:41.5402571Z Downloaded: 5091 file(s) [attempted 5091/8690 = 58%, 2096 KB/s], Decompressed: 903
2026-09-07T20:05:41.6421644Z Downloaded: 5213 file(s) [attempted 5213/8690 = 59%, 994 KB/s], Decompressed: 903
2026-09-07T20:05:41.7453527Z Downloaded: 5341 file(s) [attempted 5341/8690 = 61%, 2126 KB/s], Decompressed: 903
2026-09-07T20:05:41.8448387Z Downloaded: 5474 file(s) [attempted 5474/8690 = 62%, 445 KB/s], Decompressed: 903
2026-09-07T20:05:41.9443423Z Downloaded: 5614 file(s) [attempted 5614/8690 = 64%, 2408 KB/s], Decompressed: 903
2026-09-07T20:05:42.0459978Z Downloaded: 5739 file(s) [attempted 5739/8690 = 66%, 1347 KB/s], Decompressed: 903
2026-09-07T20:05:42.1461126Z Downloaded: 5847 file(s) [attempted 5847/8690 = 67%, 228 KB/s], Decompressed: 903
2026-09-07T20:05:42.2466557Z Downloaded: 5963 file(s) [attempted 5963/8690 = 68%, 1524 KB/s], Decompressed: 903
2026-09-07T20:05:42.3501403Z Downloaded: 6068 file(s) [attempted 6068/8690 = 69%, 1054 KB/s], Decompressed: 903
2026-09-07T20:05:42.4521207Z Downloaded: 6185 file(s) [attempted 6185/8690 = 71%, 1969 KB/s], Decompressed: 903
2026-09-07T20:05:42.5523992Z Downloaded: 6308 file(s) [attempted 6308/8690 = 72%, 839 KB/s], Decompressed: 903
2026-09-07T20:05:42.6641505Z Downloaded: 6436 file(s) [attempted 6436/8690 = 74%, 309 KB/s], Decompressed: 903
2026-09-07T20:05:42.7626814Z Downloaded: 6551 file(s) [attempted 6551/8690 = 75%, 1924 KB/s], Decompressed: 903
2026-09-07T20:05:42.8629586Z Downloaded: 6697 file(s) [attempted 6697/8690 = 77%, 1682 KB/s], Decompressed: 903
2026-09-07T20:05:42.9623716Z Downloaded: 6821 file(s) [attempted 6821/8690 = 78%, 1513 KB/s], Decompressed: 903
2026-09-07T20:05:43.0690650Z Downloaded: 6933 file(s) [attempted 6933/8690 = 79%, 396 KB/s], Decompressed: 903
2026-09-07T20:05:43.1687695Z Downloaded: 7054 file(s) [attempted 7054/8690 = 81%, 281 KB/s], Decompressed: 903
2026-09-07T20:05:43.2688218Z Downloaded: 7184 file(s) [attempted 7184/8690 = 82%, 477 KB/s], Decompressed: 903
2026-09-07T20:05:43.3798806Z Downloaded: 7292 file(s) [attempted 7292/8690 = 83%, 853 KB/s], Decompressed: 903
2026-09-07T20:05:43.4826953Z Downloaded: 7419 file(s) [attempted 7419/8690 = 85%, 542 KB/s], Decompressed: 903
2026-09-07T20:05:43.5839631Z Downloaded: 7527 file(s) [attempted 7527/8690 = 86%, 2995 KB/s], Decompressed: 903
2026-09-07T20:05:43.6866898Z Downloaded: 7613 file(s) [attempted 7613/8690 = 87%, 1406 KB/s], Decompressed: 903
2026-09-07T20:05:43.7871916Z Downloaded: 7741 file(s) [attempted 7741/8690 = 89%, 2689 KB/s], Decompressed: 903
2026-09-07T20:05:43.8875638Z Downloaded: 7860 file(s) [attempted 7860/8690 = 90%, 868 KB/s], Decompressed: 903
2026-09-07T20:05:43.9866392Z Downloaded: 7983 file(s) [attempted 7983/8690 = 91%, 349 KB/s], Decompressed: 903
2026-09-07T20:05:44.0881669Z Downloaded: 8107 file(s) [attempted 8107/8690 = 93%, 2677 KB/s], Decompressed: 903
2026-09-07T20:05:44.1885598Z Downloaded: 8219 file(s) [attempted 8219/8690 = 94%, 611 KB/s], Decompressed: 903
2026-09-07T20:05:44.2874140Z Downloaded: 8337 file(s) [attempted 8337/8690 = 95%, 294 KB/s], Decompressed: 903
2026-09-07T20:05:44.3893347Z Downloaded: 8400 file(s) [attempted 8400/8690 = 96%, 196 KB/s], Decompressed: 903
2026-09-07T20:05:44.4941629Z Downloaded: 8503 file(s) [attempted 8503/8690 = 97%, 2738 KB/s], Decompressed: 903
2026-09-07T20:05:44.5921375Z Downloaded: 8554 file(s) [attempted 8554/8690 = 98%, 1962 KB/s], Decompressed: 903
2026-09-07T20:05:44.6777729Z Downloaded: 8677 file(s) [attempted 8677/8690 = 99%, 270 KB/s], Decompressed: 903
2026-09-07T20:05:44.6783903Z Downloaded: 8690 file(s) [attempted 8690/8690 = 100%, 270 KB/s], Decompressed: 903
2026-09-07T20:06:07.3971766Z Decompressed 8690 file(s)
2026-09-07T20:06:07.3972135Z Already decompressed 8690 file(s)
2026-09-07T20:06:13.1220978Z Current branch: HEAD
2026-09-07T20:06:13.1221549Z Using cache from origin: (some leanprover-community/mathlib4)
2026-09-07T20:06:13.1222056Z No files to download
2026-09-07T20:06:13.1222390Z Already decompressed 8690 file(s)
2026-09-07T20:06:13.1681235Z ##[group]Run python3 verify.py
2026-09-07T20:06:13.1681565Z [36;1mpython3 verify.py[0m
2026-09-07T20:06:13.1726552Z shell: /usr/bin/bash -e {0}
2026-09-07T20:06:13.1726828Z env:
2026-09-07T20:06:13.1727041Z   LEAN_NUM_THREADS: 2
2026-09-07T20:06:13.1727273Z ##[endgroup]
2026-09-07T20:06:13.9667870Z Lean (version 4.33.0, x86_64-unknown-linux-gnu, commit d8b18978322de05a8f3dba51ef03cf5461676c17, Release)
2026-09-07T20:06:13.9668421Z 
2026-09-07T20:06:23.9929098Z ⚠ [8706/8707] Built OpticalMetric (5.3s)
2026-09-07T20:06:23.9929686Z warning: OpticalMetric.lean:30:6: this tactic is never executed
2026-09-07T20:06:23.9930187Z 
2026-09-07T20:06:23.9930439Z Note: This linter can be disabled with `set_option linter.unreachableTactic false`
2026-09-07T20:06:23.9930968Z warning: OpticalMetric.lean:30:6: Unused tactic linter: `ring` does nothing
2026-09-07T20:06:23.9931258Z 
2026-09-07T20:06:23.9931469Z Note: This linter can be disabled with `set_option linter.unusedTactic false`
2026-09-07T20:06:23.9932075Z warning: OpticalMetric.lean:39:37: Variable name `hg` is not explicitly referenced.
2026-09-07T20:06:23.9932390Z 
2026-09-07T20:06:23.9932836Z Hint: The binding can be removed (if unused) or named `_` (if used implicitly). Alternatively, prefix the name with `_` to silence this warning:
2026-09-07T20:06:23.9933447Z   [apply] _hg
2026-09-07T20:06:23.9933578Z 
2026-09-07T20:06:23.9933800Z Note: This linter can be disabled with `set_option linter.unusedVariables false`
2026-09-07T20:06:23.9934216Z Build completed successfully (8707 jobs).
2026-09-07T20:06:23.9934418Z 
2026-09-07T20:06:29.3658944Z 'LightConstitutive.response_is_weighted_metric' depends on axioms: [propext, Classical.choice, Quot.sound]
2026-09-07T20:06:29.3659949Z 'LightConstitutive.response_weight_positive' depends on axioms: [propext, Classical.choice, Quot.sound]
2026-09-07T20:06:29.3660678Z 'LightConstitutive.static_response' depends on axioms: [propext, Classical.choice, Quot.sound]
2026-09-07T20:06:29.3661389Z 'LightConstitutive.weighted_zero_iff' depends on axioms: [propext, Classical.choice, Quot.sound]
2026-09-07T20:06:29.3662014Z 'LightConstitutive.gram_zero_iff' depends on axioms: [propext, Classical.choice, Quot.sound]
2026-09-07T20:06:29.3662657Z 'LightConstitutive.matching_null_directions' depends on axioms: [propext, Classical.choice, Quot.sound]
2026-09-07T20:06:29.3663420Z 'LightConstitutive.response_lower_bound' depends on axioms: [propext, Classical.choice, Quot.sound]
2026-09-07T20:06:29.3664066Z 'LightConstitutive.response_upper_bound' depends on axioms: [propext, Classical.choice, Quot.sound]
2026-09-07T20:06:29.3665055Z 'LightConstitutive.constant_gap_factor' depends on axioms: [propext, Classical.choice, Quot.sound]
2026-09-07T20:06:29.3665790Z 'LightConstitutive.numerator_zero_away_from_poles' depends on axioms: [propext, Classical.choice, Quot.sound]
2026-09-07T20:06:29.3666516Z 'LightConstitutive.tune_out_metric_nonzero' depends on axioms: [propext, Classical.choice, Quot.sound]
2026-09-07T20:06:29.3667188Z 'LightConstitutive.squared_phase_matching' depends on axioms: [propext, Classical.choice, Quot.sound]
2026-09-07T20:06:29.3667840Z 'LightConstitutive.weighted_mono' depends on axioms: [propext, Classical.choice, Quot.sound]
2026-09-07T20:06:29.3668458Z 'LightConstitutive.weighted_nonneg' depends on axioms: [propext, Classical.choice, Quot.sound]
2026-09-07T20:06:29.3669101Z 'LightConstitutive.peel_null_persists' depends on axioms: [propext, Classical.choice, Quot.sound]
2026-09-07T20:06:29.3670345Z 'LightConstitutive.positive_reweighting_null_equivalence' depends on axioms: [propext, Classical.choice, Quot.sound]
2026-09-07T20:06:29.3671065Z 
2026-09-07T20:06:41.5250572Z 
2026-09-07T20:06:46.9091250Z /home/runner/work/operator-first/operator-first/proofs/peel_constitutive/evidence/false_positive_cancellation.lean:2:31: error: unsolved goals
2026-09-07T20:06:46.9092696Z ⊢ False
2026-09-07T20:06:46.9092864Z 
2026-09-07T20:06:52.3166269Z /home/runner/work/operator-first/operator-first/proofs/peel_constitutive/evidence/false_null_cap.lean:2:45: error: unsolved goals
2026-09-07T20:06:52.3167687Z ⊢ False
2026-09-07T20:06:52.3167937Z 
2026-09-07T20:06:52.3170639Z {
2026-09-07T20:06:52.3171506Z   "status": "PASS",
2026-09-07T20:06:52.3171853Z   "commands": [
2026-09-07T20:06:52.3172140Z     {
2026-09-07T20:06:52.3172420Z       "name": "toolchain",
2026-09-07T20:06:52.3172771Z       "args": [
2026-09-07T20:06:52.3173045Z         "lake",
2026-09-07T20:06:52.3173326Z         "env",
2026-09-07T20:06:52.3173606Z         "lean",
2026-09-07T20:06:52.3173881Z         "--version"
2026-09-07T20:06:52.3174195Z       ],
2026-09-07T20:06:52.3174462Z       "returncode": 0
2026-09-07T20:06:52.3174765Z     },
2026-09-07T20:06:52.3175016Z     {
2026-09-07T20:06:52.3175270Z       "name": "build",
2026-09-07T20:06:52.3175563Z       "args": [
2026-09-07T20:06:52.3175827Z         "lake",
2026-09-07T20:06:52.3176101Z         "build",
2026-09-07T20:06:52.3176439Z         "OpticalMetric"
2026-09-07T20:06:52.3176739Z       ],
2026-09-07T20:06:52.3177014Z       "returncode": 0
2026-09-07T20:06:52.3177303Z     },
2026-09-07T20:06:52.3177554Z     {
2026-09-07T20:06:52.3177817Z       "name": "axioms",
2026-09-07T20:06:52.3178111Z       "args": [
2026-09-07T20:06:52.3178366Z         "lake",
2026-09-07T20:06:52.3178631Z         "env",
2026-09-07T20:06:52.3178927Z         "lean",
2026-09-07T20:06:52.3179545Z         "/home/runner/work/operator-first/operator-first/proofs/peel_constitutive/evidence/axioms.lean"
2026-09-07T20:06:52.3180513Z       ],
2026-09-07T20:06:52.3180779Z       "returncode": 0
2026-09-07T20:06:52.3181091Z     },
2026-09-07T20:06:52.3181371Z     {
2026-09-07T20:06:52.3181669Z       "name": "leanchecker",
2026-09-07T20:06:52.3182037Z       "args": [
2026-09-07T20:06:52.3182342Z         "lake",
2026-09-07T20:06:52.3182635Z         "env",
2026-09-07T20:06:52.3182937Z         "leanchecker",
2026-09-07T20:06:52.3183282Z         "OpticalMetric"
2026-09-07T20:06:52.3183631Z       ],
2026-09-07T20:06:52.3183926Z       "returncode": 0
2026-09-07T20:06:52.3184258Z     },
2026-09-07T20:06:52.3184528Z     {
2026-09-07T20:06:52.3184853Z       "name": "false_positive_cancellation",
2026-09-07T20:06:52.3185305Z       "args": [
2026-09-07T20:06:52.3185606Z         "lake",
2026-09-07T20:06:52.3185888Z         "env",
2026-09-07T20:06:52.3186161Z         "lean",
2026-09-07T20:06:52.3186957Z         "/home/runner/work/operator-first/operator-first/proofs/peel_constitutive/evidence/false_positive_cancellation.lean"
2026-09-07T20:06:52.3187825Z       ],
2026-09-07T20:06:52.3188081Z       "returncode": 1
2026-09-07T20:06:52.3188681Z     },
2026-09-07T20:06:52.3188956Z     {
2026-09-07T20:06:52.3189235Z       "name": "false_null_cap",
2026-09-07T20:06:52.3189605Z       "args": [
2026-09-07T20:06:52.3190037Z         "lake",
2026-09-07T20:06:52.3190314Z         "env",
2026-09-07T20:06:52.3190620Z         "lean",
2026-09-07T20:06:52.3191365Z         "/home/runner/work/operator-first/operator-first/proofs/peel_constitutive/evidence/false_null_cap.lean"
2026-09-07T20:06:52.3192236Z       ],
2026-09-07T20:06:52.3192543Z       "returncode": 1
2026-09-07T20:06:52.3192880Z     }
2026-09-07T20:06:52.3193173Z   ],
2026-09-07T20:06:52.3193507Z   "theorems": [
2026-09-07T20:06:52.3194092Z     "LightConstitutive.response_is_weighted_metric",
2026-09-07T20:06:52.3194691Z     "LightConstitutive.response_weight_positive",
2026-09-07T20:06:52.3195211Z     "LightConstitutive.static_response",
2026-09-07T20:06:52.3195715Z     "LightConstitutive.weighted_zero_iff",
2026-09-07T20:06:52.3196211Z     "LightConstitutive.gram_zero_iff",
2026-09-07T20:06:52.3196702Z     "LightConstitutive.matching_null_directions",
2026-09-07T20:06:52.3197237Z     "LightConstitutive.response_lower_bound",
2026-09-07T20:06:52.3197693Z     "LightConstitutive.response_upper_bound",
2026-09-07T20:06:52.3198175Z     "LightConstitutive.constant_gap_factor",
2026-09-07T20:06:52.3198765Z     "LightConstitutive.numerator_zero_away_from_poles",
2026-09-07T20:06:52.3199576Z     "LightConstitutive.tune_out_metric_nonzero",
2026-09-07T20:06:52.3200297Z     "LightConstitutive.squared_phase_matching",
2026-09-07T20:06:52.3200816Z     "LightConstitutive.weighted_mono",
2026-09-07T20:06:52.3201255Z     "LightConstitutive.weighted_nonneg",
2026-09-07T20:06:52.3201882Z     "LightConstitutive.peel_null_persists",
2026-09-07T20:06:52.3202433Z     "LightConstitutive.positive_reweighting_null_equivalence"
2026-09-07T20:06:52.3202949Z   ],
2026-09-07T20:06:52.3203431Z   "sha256": "3987916ff947ee4cec6438ad384f16e0e8093aa8ad82ec77a95f5495c9cfc83c"
2026-09-07T20:06:52.3204030Z }
2026-09-07T20:06:52.3334259Z Node 20 is being deprecated. This workflow is running with Node 24 by default. If you need to temporarily use Node 20, you can set the ACTIONS_ALLOW_USE_UNSECURE_NODE_VERSION=true environment variable. For more information see: https://github.blog/changelog/2025-09-19-deprecation-of-node-20-on-github-actions-runners/
2026-09-07T20:06:52.3335516Z ##[group]Run actions/upload-artifact@v4
2026-09-07T20:06:52.3335792Z with:
2026-09-07T20:06:52.3336019Z   name: peel-constitutive-evidence
2026-09-07T20:06:52.3336306Z   path: proofs/peel_constitutive/evidence/
2026-09-07T20:06:52.3336592Z   retention-days: 30
2026-09-07T20:06:52.3336833Z   if-no-files-found: warn
2026-09-07T20:06:52.3337087Z   compression-level: 6
2026-09-07T20:06:52.3337313Z   overwrite: false
2026-09-07T20:06:52.3337531Z   include-hidden-files: false
2026-09-07T20:06:52.3337771Z env:
2026-09-07T20:06:52.3337962Z   LEAN_NUM_THREADS: 2
2026-09-07T20:06:52.3338176Z ##[endgroup]
2026-09-07T20:06:52.5152263Z (node:3215) [DEP0040] DeprecationWarning: The `punycode` module is deprecated. Please use a userland alternative instead.
2026-09-07T20:06:52.5153031Z (Use `node --trace-deprecation ...` to show where the warning was created)
2026-09-07T20:06:52.5232829Z With the provided path, there will be 12 files uploaded
2026-09-07T20:06:52.5233914Z Artifact name is valid!
2026-09-07T20:06:52.5235146Z Root directory input is valid!
2026-09-07T20:06:52.7232294Z Beginning upload of artifact content to blob storage
2026-09-07T20:06:52.7572880Z (node:3215) [DEP0169] DeprecationWarning: `url.parse()` behavior is not standardized and prone to errors that have security implications. Use the WHATWG URL API instead. CVEs are not issued for `url.parse()` vulnerabilities.
2026-09-07T20:06:52.8188188Z Uploaded bytes 4105
2026-09-07T20:06:52.8396323Z Finished uploading artifact content to blob storage!
2026-09-07T20:06:52.8397459Z SHA256 digest of uploaded artifact zip is b7a3df818072402551ad497ddf8de447bb1f6d0ead833810fe81976813486cd1
2026-09-07T20:06:52.8399063Z Finalizing artifact upload
2026-09-07T20:06:53.0431121Z Artifact peel-constitutive-evidence.zip successfully finalized. Artifact ID 10031661134
2026-09-07T20:06:53.0432597Z Artifact peel-constitutive-evidence has been successfully uploaded! Final size is 4105 bytes. Artifact ID is 10031661134
2026-09-07T20:06:53.0439133Z Artifact download URL: https://github.com/dicipler-pixel/operator-first/actions/runs/34157983201/artifacts/10031661134
2026-09-07T20:06:53.0622829Z Node 20 is being deprecated. This workflow is running with Node 24 by default. If you need to temporarily use Node 20, you can set the ACTIONS_ALLOW_USE_UNSECURE_NODE_VERSION=true environment variable. For more information see: https://github.blog/changelog/2025-09-19-deprecation-of-node-20-on-github-actions-runners/
2026-09-07T20:06:53.0624053Z Post job cleanup.
2026-09-07T20:06:53.1741741Z (node:3227) [DEP0040] DeprecationWarning: The `punycode` module is deprecated. Please use a userland alternative instead.
2026-09-07T20:06:53.1742993Z (Use `node --trace-deprecation ...` to show where the warning was created)
2026-09-07T20:06:53.1935218Z [command]/usr/bin/tar --posix -cf cache.tzst --exclude cache.tzst -P -C /home/runner/work/operator-first/operator-first --files-from manifest.txt --use-compress-program zstdmt
2026-09-07T20:07:20.0898503Z (node:3227) [DEP0169] DeprecationWarning: `url.parse()` behavior is not standardized and prone to errors that have security implications. Use the WHATWG URL API instead. CVEs are not issued for `url.parse()` vulnerabilities.
2026-09-07T20:07:21.0722815Z Sent 134217728 of 3262064705 (4.1%), 128.0 MBs/sec
2026-09-07T20:07:22.0726450Z Sent 738197504 of 3262064705 (22.6%), 351.8 MBs/sec
2026-09-07T20:07:23.0751117Z Sent 1342177280 of 3262064705 (41.1%), 426.5 MBs/sec
2026-09-07T20:07:24.0781542Z Sent 1879048192 of 3262064705 (57.6%), 447.9 MBs/sec
2026-09-07T20:07:25.0737351Z Sent 2415919104 of 3262064705 (74.1%), 460.7 MBs/sec
2026-09-07T20:07:26.0735687Z Sent 2952790016 of 3262064705 (90.5%), 469.2 MBs/sec
2026-09-07T20:07:26.7276952Z Sent 3262064705 of 3262064705 (100.0%), 467.4 MBs/sec
2026-09-07T20:07:28.0753371Z Cache saved with key: peel-lean433-v1
2026-09-07T20:07:28.0960819Z Node 20 is being deprecated. This workflow is running with Node 24 by default. If you need to temporarily use Node 20, you can set the ACTIONS_ALLOW_USE_UNSECURE_NODE_VERSION=true environment variable. For more information see: https://github.blog/changelog/2025-09-19-deprecation-of-node-20-on-github-actions-runners/
2026-09-07T20:07:28.0962077Z Post job cleanup.
2026-09-07T20:07:28.1887393Z [command]/usr/bin/git version
2026-09-07T20:07:28.1932696Z git version 2.55.0
2026-09-07T20:07:28.1970558Z Temporarily overriding HOME='/home/runner/work/_temp/73ec482f-37be-4510-8745-92d1e9bfca1e' before making global git config changes
2026-09-07T20:07:28.1972264Z Adding repository directory to the temporary git global config as a safe directory
2026-09-07T20:07:28.1976816Z [command]/usr/bin/git config --global --add safe.directory /home/runner/work/operator-first/operator-first
2026-09-07T20:07:28.2019357Z [command]/usr/bin/git config --local --name-only --get-regexp core\.sshCommand
2026-09-07T20:07:28.2058218Z [command]/usr/bin/git submodule foreach --recursive sh -c "git config --local --name-only --get-regexp 'core\.sshCommand' && git config --local --unset-all 'core.sshCommand' || :"
2026-09-07T20:07:28.2357403Z [command]/usr/bin/git config --local --name-only --get-regexp http\.https\:\/\/github\.com\/\.extraheader
2026-09-07T20:07:28.2397739Z [command]/usr/bin/git submodule foreach --recursive sh -c "git config --local --name-only --get-regexp 'http\.https\:\/\/github\.com\/\.extraheader' && git config --local --unset-all 'http.https://github.com/.extraheader' || :"
2026-09-07T20:07:28.2681832Z [command]/usr/bin/git config --local --name-only --get-regexp ^includeIf\.gitdir:
2026-09-07T20:07:28.2724914Z [command]/usr/bin/git submodule foreach --recursive git config --local --show-origin --name-only --get-regexp remote.origin.url
2026-09-07T20:07:28.3182507Z Cleaning up orphan processes
2026-09-07T20:07:28.3578913Z ##[warning]Node.js 20 is deprecated. The following actions target Node.js 20 but are being forced to run on Node.js 24: actions/cache@v4, actions/checkout@11d5960a326750d5838078e36cf38b85af677262, actions/upload-artifact@v4. For more information see: https://github.blog/changelog/2025-09-19-deprecation-of-node-20-on-github-actions-runners/

