LIGHT-CONSTITUTIVE-02 — actual symbolic and numerical checks
No Lean kernel result is asserted by this script.

Exact two-level projector derivative: PASS
  g_EE = 16*d**2/(25*Delta**2)
  alpha(0) = 32*d**2/(25*Delta)
  alpha(x) = [2 Delta^3/(Delta^2-x^2)] g_EE

48 independent density-matrix response solves: PASS
  cases : 48
  dimensions : [2, 3, 4, 5, 6, 7]
  max_relative_liouvillian_error : 4.8777578800439334e-15
  max_relative_finite_difference_metric_error : 4.93349107209012e-10
  max_relative_finite_difference_static_error : 6.276138160220952e-10
  min_lower_bound_eigenvalue_roundoff : -2.0816681711721685e-16
  min_upper_bound_eigenvalue_roundoff : -1.7557714402829798e-16
  null_direction_failures : 0
  pass : True

Exact three-level numerator zero: PASS
  alpha(y) = -6*(3*y - 4)/((y - 4)*(y - 1))   alpha(4/3)=0; g_EE=2

Field-projector to constitutive coefficient to TE interface: PASS
  theta=0    R_opt=1.000000000000 n=1.000000000000 transmitted=45.000000000 deg R+T=1.000000000000
  theta=pi/4 R_opt=1.166666666667 n=1.080123449735 transmitted=40.893394649 deg R+T=1.000000000000
  theta=pi/2 R_opt=1.333333333333 n=1.154700538379 transmitted=37.761243907 deg R+T=1.000000000000

ALL EXECUTED CHECKS PASS. This is not a Lean kernel verification.
