2026-09-07T23:57:20.4185069Z Current runner version: '2.337.0'
2026-09-07T23:57:20.4205585Z ##[group]Runner Image Provisioner
2026-09-07T23:57:20.4206390Z Hosted Compute Agent
2026-09-07T23:57:20.4207017Z Version: 20260828.587
2026-09-07T23:57:20.4207620Z Commit: abac92662cab4cc7352de4f9f9d2e2419aad9c29
2026-09-07T23:57:20.4208303Z Build Date: 2026-08-28T16:44:25Z
2026-09-07T23:57:20.4208925Z Worker ID: {39ef2305-9dd5-4b8f-b625-3fe90afeaaa4}
2026-09-07T23:57:20.4209579Z Azure Region: westus3
2026-09-07T23:57:20.4210112Z ##[endgroup]
2026-09-07T23:57:20.4211500Z ##[group]Operating System
2026-09-07T23:57:20.4212058Z Ubuntu
2026-09-07T23:57:20.4212572Z 24.04.4
2026-09-07T23:57:20.4213043Z LTS
2026-09-07T23:57:20.4213564Z ##[endgroup]
2026-09-07T23:57:20.4214088Z ##[group]Runner Image
2026-09-07T23:57:20.4214607Z Image: ubuntu-24.04
2026-09-07T23:57:20.4215151Z Version: 20260831.293.1
2026-09-07T23:57:20.4216317Z Included Software: https://github.com/actions/runner-images/blob/ubuntu24/20260831.293/images/ubuntu/Ubuntu2404-Readme.md
2026-09-07T23:57:20.4217869Z Image Release: https://github.com/actions/runner-images/releases/tag/ubuntu24%2F20260831.293
2026-09-07T23:57:20.4218737Z ##[endgroup]
2026-09-07T23:57:20.4219752Z ##[group]GITHUB_TOKEN Permissions
2026-09-07T23:57:20.4221936Z Contents: read
2026-09-07T23:57:20.4222531Z Metadata: read
2026-09-07T23:57:20.4223112Z ##[endgroup]
2026-09-07T23:57:20.4225062Z Secret source: Actions
2026-09-07T23:57:20.4226021Z Prepare workflow directory
2026-09-07T23:57:20.4489433Z Prepare all required actions
2026-09-07T23:57:20.4532917Z Getting action download info
2026-09-07T23:57:20.7509424Z Download action repository 'actions/checkout@v4' (SHA:11d5960a326750d5838078e36cf38b85af677262)
2026-09-07T23:57:20.8447669Z Download action repository 'actions/setup-python@v5' (SHA:a26af69be951a213d495a4c3e4e4022e16d87065)
2026-09-07T23:57:20.9428073Z Download action repository 'actions/upload-artifact@v4' (SHA:ea165f8d65b6e75b540449e92b4886f43607fa02)
2026-09-07T23:57:21.1957692Z Complete job name: exact-controls
2026-09-07T23:57:21.2560755Z Node 20 is being deprecated. This workflow is running with Node 24 by default. If you need to temporarily use Node 20, you can set the ACTIONS_ALLOW_USE_UNSECURE_NODE_VERSION=true environment variable. For more information see: https://github.blog/changelog/2025-09-19-deprecation-of-node-20-on-github-actions-runners/
2026-09-07T23:57:21.2568043Z ##[group]Run actions/checkout@v4
2026-09-07T23:57:21.2568661Z with:
2026-09-07T23:57:21.2569248Z   repository: dicipler-pixel/operator-first
2026-09-07T23:57:21.2572825Z   token: ***
2026-09-07T23:57:21.2573290Z   ssh-strict: true
2026-09-07T23:57:21.2573725Z   ssh-user: git
2026-09-07T23:57:21.2574161Z   persist-credentials: true
2026-09-07T23:57:21.2574699Z   clean: true
2026-09-07T23:57:21.2575177Z   sparse-checkout-cone-mode: true
2026-09-07T23:57:21.2575690Z   fetch-depth: 1
2026-09-07T23:57:21.2576112Z   fetch-tags: false
2026-09-07T23:57:21.2576534Z   show-progress: true
2026-09-07T23:57:21.2577007Z   lfs: false
2026-09-07T23:57:21.2577505Z   submodules: false
2026-09-07T23:57:21.2577976Z   set-safe-directory: true
2026-09-07T23:57:21.2578461Z   allow-unsafe-pr-checkout: false
2026-09-07T23:57:21.2579097Z ##[endgroup]
2026-09-07T23:57:21.3481945Z Syncing repository: dicipler-pixel/operator-first
2026-09-07T23:57:21.3484518Z ##[group]Getting Git version info
2026-09-07T23:57:21.3485679Z Working directory is '/home/runner/work/operator-first/operator-first'
2026-09-07T23:57:21.3487321Z [command]/usr/bin/git version
2026-09-07T23:57:21.3529169Z git version 2.55.0
2026-09-07T23:57:21.3546476Z ##[endgroup]
2026-09-07T23:57:21.3557212Z Temporarily overriding HOME='/home/runner/work/_temp/c9518709-57e4-4dae-aa39-0a7ed29a04fe' before making global git config changes
2026-09-07T23:57:21.3559489Z Adding repository directory to the temporary git global config as a safe directory
2026-09-07T23:57:21.3562550Z [command]/usr/bin/git config --global --add safe.directory /home/runner/work/operator-first/operator-first
2026-09-07T23:57:21.3612480Z Deleting the contents of '/home/runner/work/operator-first/operator-first'
2026-09-07T23:57:21.3638594Z ##[group]Initializing the repository
2026-09-07T23:57:21.3644009Z [command]/usr/bin/git init /home/runner/work/operator-first/operator-first
2026-09-07T23:57:21.3741322Z hint: Using 'master' as the name for the initial branch. This default branch name
2026-09-07T23:57:21.3742708Z hint: will change to "main" in Git 3.0. To configure the initial branch name
2026-09-07T23:57:21.3744528Z hint: to use in all of your new repositories, which will suppress this warning,
2026-09-07T23:57:21.3745570Z hint: call:
2026-09-07T23:57:21.3746253Z hint:
2026-09-07T23:57:21.3747013Z hint: 	git config --global init.defaultBranch <name>
2026-09-07T23:57:21.3747902Z hint:
2026-09-07T23:57:21.3748784Z hint: Names commonly chosen instead of 'master' are 'main', 'trunk' and
2026-09-07T23:57:21.3750060Z hint: 'development'. The just-created branch can be renamed via this command:
2026-09-07T23:57:21.3751406Z hint:
2026-09-07T23:57:21.3752171Z hint: 	git branch -m <name>
2026-09-07T23:57:21.3752826Z hint:
2026-09-07T23:57:21.3753741Z hint: Disable this message with "git config set advice.defaultBranchName false"
2026-09-07T23:57:21.3755348Z Initialized empty Git repository in /home/runner/work/operator-first/operator-first/.git/
2026-09-07T23:57:21.3761913Z [command]/usr/bin/git remote add origin https://github.com/dicipler-pixel/operator-first
2026-09-07T23:57:21.3935066Z ##[endgroup]
2026-09-07T23:57:21.3936365Z ##[group]Disabling automatic garbage collection
2026-09-07T23:57:21.3938860Z [command]/usr/bin/git config --local gc.auto 0
2026-09-07T23:57:21.3968341Z ##[endgroup]
2026-09-07T23:57:21.3969571Z ##[group]Setting up auth
2026-09-07T23:57:21.3974780Z [command]/usr/bin/git config --local --name-only --get-regexp core\.sshCommand
2026-09-07T23:57:21.4034810Z [command]/usr/bin/git submodule foreach --recursive sh -c "git config --local --name-only --get-regexp 'core\.sshCommand' && git config --local --unset-all 'core.sshCommand' || :"
2026-09-07T23:57:21.4354005Z [command]/usr/bin/git config --local --name-only --get-regexp http\.https\:\/\/github\.com\/\.extraheader
2026-09-07T23:57:21.4382771Z [command]/usr/bin/git submodule foreach --recursive sh -c "git config --local --name-only --get-regexp 'http\.https\:\/\/github\.com\/\.extraheader' && git config --local --unset-all 'http.https://github.com/.extraheader' || :"
2026-09-07T23:57:21.4554755Z [command]/usr/bin/git config --local --name-only --get-regexp ^includeIf\.gitdir:
2026-09-07T23:57:21.4581352Z [command]/usr/bin/git submodule foreach --recursive git config --local --show-origin --name-only --get-regexp remote.origin.url
2026-09-07T23:57:21.4765010Z [command]/usr/bin/git config --local http.https://github.com/.extraheader AUTHORIZATION: basic ***
2026-09-07T23:57:21.4797240Z ##[endgroup]
2026-09-07T23:57:21.4798185Z ##[group]Fetching the repository
2026-09-07T23:57:21.4808926Z [command]/usr/bin/git -c protocol.version=2 fetch --no-tags --prune --no-recurse-submodules --depth=1 origin +c10e807a30494e19ddd8e0e6767ea3ef93b0bb15:refs/remotes/pull/13/merge
2026-09-07T23:57:22.2405247Z From https://github.com/dicipler-pixel/operator-first
2026-09-07T23:57:22.2407488Z  * [new ref]         c10e807a30494e19ddd8e0e6767ea3ef93b0bb15 -> pull/13/merge
2026-09-07T23:57:22.2412328Z ##[endgroup]
2026-09-07T23:57:22.2414569Z ##[group]Determining the checkout info
2026-09-07T23:57:22.2416833Z ##[endgroup]
2026-09-07T23:57:22.2419319Z [command]/usr/bin/git sparse-checkout disable
2026-09-07T23:57:22.2458833Z [command]/usr/bin/git config --local --unset-all extensions.worktreeConfig
2026-09-07T23:57:22.2485534Z ##[group]Checking out the ref
2026-09-07T23:57:22.2489290Z [command]/usr/bin/git checkout --progress --force refs/remotes/pull/13/merge
2026-09-07T23:57:22.2590594Z Note: switching to 'refs/remotes/pull/13/merge'.
2026-09-07T23:57:22.2592147Z 
2026-09-07T23:57:22.2593262Z You are in 'detached HEAD' state. You can look around, make experimental
2026-09-07T23:57:22.2596197Z changes and commit them, and you can discard any commits you make in this
2026-09-07T23:57:22.2599443Z state without impacting any branches by switching back to a branch.
2026-09-07T23:57:22.2602202Z 
2026-09-07T23:57:22.2603380Z If you want to create a new branch to retain commits you create, you may
2026-09-07T23:57:22.2605789Z do so (now or later) by using -c with the switch command. Example:
2026-09-07T23:57:22.2607101Z 
2026-09-07T23:57:22.2607809Z   git switch -c <new-branch-name>
2026-09-07T23:57:22.2608982Z 
2026-09-07T23:57:22.2609491Z Or undo this operation with:
2026-09-07T23:57:22.2610518Z 
2026-09-07T23:57:22.2610993Z   git switch -
2026-09-07T23:57:22.2611980Z 
2026-09-07T23:57:22.2612878Z Turn off this advice by setting config variable advice.detachedHead to false
2026-09-07T23:57:22.2614724Z 
2026-09-07T23:57:22.2616441Z HEAD is now at c10e807 Merge e5d870b421a394cf49858f59b9bd5ec5b0ef2956 into b99a58256f2ecaa7d3523080d310cc04cf24aa28
2026-09-07T23:57:22.2621507Z ##[endgroup]
2026-09-07T23:57:22.2634002Z [command]/usr/bin/git log -1 --format=%H
2026-09-07T23:57:22.2652898Z c10e807a30494e19ddd8e0e6767ea3ef93b0bb15
2026-09-07T23:57:22.3005526Z Node 20 is being deprecated. This workflow is running with Node 24 by default. If you need to temporarily use Node 20, you can set the ACTIONS_ALLOW_USE_UNSECURE_NODE_VERSION=true environment variable. For more information see: https://github.blog/changelog/2025-09-19-deprecation-of-node-20-on-github-actions-runners/
2026-09-07T23:57:22.3010373Z ##[group]Run actions/setup-python@v5
2026-09-07T23:57:22.3011589Z with:
2026-09-07T23:57:22.3012457Z   python-version: 3.12
2026-09-07T23:57:22.3013410Z   check-latest: false
2026-09-07T23:57:22.3022185Z   token: ***
2026-09-07T23:57:22.3023118Z   update-environment: true
2026-09-07T23:57:22.3024123Z   allow-prereleases: false
2026-09-07T23:57:22.3025156Z   freethreaded: false
2026-09-07T23:57:22.3026052Z ##[endgroup]
2026-09-07T23:57:22.4169223Z ##[group]Installed versions
2026-09-07T23:57:22.4257058Z (node:2045) [DEP0040] DeprecationWarning: The `punycode` module is deprecated. Please use a userland alternative instead.
2026-09-07T23:57:22.4260945Z (Use `node --trace-deprecation ...` to show where the warning was created)
2026-09-07T23:57:22.4263575Z Successfully set up CPython (3.12.14)
2026-09-07T23:57:22.4265918Z ##[endgroup]
2026-09-07T23:57:22.4460937Z ##[group]Run python -m pip install -r research/diophantine/requirements.txt
2026-09-07T23:57:22.4463313Z [36;1mpython -m pip install -r research/diophantine/requirements.txt[0m
2026-09-07T23:57:22.4503851Z shell: /usr/bin/bash -e {0}
2026-09-07T23:57:22.4505288Z env:
2026-09-07T23:57:22.4506341Z   pythonLocation: /opt/hostedtoolcache/Python/3.12.14/x64
2026-09-07T23:57:22.4508059Z   PKG_CONFIG_PATH: /opt/hostedtoolcache/Python/3.12.14/x64/lib/pkgconfig
2026-09-07T23:57:22.4509708Z   Python_ROOT_DIR: /opt/hostedtoolcache/Python/3.12.14/x64
2026-09-07T23:57:22.4511476Z   Python2_ROOT_DIR: /opt/hostedtoolcache/Python/3.12.14/x64
2026-09-07T23:57:22.4512993Z   Python3_ROOT_DIR: /opt/hostedtoolcache/Python/3.12.14/x64
2026-09-07T23:57:22.4514525Z   LD_LIBRARY_PATH: /opt/hostedtoolcache/Python/3.12.14/x64/lib
2026-09-07T23:57:22.4515790Z ##[endgroup]
2026-09-07T23:57:23.4417100Z Collecting numpy==2.3.5 (from -r research/diophantine/requirements.txt (line 1))
2026-09-07T23:57:23.4999596Z   Downloading numpy-2.3.5-cp312-cp312-manylinux_2_27_x86_64.manylinux_2_28_x86_64.whl.metadata (62 kB)
2026-09-07T23:57:23.5413618Z Collecting sympy==1.14.0 (from -r research/diophantine/requirements.txt (line 2))
2026-09-07T23:57:23.5446778Z   Downloading sympy-1.14.0-py3-none-any.whl.metadata (12 kB)
2026-09-07T23:57:23.5640332Z Collecting mpmath<1.4,>=1.1.0 (from sympy==1.14.0->-r research/diophantine/requirements.txt (line 2))
2026-09-07T23:57:23.5669203Z   Downloading mpmath-1.3.0-py3-none-any.whl.metadata (8.6 kB)
2026-09-07T23:57:23.5737929Z Downloading numpy-2.3.5-cp312-cp312-manylinux_2_27_x86_64.manylinux_2_28_x86_64.whl (16.6 MB)
2026-09-07T23:57:23.7560856Z    ━━━━━━━━━━━━━━━━━━━━━━━━━━━━━━━━━━━━━━━━ 16.6/16.6 MB 93.5 MB/s  0:00:00
2026-09-07T23:57:23.7596192Z Downloading sympy-1.14.0-py3-none-any.whl (6.3 MB)
2026-09-07T23:57:23.8036730Z    ━━━━━━━━━━━━━━━━━━━━━━━━━━━━━━━━━━━━━━━━ 6.3/6.3 MB 144.5 MB/s  0:00:00
2026-09-07T23:57:23.8068772Z Downloading mpmath-1.3.0-py3-none-any.whl (536 kB)
2026-09-07T23:57:23.8115787Z    ━━━━━━━━━━━━━━━━━━━━━━━━━━━━━━━━━━━━━━━━ 536.2/536.2 kB 89.1 MB/s  0:00:00
2026-09-07T23:57:23.9030166Z Installing collected packages: mpmath, sympy, numpy
2026-09-07T23:57:30.6611648Z 
2026-09-07T23:57:30.6622649Z Successfully installed mpmath-1.3.0 numpy-2.3.5 sympy-1.14.0
2026-09-07T23:57:30.7205995Z ##[group]Run python research/diophantine/run_experiment.py
2026-09-07T23:57:30.7206530Z [36;1mpython research/diophantine/run_experiment.py[0m
2026-09-07T23:57:30.7231058Z shell: /usr/bin/bash -e {0}
2026-09-07T23:57:30.7231739Z env:
2026-09-07T23:57:30.7232121Z   pythonLocation: /opt/hostedtoolcache/Python/3.12.14/x64
2026-09-07T23:57:30.7232636Z   PKG_CONFIG_PATH: /opt/hostedtoolcache/Python/3.12.14/x64/lib/pkgconfig
2026-09-07T23:57:30.7233138Z   Python_ROOT_DIR: /opt/hostedtoolcache/Python/3.12.14/x64
2026-09-07T23:57:30.7233603Z   Python2_ROOT_DIR: /opt/hostedtoolcache/Python/3.12.14/x64
2026-09-07T23:57:30.7234053Z   Python3_ROOT_DIR: /opt/hostedtoolcache/Python/3.12.14/x64
2026-09-07T23:57:30.7234490Z   LD_LIBRARY_PATH: /opt/hostedtoolcache/Python/3.12.14/x64/lib
2026-09-07T23:57:30.7234882Z ##[endgroup]
2026-09-07T23:57:31.1485431Z Exact counts through prime 3 seconds 0.1
2026-09-07T23:57:33.6207776Z Exact counts through prime 881 seconds 2.6
2026-09-07T23:57:38.2192819Z Discovery frozen: 44 candidates
2026-09-07T23:57:38.8919052Z Exact counts through prime 1997 seconds 7.8
2026-09-07T23:57:41.7306235Z Exact counts through prime 3191 seconds 10.7
2026-09-07T23:57:45.4301871Z Exact counts through prime 4423 seconds 14.4
2026-09-07T23:57:47.9683927Z Saved 668 primes; 430 held-out; 12750 direct checks
2026-09-07T23:57:47.9684998Z Spike surface ['-3/2', '3/2'] -1 1.0336547752781933 1.0333260641730857
2026-09-07T23:57:47.9685498Z Spike surface ['-5/3', '5/3'] 14 0.3612099390714019 0.05426058366395954
2026-09-07T23:57:47.9685948Z Spike surface ['-2/3', '2/3'] 34 0.35133413934533386 0.09496498670682427
2026-09-07T23:57:47.9686412Z Spike surface ['-3/5', '3/5'] 10 0.3252311187893388 0.03039899720290931
2026-09-07T23:57:48.0274003Z ##[group]Run python research/diophantine/verify_diophantine.py --output diophantine-ci.json
2026-09-07T23:57:48.0274727Z [36;1mpython research/diophantine/verify_diophantine.py --output diophantine-ci.json[0m
2026-09-07T23:57:48.0297645Z shell: /usr/bin/bash -e {0}
2026-09-07T23:57:48.0298012Z env:
2026-09-07T23:57:48.0298367Z   pythonLocation: /opt/hostedtoolcache/Python/3.12.14/x64
2026-09-07T23:57:48.0298861Z   PKG_CONFIG_PATH: /opt/hostedtoolcache/Python/3.12.14/x64/lib/pkgconfig
2026-09-07T23:57:48.0299333Z   Python_ROOT_DIR: /opt/hostedtoolcache/Python/3.12.14/x64
2026-09-07T23:57:48.0299806Z   Python2_ROOT_DIR: /opt/hostedtoolcache/Python/3.12.14/x64
2026-09-07T23:57:48.0300241Z   Python3_ROOT_DIR: /opt/hostedtoolcache/Python/3.12.14/x64
2026-09-07T23:57:48.0300652Z   LD_LIBRARY_PATH: /opt/hostedtoolcache/Python/3.12.14/x64/lib
2026-09-07T23:57:48.0301196Z ##[endgroup]
2026-09-07T23:57:48.4692584Z {
2026-09-07T23:57:48.4693133Z   "evaluations": 108,
2026-09-07T23:57:48.4693748Z   "ok": 101,
2026-09-07T23:57:48.4694123Z   "expected_blocks": 7,
2026-09-07T23:57:48.4694596Z   "symbolic_section_verified": true,
2026-09-07T23:57:48.4695050Z   "published_large_integer_witnesses": 6,
2026-09-07T23:57:48.4695460Z   "ntt_independent_direct_checks": 12750,
2026-09-07T23:57:48.4695906Z   "registry_history_preserved": "not tested in standalone mode",
2026-09-07T23:57:48.4696507Z   "formal_status": "See formal build log separately; symbolic checks are not Lean compilation."
2026-09-07T23:57:48.4697064Z }
2026-09-07T23:57:48.5308056Z Node 20 is being deprecated. This workflow is running with Node 24 by default. If you need to temporarily use Node 20, you can set the ACTIONS_ALLOW_USE_UNSECURE_NODE_VERSION=true environment variable. For more information see: https://github.blog/changelog/2025-09-19-deprecation-of-node-20-on-github-actions-runners/
2026-09-07T23:57:48.5309329Z ##[group]Run actions/upload-artifact@v4
2026-09-07T23:57:48.5309681Z with:
2026-09-07T23:57:48.5309953Z   name: diophantine-exact-controls
2026-09-07T23:57:48.5310311Z   path: diophantine-ci.json
2026-09-07T23:57:48.5310617Z   if-no-files-found: warn
2026-09-07T23:57:48.5310920Z   compression-level: 6
2026-09-07T23:57:48.5311449Z   overwrite: false
2026-09-07T23:57:48.5311744Z   include-hidden-files: false
2026-09-07T23:57:48.5312068Z env:
2026-09-07T23:57:48.5312401Z   pythonLocation: /opt/hostedtoolcache/Python/3.12.14/x64
2026-09-07T23:57:48.5312866Z   PKG_CONFIG_PATH: /opt/hostedtoolcache/Python/3.12.14/x64/lib/pkgconfig
2026-09-07T23:57:48.5313394Z   Python_ROOT_DIR: /opt/hostedtoolcache/Python/3.12.14/x64
2026-09-07T23:57:48.5313792Z   Python2_ROOT_DIR: /opt/hostedtoolcache/Python/3.12.14/x64
2026-09-07T23:57:48.5314169Z   Python3_ROOT_DIR: /opt/hostedtoolcache/Python/3.12.14/x64
2026-09-07T23:57:48.5314545Z   LD_LIBRARY_PATH: /opt/hostedtoolcache/Python/3.12.14/x64/lib
2026-09-07T23:57:48.5314894Z ##[endgroup]
2026-09-07T23:57:48.6851007Z (node:2099) [DEP0040] DeprecationWarning: The `punycode` module is deprecated. Please use a userland alternative instead.
2026-09-07T23:57:48.6852382Z (Use `node --trace-deprecation ...` to show where the warning was created)
2026-09-07T23:57:48.6925409Z With the provided path, there will be 1 file uploaded
2026-09-07T23:57:48.6926356Z Artifact name is valid!
2026-09-07T23:57:48.6926787Z Root directory input is valid!
2026-09-07T23:57:49.0633159Z Beginning upload of artifact content to blob storage
2026-09-07T23:57:49.0965245Z (node:2099) [DEP0169] DeprecationWarning: `url.parse()` behavior is not standardized and prone to errors that have security implications. Use the WHATWG URL API instead. CVEs are not issued for `url.parse()` vulnerabilities.
2026-09-07T23:57:49.4503856Z Uploaded bytes 184794
2026-09-07T23:57:49.5065040Z Finished uploading artifact content to blob storage!
2026-09-07T23:57:49.5065875Z SHA256 digest of uploaded artifact zip is 251ed024b31643955bbec20c9ba1f6a556f9709ab1f3b7a66dc6c763b669e507
2026-09-07T23:57:49.5068047Z Finalizing artifact upload
2026-09-07T23:57:49.7348398Z Artifact diophantine-exact-controls.zip successfully finalized. Artifact ID 10035921285
2026-09-07T23:57:49.7349678Z Artifact diophantine-exact-controls has been successfully uploaded! Final size is 184794 bytes. Artifact ID is 10035921285
2026-09-07T23:57:49.7355786Z Artifact download URL: https://github.com/dicipler-pixel/operator-first/actions/runs/34171724494/artifacts/10035921285
2026-09-07T23:57:49.7524938Z Node 20 is being deprecated. This workflow is running with Node 24 by default. If you need to temporarily use Node 20, you can set the ACTIONS_ALLOW_USE_UNSECURE_NODE_VERSION=true environment variable. For more information see: https://github.blog/changelog/2025-09-19-deprecation-of-node-20-on-github-actions-runners/
2026-09-07T23:57:49.7526196Z Post job cleanup.
2026-09-07T23:57:49.8578197Z (node:2112) [DEP0040] DeprecationWarning: The `punycode` module is deprecated. Please use a userland alternative instead.
2026-09-07T23:57:49.8579300Z (Use `node --trace-deprecation ...` to show where the warning was created)
2026-09-07T23:57:49.8700407Z Node 20 is being deprecated. This workflow is running with Node 24 by default. If you need to temporarily use Node 20, you can set the ACTIONS_ALLOW_USE_UNSECURE_NODE_VERSION=true environment variable. For more information see: https://github.blog/changelog/2025-09-19-deprecation-of-node-20-on-github-actions-runners/
2026-09-07T23:57:49.8701907Z Post job cleanup.
2026-09-07T23:57:49.9458568Z [command]/usr/bin/git version
2026-09-07T23:57:49.9493195Z git version 2.55.0
2026-09-07T23:57:49.9523445Z Temporarily overriding HOME='/home/runner/work/_temp/2de30509-5471-460d-8a05-82ba0b93b0cc' before making global git config changes
2026-09-07T23:57:49.9525096Z Adding repository directory to the temporary git global config as a safe directory
2026-09-07T23:57:49.9527254Z [command]/usr/bin/git config --global --add safe.directory /home/runner/work/operator-first/operator-first
2026-09-07T23:57:49.9560545Z [command]/usr/bin/git config --local --name-only --get-regexp core\.sshCommand
2026-09-07T23:57:49.9590262Z [command]/usr/bin/git submodule foreach --recursive sh -c "git config --local --name-only --get-regexp 'core\.sshCommand' && git config --local --unset-all 'core.sshCommand' || :"
2026-09-07T23:57:49.9787963Z [command]/usr/bin/git config --local --name-only --get-regexp http\.https\:\/\/github\.com\/\.extraheader
2026-09-07T23:57:49.9811635Z http.https://github.com/.extraheader
2026-09-07T23:57:49.9819853Z [command]/usr/bin/git config --local --unset-all http.https://github.com/.extraheader
2026-09-07T23:57:49.9846946Z [command]/usr/bin/git submodule foreach --recursive sh -c "git config --local --name-only --get-regexp 'http\.https\:\/\/github\.com\/\.extraheader' && git config --local --unset-all 'http.https://github.com/.extraheader' || :"
2026-09-07T23:57:50.0041605Z [command]/usr/bin/git config --local --name-only --get-regexp ^includeIf\.gitdir:
2026-09-07T23:57:50.0069462Z [command]/usr/bin/git submodule foreach --recursive git config --local --show-origin --name-only --get-regexp remote.origin.url
2026-09-07T23:57:50.0369859Z Cleaning up orphan processes
2026-09-07T23:57:50.0599494Z ##[warning]Node.js 20 is deprecated. The following actions target Node.js 20 but are being forced to run on Node.js 24: actions/checkout@v4, actions/setup-python@v5, actions/upload-artifact@v4. For more information see: https://github.blog/changelog/2025-09-19-deprecation-of-node-20-on-github-actions-runners/

