{
  "registry_versions": 180,
  "prior_versions_preserved": 158,
  "new_qhe_eyes": 9,
  "evaluations": 48,
  "successful": 44,
  "expected_blocks": 4,
  "all_assertions_passed": true
}
{
  "new_implemented_eyes": 8,
  "prior_versions_preserved": 150,
  "registry_versions": 158,
  "eye_evaluations": 350,
  "ok": 347,
  "expected_blocks": 3,
  "partition_controls": 259,
  "all_assertions_passed": true,
  "extra_exact_checks": [
    "rational nested Schur identity",
    "contraction-to-projector dilation"
  ],
  "source_data_status": "All current eye inputs are declared theoretical/synthetic. No raw atomic data fit."
}
{
  "status": "PASS",
  "eye_evaluations": 213,
  "successful": 206,
  "expected_blocks": 7,
  "standalone_or_registry": "registry",
  "seed": 20260907,
  "new_eyes": 5,
  "independent_controls": {
    "gluing_claim_log_one_plus": 0.22314355131420976,
    "actual_gluing_log_one_minus": -0.2876820724517809,
    "commuting_potential_linear_path": "163/150",
    "commuting_potential_fast_path": "19/150",
    "oblique_projector_metric_speed": "-1",
    "single_differential_kernel_dimension": 2,
    "full_hodge_homology_dimension": 1,
    "Z3_equivariant_linear_anisotropy": "[[x,-y],[-y,-x]]; exact rotation identity verified",
    "nonprimitive_closed_loop_winding": [
      2,
      0
    ],
    "chart_fold_max_phase_step": 4.685296279639817e-05,
    "projector_derivative_max_fd_error": 2.8460345034492746e-08,
    "interpretation": "Counterexamples refute specified universal statements; they do not refute the entire research program."
  },
  "formal_status": "Written mathematics and numerical/symbolic controls; no new Lean compilation."
}
Exact counts through prime 3 seconds 0.1
Exact counts through prime 881 seconds 2.5
Discovery frozen: 44 candidates
Exact counts through prime 1997 seconds 7.3
Exact counts through prime 3191 seconds 9.5
Exact counts through prime 4423 seconds 12.4
Saved 668 primes; 430 held-out; 12750 direct checks
Spike surface ['-3/2', '3/2'] -1 1.0336547752781933 1.0333260641730857
Spike surface ['-5/3', '5/3'] 14 0.3612099390714019 0.05426058366395954
Spike surface ['-2/3', '2/3'] 34 0.35133413934533386 0.09496498670682427
Spike surface ['-3/5', '3/5'] 10 0.3252311187893388 0.03039899720290931
{
  "evaluations": 108,
  "ok": 101,
  "expected_blocks": 7,
  "symbolic_section_verified": true,
  "published_large_integer_witnesses": 6,
  "ntt_independent_direct_checks": 12750,
  "registry_history_preserved": true,
  "formal_status": "See formal build log separately; symbolic checks are not Lean compilation."
}
Universal focused suite PASS
