2026-09-07T23:57:20.7821464Z Current runner version: '2.337.0'
2026-09-07T23:57:20.7845009Z ##[group]Runner Image Provisioner
2026-09-07T23:57:20.7845977Z Hosted Compute Agent
2026-09-07T23:57:20.7846579Z Version: 20260828.587
2026-09-07T23:57:20.7847203Z Commit: abac92662cab4cc7352de4f9f9d2e2419aad9c29
2026-09-07T23:57:20.7848013Z Build Date: 2026-08-28T16:44:25Z
2026-09-07T23:57:20.7848997Z Worker ID: {1435c304-0b7a-4d2d-aaba-0dacf6f297e4}
2026-09-07T23:57:20.7849979Z Azure Region: westus2
2026-09-07T23:57:20.7850620Z ##[endgroup]
2026-09-07T23:57:20.7852062Z ##[group]Operating System
2026-09-07T23:57:20.7852780Z Ubuntu
2026-09-07T23:57:20.7853298Z 24.04.4
2026-09-07T23:57:20.7853868Z LTS
2026-09-07T23:57:20.7854399Z ##[endgroup]
2026-09-07T23:57:20.7854949Z ##[group]Runner Image
2026-09-07T23:57:20.7855585Z Image: ubuntu-24.04
2026-09-07T23:57:20.7856139Z Version: 20260831.293.1
2026-09-07T23:57:20.7857467Z Included Software: https://github.com/actions/runner-images/blob/ubuntu24/20260831.293/images/ubuntu/Ubuntu2404-Readme.md
2026-09-07T23:57:20.7859313Z Image Release: https://github.com/actions/runner-images/releases/tag/ubuntu24%2F20260831.293
2026-09-07T23:57:20.7860367Z ##[endgroup]
2026-09-07T23:57:20.7861515Z ##[group]GITHUB_TOKEN Permissions
2026-09-07T23:57:20.7863408Z Contents: read
2026-09-07T23:57:20.7864064Z Metadata: read
2026-09-07T23:57:20.7864688Z ##[endgroup]
2026-09-07T23:57:20.7866714Z Secret source: Actions
2026-09-07T23:57:20.7867778Z Prepare workflow directory
2026-09-07T23:57:20.8274488Z Prepare all required actions
2026-09-07T23:57:20.8322825Z Getting action download info
2026-09-07T23:57:21.1613127Z Download action repository 'actions/checkout@v4' (SHA:11d5960a326750d5838078e36cf38b85af677262)
2026-09-07T23:57:21.2703920Z Download action repository 'actions/upload-artifact@v4' (SHA:ea165f8d65b6e75b540449e92b4886f43607fa02)
2026-09-07T23:57:21.4732015Z Complete job name: lean-algebra
2026-09-07T23:57:21.5483875Z Node 20 is being deprecated. This workflow is running with Node 24 by default. If you need to temporarily use Node 20, you can set the ACTIONS_ALLOW_USE_UNSECURE_NODE_VERSION=true environment variable. For more information see: https://github.blog/changelog/2025-09-19-deprecation-of-node-20-on-github-actions-runners/
2026-09-07T23:57:21.5492758Z ##[group]Run actions/checkout@v4
2026-09-07T23:57:21.5493490Z with:
2026-09-07T23:57:21.5493974Z   repository: dicipler-pixel/operator-first
2026-09-07T23:57:21.5497814Z   token: ***
2026-09-07T23:57:21.5498251Z   ssh-strict: true
2026-09-07T23:57:21.5498688Z   ssh-user: git
2026-09-07T23:57:21.5499365Z   persist-credentials: true
2026-09-07T23:57:21.5499860Z   clean: true
2026-09-07T23:57:21.5500303Z   sparse-checkout-cone-mode: true
2026-09-07T23:57:21.5500821Z   fetch-depth: 1
2026-09-07T23:57:21.5501256Z   fetch-tags: false
2026-09-07T23:57:21.5501701Z   show-progress: true
2026-09-07T23:57:21.5502154Z   lfs: false
2026-09-07T23:57:21.5502598Z   submodules: false
2026-09-07T23:57:21.5503043Z   set-safe-directory: true
2026-09-07T23:57:21.5503604Z   allow-unsafe-pr-checkout: false
2026-09-07T23:57:21.5504385Z ##[endgroup]
2026-09-07T23:57:21.6516960Z Syncing repository: dicipler-pixel/operator-first
2026-09-07T23:57:21.6519189Z ##[group]Getting Git version info
2026-09-07T23:57:21.6520348Z Working directory is '/home/runner/work/operator-first/operator-first'
2026-09-07T23:57:21.6522239Z [command]/usr/bin/git version
2026-09-07T23:57:21.6640352Z git version 2.55.0
2026-09-07T23:57:21.6655320Z ##[endgroup]
2026-09-07T23:57:21.6680265Z Temporarily overriding HOME='/home/runner/work/_temp/839b75e7-9ca0-4666-ac0e-466009b4f86f' before making global git config changes
2026-09-07T23:57:21.6682597Z Adding repository directory to the temporary git global config as a safe directory
2026-09-07T23:57:21.6684524Z [command]/usr/bin/git config --global --add safe.directory /home/runner/work/operator-first/operator-first
2026-09-07T23:57:21.6735942Z Deleting the contents of '/home/runner/work/operator-first/operator-first'
2026-09-07T23:57:21.6739555Z ##[group]Initializing the repository
2026-09-07T23:57:21.6744702Z [command]/usr/bin/git init /home/runner/work/operator-first/operator-first
2026-09-07T23:57:21.6870157Z hint: Using 'master' as the name for the initial branch. This default branch name
2026-09-07T23:57:21.6871896Z hint: will change to "main" in Git 3.0. To configure the initial branch name
2026-09-07T23:57:21.6873437Z hint: to use in all of your new repositories, which will suppress this warning,
2026-09-07T23:57:21.6874616Z hint: call:
2026-09-07T23:57:21.6875493Z hint:
2026-09-07T23:57:21.6876672Z hint: 	git config --global init.defaultBranch <name>
2026-09-07T23:57:21.6877798Z hint:
2026-09-07T23:57:21.6879525Z hint: Names commonly chosen instead of 'master' are 'main', 'trunk' and
2026-09-07T23:57:21.6881505Z hint: 'development'. The just-created branch can be renamed via this command:
2026-09-07T23:57:21.6882477Z hint:
2026-09-07T23:57:21.6882932Z hint: 	git branch -m <name>
2026-09-07T23:57:21.6883407Z hint:
2026-09-07T23:57:21.6884226Z hint: Disable this message with "git config set advice.defaultBranchName false"
2026-09-07T23:57:21.6885656Z Initialized empty Git repository in /home/runner/work/operator-first/operator-first/.git/
2026-09-07T23:57:21.6889528Z [command]/usr/bin/git remote add origin https://github.com/dicipler-pixel/operator-first
2026-09-07T23:57:21.6947733Z ##[endgroup]
2026-09-07T23:57:21.6948542Z ##[group]Disabling automatic garbage collection
2026-09-07T23:57:21.6951977Z [command]/usr/bin/git config --local gc.auto 0
2026-09-07T23:57:21.7000570Z ##[endgroup]
2026-09-07T23:57:21.7001399Z ##[group]Setting up auth
2026-09-07T23:57:21.7008227Z [command]/usr/bin/git config --local --name-only --get-regexp core\.sshCommand
2026-09-07T23:57:21.7056578Z [command]/usr/bin/git submodule foreach --recursive sh -c "git config --local --name-only --get-regexp 'core\.sshCommand' && git config --local --unset-all 'core.sshCommand' || :"
2026-09-07T23:57:21.7465708Z [command]/usr/bin/git config --local --name-only --get-regexp http\.https\:\/\/github\.com\/\.extraheader
2026-09-07T23:57:21.7506919Z [command]/usr/bin/git submodule foreach --recursive sh -c "git config --local --name-only --get-regexp 'http\.https\:\/\/github\.com\/\.extraheader' && git config --local --unset-all 'http.https://github.com/.extraheader' || :"
2026-09-07T23:57:21.7746811Z [command]/usr/bin/git config --local --name-only --get-regexp ^includeIf\.gitdir:
2026-09-07T23:57:21.7783131Z [command]/usr/bin/git submodule foreach --recursive git config --local --show-origin --name-only --get-regexp remote.origin.url
2026-09-07T23:57:21.8007282Z [command]/usr/bin/git config --local http.https://github.com/.extraheader AUTHORIZATION: basic ***
2026-09-07T23:57:21.8046651Z ##[endgroup]
2026-09-07T23:57:21.8048142Z ##[group]Fetching the repository
2026-09-07T23:57:21.8058385Z [command]/usr/bin/git -c protocol.version=2 fetch --no-tags --prune --no-recurse-submodules --depth=1 origin +c10e807a30494e19ddd8e0e6767ea3ef93b0bb15:refs/remotes/pull/13/merge
2026-09-07T23:57:22.3605505Z From https://github.com/dicipler-pixel/operator-first
2026-09-07T23:57:22.3607586Z  * [new ref]         c10e807a30494e19ddd8e0e6767ea3ef93b0bb15 -> pull/13/merge
2026-09-07T23:57:22.3611770Z ##[endgroup]
2026-09-07T23:57:22.3613476Z ##[group]Determining the checkout info
2026-09-07T23:57:22.3615412Z ##[endgroup]
2026-09-07T23:57:22.3622914Z [command]/usr/bin/git sparse-checkout disable
2026-09-07T23:57:22.3676604Z [command]/usr/bin/git config --local --unset-all extensions.worktreeConfig
2026-09-07T23:57:22.3734481Z ##[group]Checking out the ref
2026-09-07T23:57:22.3739680Z [command]/usr/bin/git checkout --progress --force refs/remotes/pull/13/merge
2026-09-07T23:57:22.3875654Z Note: switching to 'refs/remotes/pull/13/merge'.
2026-09-07T23:57:22.3876215Z 
2026-09-07T23:57:22.3876758Z You are in 'detached HEAD' state. You can look around, make experimental
2026-09-07T23:57:22.3877816Z changes and commit them, and you can discard any commits you make in this
2026-09-07T23:57:22.3878977Z state without impacting any branches by switching back to a branch.
2026-09-07T23:57:22.3879846Z 
2026-09-07T23:57:22.3880224Z If you want to create a new branch to retain commits you create, you may
2026-09-07T23:57:22.3881087Z do so (now or later) by using -c with the switch command. Example:
2026-09-07T23:57:22.3881637Z 
2026-09-07T23:57:22.3881928Z   git switch -c <new-branch-name>
2026-09-07T23:57:22.3882558Z 
2026-09-07T23:57:22.3882976Z Or undo this operation with:
2026-09-07T23:57:22.3883627Z 
2026-09-07T23:57:22.3883995Z   git switch -
2026-09-07T23:57:22.3884499Z 
2026-09-07T23:57:22.3885232Z Turn off this advice by setting config variable advice.detachedHead to false
2026-09-07T23:57:22.3886349Z 
2026-09-07T23:57:22.3887474Z HEAD is now at c10e807 Merge e5d870b421a394cf49858f59b9bd5ec5b0ef2956 into b99a58256f2ecaa7d3523080d310cc04cf24aa28
2026-09-07T23:57:22.3891333Z ##[endgroup]
2026-09-07T23:57:22.3931447Z [command]/usr/bin/git log -1 --format=%H
2026-09-07T23:57:22.3956909Z c10e807a30494e19ddd8e0e6767ea3ef93b0bb15
2026-09-07T23:57:22.4173042Z ##[group]Run curl -sSfL https://raw.githubusercontent.com/leanprover/elan/master/elan-init.sh -o elan-init.sh
2026-09-07T23:57:22.4174552Z [36;1mcurl -sSfL https://raw.githubusercontent.com/leanprover/elan/master/elan-init.sh -o elan-init.sh[0m
2026-09-07T23:57:22.4175705Z [36;1msh elan-init.sh -y --default-toolchain leanprover/lean4:v4.33.0[0m
2026-09-07T23:57:22.4176505Z [36;1mecho "$HOME/.elan/bin" >> "$GITHUB_PATH"[0m
2026-09-07T23:57:22.4215450Z shell: /usr/bin/bash -e {0}
2026-09-07T23:57:22.4216008Z ##[endgroup]
2026-09-07T23:57:22.5869226Z info: downloading installer
2026-09-07T23:57:23.0898469Z info: default toolchain set to 'leanprover/lean4:v4.33.0'
2026-09-07T23:57:23.1108247Z ##[group]Run lake update
2026-09-07T23:57:23.1109908Z [36;1mlake update[0m
2026-09-07T23:57:23.1150570Z shell: /usr/bin/bash -e {0}
2026-09-07T23:57:23.1151721Z ##[endgroup]
2026-09-07T23:57:23.7324881Z info: downloading https://releases.lean-lang.org/lean4/v4.33.0/lean-4.33.0-linux.tar.zst
2026-09-07T23:57:27.6986881Z info: installing /home/runner/.elan/toolchains/leanprover--lean4---v4.33.0
2026-09-07T23:57:34.3251351Z info: diophantine_eye: no previous manifest, creating one from scratch
2026-09-07T23:57:34.3253136Z info: mathlib: cloning https://github.com/leanprover-community/mathlib4.git
2026-09-07T23:58:04.2136713Z info: mathlib: checking out revision 'db584cd6d46c92f209a44c0f1c829460d327499d'
2026-09-07T23:58:05.0287860Z info: toolchain not updated; already up-to-date
2026-09-07T23:58:06.0153548Z info: plausible: cloning https://github.com/leanprover-community/plausible
2026-09-07T23:58:06.4265977Z info: plausible: checking out revision 'b7eb3304aeae834b12dda98993a37f6a41f6f0bb'
2026-09-07T23:58:06.4387289Z info: LeanSearchClient: cloning https://github.com/leanprover-community/LeanSearchClient
2026-09-07T23:58:06.8588717Z info: LeanSearchClient: checking out revision '5f4d51b81cbd3f6b32b156bfad9056621a040404'
2026-09-07T23:58:06.8705513Z info: importGraph: cloning https://github.com/leanprover-community/import-graph
2026-09-07T23:58:07.3810840Z info: importGraph: checking out revision '16f02aa7642864af59f1ff0e384a015994db9118'
2026-09-07T23:58:07.3952701Z info: proofwidgets: cloning https://github.com/leanprover-community/ProofWidgets4
2026-09-07T23:58:08.6716682Z info: proofwidgets: checking out revision '4be2e3d5087eeb272cf5a8853b8f9dd025ef5957'
2026-09-07T23:58:09.3013823Z info: aesop: cloning https://github.com/leanprover-community/aesop
2026-09-07T23:58:10.1002868Z info: aesop: checking out revision '3448c0bcc5ce01b2d1546e483ec3620e32df3d0e'
2026-09-07T23:58:10.1172648Z info: Qq: cloning https://github.com/leanprover-community/quote4
2026-09-07T23:58:10.5335104Z info: Qq: checking out revision '92c15be17b7caf78c2ad767ec40f89052d908d81'
2026-09-07T23:58:10.5455482Z info: batteries: cloning https://github.com/leanprover-community/batteries
2026-09-07T23:58:19.2235825Z info: batteries: checking out revision '4488d40d070b9700d4d5a6aa342f0d40c31b2a2d'
2026-09-07T23:58:19.2470143Z info: Cli: cloning https://github.com/leanprover/lean4-cli
2026-09-07T23:58:19.7212836Z info: Cli: checking out revision '6130a47896ce867c6a4a55373441e59e565bad0f'
2026-09-07T23:58:19.7334632Z info: mathlib: running post-update hooks
2026-09-07T23:58:20.1354633Z ✔ [1/5] Built Cache.Cli (357ms)
2026-09-07T23:58:20.2430691Z ✔ [3/26] Built Cache.Lean (406ms)
2026-09-07T23:58:20.4375013Z ✔ [6/26] Built Cache.Cli:c.o (206ms)
2026-09-07T23:58:20.5379008Z ✔ [7/26] Built Cache.Lean:c.o (311ms)
2026-09-07T23:58:20.7374423Z ✔ [8/26] Built Cache.Infra (519ms)
2026-09-07T23:58:21.0378052Z ✔ [9/26] Built Cache.Infra:c.o (267ms)
2026-09-07T23:58:21.2390589Z ✔ [10/26] Built Batteries.Tactic.OpenPrivate (1.0s)
2026-09-07T23:58:22.6437010Z ✔ [11/26] Built Cache.IO (1.4s)
2026-09-07T23:58:22.6438564Z ✔ [12/26] Built Batteries.Tactic.OpenPrivate:c.o (1.4s)
2026-09-07T23:58:23.4473968Z ✔ [13/26] Built Cache.Hashing (795ms)
2026-09-07T23:58:24.1480604Z ✔ [14/26] Built Cache.Hashing:c.o (635ms)
2026-09-07T23:58:24.3482618Z ✔ [15/26] Built Cache.IO:c.o (1.7s)
2026-09-07T23:58:25.6485311Z ✔ [16/26] Built Cache.Requests (2.1s)
2026-09-07T23:58:26.1493940Z ✔ [17/26] Built Cache.Marker (567ms)
2026-09-07T23:58:26.3499362Z ✔ [18/26] Built Cache.Marker:c.o (184ms)
2026-09-07T23:58:26.9523005Z ✔ [19/26] Built Cache.Query (766ms)
2026-09-07T23:58:27.4536156Z ✔ [20/26] Built Cache.Query:c.o (463ms)
2026-09-07T23:58:27.7570901Z ✔ [21/26] Built Cache.Warning (846ms)
2026-09-07T23:58:28.2565567Z ✔ [22/26] Built Cache.Warning:c.o (416ms)
2026-09-07T23:58:28.5568380Z ✔ [23/26] Built Cache.Requests:c.o (2.0s)
2026-09-07T23:58:29.0573601Z ✔ [24/26] Built Cache.Main (1.3s)
2026-09-07T23:58:30.0585787Z ✔ [25/26] Built Cache.Main:c.o (938ms)
2026-09-07T23:58:30.7614858Z ✔ [26/26] Built cache:exe (706ms)
2026-09-07T23:58:33.5643277Z Current branch: HEAD
2026-09-07T23:58:33.5644321Z Using cache from origin: (some leanprover-community/mathlib4)
2026-09-07T23:58:33.5646873Z Attempting to download 8690 file(s) from leanprover-community/mathlib4 cache at https://lakecache.blob.core.windows.net/mathlib4-master
2026-09-07T23:58:34.8139609Z 
2026-09-07T23:58:34.9140278Z Downloaded: 1 file(s) [attempted 1/8690 = 0%, 14 KB/s], Decompressed: 0
2026-09-07T23:58:35.0160154Z Downloaded: 72 file(s) [attempted 72/8690 = 0%, 604 KB/s], Decompressed: 31
2026-09-07T23:58:35.1176747Z Downloaded: 166 file(s) [attempted 166/8690 = 1%, 279 KB/s], Decompressed: 31
2026-09-07T23:58:35.2292548Z Downloaded: 269 file(s) [attempted 269/8690 = 3%, 813 KB/s], Decompressed: 71
2026-09-07T23:58:35.3298509Z Downloaded: 378 file(s) [attempted 378/8690 = 4%, 947 KB/s], Decompressed: 71
2026-09-07T23:58:35.4353441Z Downloaded: 493 file(s) [attempted 493/8690 = 5%, 241 KB/s], Decompressed: 71
2026-09-07T23:58:35.5370138Z Downloaded: 604 file(s) [attempted 604/8690 = 6%, 900 KB/s], Decompressed: 71
2026-09-07T23:58:35.6369129Z Downloaded: 712 file(s) [attempted 712/8690 = 8%, 498 KB/s], Decompressed: 187
2026-09-07T23:58:35.7540331Z Downloaded: 819 file(s) [attempted 819/8690 = 9%, 2411 KB/s], Decompressed: 187
2026-09-07T23:58:35.8829678Z Downloaded: 879 file(s) [attempted 879/8690 = 10%, 694 KB/s], Decompressed: 187
2026-09-07T23:58:35.9826912Z Downloaded: 980 file(s) [attempted 980/8690 = 11%, 104 KB/s], Decompressed: 187
2026-09-07T23:58:36.0880660Z Downloaded: 1080 file(s) [attempted 1080/8690 = 12%, 1951 KB/s], Decompressed: 187
2026-09-07T23:58:36.2124852Z Downloaded: 1185 file(s) [attempted 1185/8690 = 13%, 891 KB/s], Decompressed: 187
2026-09-07T23:58:36.3227455Z Downloaded: 1292 file(s) [attempted 1292/8690 = 14%, 3165 KB/s], Decompressed: 187
2026-09-07T23:58:36.4392450Z Downloaded: 1394 file(s) [attempted 1394/8690 = 16%, 2120 KB/s], Decompressed: 187
2026-09-07T23:58:36.5430015Z Downloaded: 1494 file(s) [attempted 1494/8690 = 17%, 923 KB/s], Decompressed: 187
2026-09-07T23:58:36.6444240Z Downloaded: 1601 file(s) [attempted 1601/8690 = 18%, 1646 KB/s], Decompressed: 187
2026-09-07T23:58:36.7534289Z Downloaded: 1702 file(s) [attempted 1702/8690 = 19%, 707 KB/s], Decompressed: 187
2026-09-07T23:58:36.8731320Z Downloaded: 1755 file(s) [attempted 1755/8690 = 20%, 386 KB/s], Decompressed: 187
2026-09-07T23:58:36.9699737Z Downloaded: 1858 file(s) [attempted 1858/8690 = 21%, 2810 KB/s], Decompressed: 187
2026-09-07T23:58:37.0874556Z Downloaded: 1955 file(s) [attempted 1955/8690 = 22%, 2482 KB/s], Decompressed: 187
2026-09-07T23:58:37.1878433Z Downloaded: 2053 file(s) [attempted 2053/8690 = 23%, 2050 KB/s], Decompressed: 618
2026-09-07T23:58:37.2960006Z Downloaded: 2158 file(s) [attempted 2158/8690 = 24%, 3718 KB/s], Decompressed: 618
2026-09-07T23:58:37.4060322Z Downloaded: 2260 file(s) [attempted 2260/8690 = 26%, 2218 KB/s], Decompressed: 618
2026-09-07T23:58:37.5290080Z Downloaded: 2361 file(s) [attempted 2361/8690 = 27%, 2025 KB/s], Decompressed: 618
2026-09-07T23:58:37.6326510Z Downloaded: 2465 file(s) [attempted 2465/8690 = 28%, 110 KB/s], Decompressed: 618
2026-09-07T23:58:37.7412318Z Downloaded: 2565 file(s) [attempted 2565/8690 = 29%, 1741 KB/s], Decompressed: 618
2026-09-07T23:58:37.8489977Z Downloaded: 2677 file(s) [attempted 2677/8690 = 30%, 592 KB/s], Decompressed: 618
2026-09-07T23:58:37.9640255Z Downloaded: 2775 file(s) [attempted 2775/8690 = 31%, 1433 KB/s], Decompressed: 618
2026-09-07T23:58:38.0700139Z Downloaded: 2833 file(s) [attempted 2833/8690 = 32%, 610 KB/s], Decompressed: 618
2026-09-07T23:58:38.1700063Z Downloaded: 2929 file(s) [attempted 2929/8690 = 33%, 524 KB/s], Decompressed: 618
2026-09-07T23:58:38.2740097Z Downloaded: 3033 file(s) [attempted 3033/8690 = 34%, 333 KB/s], Decompressed: 618
2026-09-07T23:58:38.3750656Z Downloaded: 3136 file(s) [attempted 3136/8690 = 36%, 961 KB/s], Decompressed: 618
2026-09-07T23:58:38.4742861Z Downloaded: 3243 file(s) [attempted 3243/8690 = 37%, 986 KB/s], Decompressed: 618
2026-09-07T23:58:38.5950476Z Downloaded: 3337 file(s) [attempted 3337/8690 = 38%, 584 KB/s], Decompressed: 618
2026-09-07T23:58:38.6959749Z Downloaded: 3401 file(s) [attempted 3401/8690 = 39%, 665 KB/s], Decompressed: 618
2026-09-07T23:58:38.8320340Z Downloaded: 3504 file(s) [attempted 3504/8690 = 40%, 5737 KB/s], Decompressed: 618
2026-09-07T23:58:38.9655760Z Downloaded: 3606 file(s) [attempted 3606/8690 = 41%, 1447 KB/s], Decompressed: 618
2026-09-07T23:58:39.0880223Z Downloaded: 3702 file(s) [attempted 3702/8690 = 42%, 4241 KB/s], Decompressed: 618
2026-09-07T23:58:39.2150287Z Downloaded: 3802 file(s) [attempted 3802/8690 = 43%, 155 KB/s], Decompressed: 618
2026-09-07T23:58:39.3220087Z Downloaded: 3902 file(s) [attempted 3902/8690 = 44%, 138 KB/s], Decompressed: 618
2026-09-07T23:58:39.4216594Z Downloaded: 4002 file(s) [attempted 4002/8690 = 46%, 970 KB/s], Decompressed: 618
2026-09-07T23:58:39.5241434Z Downloaded: 4107 file(s) [attempted 4107/8690 = 47%, 595 KB/s], Decompressed: 618
2026-09-07T23:58:39.6301607Z Downloaded: 4198 file(s) [attempted 4198/8690 = 48%, 420 KB/s], Decompressed: 618
2026-09-07T23:58:39.7301660Z Downloaded: 4268 file(s) [attempted 4268/8690 = 49%, 137 KB/s], Decompressed: 618
2026-09-07T23:58:39.8649941Z Downloaded: 4371 file(s) [attempted 4371/8690 = 50%, 117 KB/s], Decompressed: 618
2026-09-07T23:58:39.9779047Z Downloaded: 4472 file(s) [attempted 4472/8690 = 51%, 238 KB/s], Decompressed: 618
2026-09-07T23:58:40.0801447Z Downloaded: 4573 file(s) [attempted 4573/8690 = 52%, 82 KB/s], Decompressed: 618
2026-09-07T23:58:40.1792980Z Downloaded: 4682 file(s) [attempted 4682/8690 = 53%, 534 KB/s], Decompressed: 618
2026-09-07T23:58:40.2850435Z Downloaded: 4785 file(s) [attempted 4785/8690 = 55%, 181 KB/s], Decompressed: 618
2026-09-07T23:58:40.4121331Z Downloaded: 4887 file(s) [attempted 4887/8690 = 56%, 2694 KB/s], Decompressed: 618
2026-09-07T23:58:40.5625885Z Downloaded: 4989 file(s) [attempted 4989/8690 = 57%, 1007 KB/s], Decompressed: 618
2026-09-07T23:58:40.6624024Z Downloaded: 5087 file(s) [attempted 5087/8690 = 58%, 1782 KB/s], Decompressed: 618
2026-09-07T23:58:40.7709151Z Downloaded: 5187 file(s) [attempted 5187/8690 = 59%, 458 KB/s], Decompressed: 618
2026-09-07T23:58:40.9097599Z Downloaded: 5292 file(s) [attempted 5292/8690 = 60%, 4204 KB/s], Decompressed: 618
2026-09-07T23:58:41.0143789Z Downloaded: 5395 file(s) [attempted 5395/8690 = 62%, 5033 KB/s], Decompressed: 618
2026-09-07T23:58:41.1303450Z Downloaded: 5495 file(s) [attempted 5495/8690 = 63%, 3572 KB/s], Decompressed: 618
2026-09-07T23:58:41.2374108Z Downloaded: 5585 file(s) [attempted 5585/8690 = 64%, 1090 KB/s], Decompressed: 618
2026-09-07T23:58:41.3376893Z Downloaded: 5688 file(s) [attempted 5688/8690 = 65%, 564 KB/s], Decompressed: 618
2026-09-07T23:58:41.4372597Z Downloaded: 5790 file(s) [attempted 5790/8690 = 66%, 909 KB/s], Decompressed: 618
2026-09-07T23:58:41.5401941Z Downloaded: 5879 file(s) [attempted 5879/8690 = 67%, 563 KB/s], Decompressed: 618
2026-09-07T23:58:41.6572956Z Downloaded: 5958 file(s) [attempted 5958/8690 = 68%, 296 KB/s], Decompressed: 2007
2026-09-07T23:58:41.7735528Z Downloaded: 6060 file(s) [attempted 6060/8690 = 69%, 9403 KB/s], Decompressed: 2007
2026-09-07T23:58:41.8910243Z Downloaded: 6158 file(s) [attempted 6158/8690 = 70%, 612 KB/s], Decompressed: 2007
2026-09-07T23:58:41.9908284Z Downloaded: 6261 file(s) [attempted 6261/8690 = 72%, 5518 KB/s], Decompressed: 2007
2026-09-07T23:58:42.0911328Z Downloaded: 6361 file(s) [attempted 6361/8690 = 73%, 7029 KB/s], Decompressed: 2007
2026-09-07T23:58:42.1980422Z Downloaded: 6451 file(s) [attempted 6451/8690 = 74%, 813 KB/s], Decompressed: 2007
2026-09-07T23:58:42.3011111Z Downloaded: 6526 file(s) [attempted 6526/8690 = 75%, 672 KB/s], Decompressed: 2007
2026-09-07T23:58:42.4182475Z Downloaded: 6615 file(s) [attempted 6615/8690 = 76%, 350 KB/s], Decompressed: 2007
2026-09-07T23:58:42.5540107Z Downloaded: 6722 file(s) [attempted 6722/8690 = 77%, 1104 KB/s], Decompressed: 2007
2026-09-07T23:58:42.6582806Z Downloaded: 6824 file(s) [attempted 6824/8690 = 78%, 380 KB/s], Decompressed: 2007
2026-09-07T23:58:42.7589451Z Downloaded: 6927 file(s) [attempted 6927/8690 = 79%, 972 KB/s], Decompressed: 2007
2026-09-07T23:58:42.8650092Z Downloaded: 7026 file(s) [attempted 7026/8690 = 80%, 786 KB/s], Decompressed: 2007
2026-09-07T23:58:42.9678472Z Downloaded: 7092 file(s) [attempted 7092/8690 = 81%, 350 KB/s], Decompressed: 2007
2026-09-07T23:58:43.1010573Z Downloaded: 7192 file(s) [attempted 7192/8690 = 82%, 369 KB/s], Decompressed: 2007
2026-09-07T23:58:43.2080175Z Downloaded: 7295 file(s) [attempted 7295/8690 = 83%, 231 KB/s], Decompressed: 2007
2026-09-07T23:58:43.3081319Z Downloaded: 7395 file(s) [attempted 7395/8690 = 85%, 100 KB/s], Decompressed: 2007
2026-09-07T23:58:43.4103876Z Downloaded: 7492 file(s) [attempted 7492/8690 = 86%, 1465 KB/s], Decompressed: 2007
2026-09-07T23:58:43.5360329Z Downloaded: 7562 file(s) [attempted 7562/8690 = 87%, 708 KB/s], Decompressed: 2007
2026-09-07T23:58:43.6610289Z Downloaded: 7648 file(s) [attempted 7648/8690 = 88%, 299 KB/s], Decompressed: 2007
2026-09-07T23:58:43.7670870Z Downloaded: 7749 file(s) [attempted 7749/8690 = 89%, 5046 KB/s], Decompressed: 2007
2026-09-07T23:58:43.8691031Z Downloaded: 7849 file(s) [attempted 7849/8690 = 90%, 198 KB/s], Decompressed: 2007
2026-09-07T23:58:43.9832210Z Downloaded: 7944 file(s) [attempted 7944/8690 = 91%, 4351 KB/s], Decompressed: 2007
2026-09-07T23:58:44.0864468Z Downloaded: 8014 file(s) [attempted 8014/8690 = 92%, 1883 KB/s], Decompressed: 2007
2026-09-07T23:58:44.2240597Z Downloaded: 8114 file(s) [attempted 8114/8690 = 93%, 1005 KB/s], Decompressed: 2007
2026-09-07T23:58:44.3326169Z Downloaded: 8217 file(s) [attempted 8217/8690 = 94%, 324 KB/s], Decompressed: 2007
2026-09-07T23:58:44.4412989Z Downloaded: 8317 file(s) [attempted 8317/8690 = 95%, 2271 KB/s], Decompressed: 2007
2026-09-07T23:58:44.5422720Z Downloaded: 8422 file(s) [attempted 8422/8690 = 96%, 82 KB/s], Decompressed: 2007
2026-09-07T23:58:44.6612101Z Downloaded: 8487 file(s) [attempted 8487/8690 = 97%, 2682 KB/s], Decompressed: 2007
2026-09-07T23:58:44.7719759Z Downloaded: 8575 file(s) [attempted 8575/8690 = 98%, 6623 KB/s], Decompressed: 2007
2026-09-07T23:58:44.8413122Z Downloaded: 8675 file(s) [attempted 8675/8690 = 99%, 1010 KB/s], Decompressed: 2007
2026-09-07T23:58:44.8419799Z Downloaded: 8690 file(s) [attempted 8690/8690 = 100%, 1010 KB/s], Decompressed: 2007
2026-09-07T23:59:02.0555135Z Decompressed 8690 file(s)
2026-09-07T23:59:02.0555874Z Already decompressed 8690 file(s)
2026-09-07T23:59:02.1157990Z ##[group]Run lake exe cache get
2026-09-07T23:59:02.1158308Z [36;1mlake exe cache get[0m
2026-09-07T23:59:02.1201120Z shell: /usr/bin/bash -e {0}
2026-09-07T23:59:02.1201371Z ##[endgroup]
2026-09-07T23:59:06.9721698Z Current branch: HEAD
2026-09-07T23:59:06.9722586Z Using cache from origin: (some leanprover-community/mathlib4)
2026-09-07T23:59:06.9723491Z No files to download
2026-09-07T23:59:06.9724102Z Already decompressed 8690 file(s)
2026-09-07T23:59:07.0146706Z ##[group]Run set -o pipefail
2026-09-07T23:59:07.0147186Z [36;1mset -o pipefail[0m
2026-09-07T23:59:07.0147640Z [36;1mlake build 2>&1 | tee lean-certificates.log[0m
2026-09-07T23:59:07.0187576Z shell: /usr/bin/bash --noprofile --norc -e -o pipefail {0}
2026-09-07T23:59:07.0187919Z ##[endgroup]
2026-09-07T23:59:11.5478622Z ℹ [3006/3007] Built Certificates (2.4s)
2026-09-07T23:59:11.5479870Z info: Certificates.lean:53:0: 'DiophantineEye.discriminant_identity' depends on axioms: [propext]
2026-09-07T23:59:11.5481204Z info: Certificates.lean:54:0: 'DiophantineEye.epoch_polynomial_family' depends on axioms: [propext, Quot.sound]
2026-09-07T23:59:11.5482618Z info: Certificates.lean:55:0: 'DiophantineEye.epoch_congruence_family' depends on axioms: [propext, Quot.sound]
2026-09-07T23:59:11.5484187Z info: Certificates.lean:56:0: 'DiophantineEye.circle_section_cleared' depends on axioms: [propext, Classical.choice, Quot.sound]
2026-09-07T23:59:11.5485927Z info: Certificates.lean:57:0: 'DiophantineEye.circle_denominator_positive' depends on axioms: [propext, Classical.choice, Quot.sound]
2026-09-07T23:59:11.5487593Z info: Certificates.lean:58:0: 'DiophantineEye.pell_norm_preserved' depends on axioms: [propext, Quot.sound]
2026-09-07T23:59:11.5489502Z info: Certificates.lean:59:0: 'DiophantineEye.tangent_identity' depends on axioms: [propext, Quot.sound]
2026-09-07T23:59:11.5594361Z Build completed successfully (3007 jobs).
2026-09-07T23:59:11.6021419Z Node 20 is being deprecated. This workflow is running with Node 24 by default. If you need to temporarily use Node 20, you can set the ACTIONS_ALLOW_USE_UNSECURE_NODE_VERSION=true environment variable. For more information see: https://github.blog/changelog/2025-09-19-deprecation-of-node-20-on-github-actions-runners/
2026-09-07T23:59:11.6023309Z ##[group]Run actions/upload-artifact@v4
2026-09-07T23:59:11.6023590Z with:
2026-09-07T23:59:11.6023803Z   name: diophantine-lean-certificates
2026-09-07T23:59:11.6024142Z   path: research/diophantine/formal/lean-certificates.log
2026-09-07T23:59:11.6024472Z   if-no-files-found: warn
2026-09-07T23:59:11.6024700Z   compression-level: 6
2026-09-07T23:59:11.6024910Z   overwrite: false
2026-09-07T23:59:11.6025129Z   include-hidden-files: false
2026-09-07T23:59:11.6025360Z ##[endgroup]
2026-09-07T23:59:11.7624773Z (node:2862) [DEP0040] DeprecationWarning: The `punycode` module is deprecated. Please use a userland alternative instead.
2026-09-07T23:59:11.7626171Z (Use `node --trace-deprecation ...` to show where the warning was created)
2026-09-07T23:59:11.7672559Z With the provided path, there will be 1 file uploaded
2026-09-07T23:59:11.7697432Z Artifact name is valid!
2026-09-07T23:59:11.7700886Z Root directory input is valid!
2026-09-07T23:59:12.1576573Z Beginning upload of artifact content to blob storage
2026-09-07T23:59:12.1762542Z (node:2862) [DEP0169] DeprecationWarning: `url.parse()` behavior is not standardized and prone to errors that have security implications. Use the WHATWG URL API instead. CVEs are not issued for `url.parse()` vulnerabilities.
2026-09-07T23:59:12.4569507Z Uploaded bytes 437
2026-09-07T23:59:12.5344368Z Finished uploading artifact content to blob storage!
2026-09-07T23:59:12.5345551Z SHA256 digest of uploaded artifact zip is e225b376f144f4dec6c6986979f2960d2611df8444cf8783885ee5203ec2061d
2026-09-07T23:59:12.5346990Z Finalizing artifact upload
2026-09-07T23:59:12.7708075Z Artifact diophantine-lean-certificates.zip successfully finalized. Artifact ID 10035943151
2026-09-07T23:59:12.7710031Z Artifact diophantine-lean-certificates has been successfully uploaded! Final size is 437 bytes. Artifact ID is 10035943151
2026-09-07T23:59:12.7717207Z Artifact download URL: https://github.com/dicipler-pixel/operator-first/actions/runs/34171724494/artifacts/10035943151
2026-09-07T23:59:12.7962481Z Node 20 is being deprecated. This workflow is running with Node 24 by default. If you need to temporarily use Node 20, you can set the ACTIONS_ALLOW_USE_UNSECURE_NODE_VERSION=true environment variable. For more information see: https://github.blog/changelog/2025-09-19-deprecation-of-node-20-on-github-actions-runners/
2026-09-07T23:59:12.7963763Z Post job cleanup.
2026-09-07T23:59:12.8816138Z [command]/usr/bin/git version
2026-09-07T23:59:12.8861432Z git version 2.55.0
2026-09-07T23:59:12.8900564Z Temporarily overriding HOME='/home/runner/work/_temp/c7469382-107b-4f73-b158-ab657da7f651' before making global git config changes
2026-09-07T23:59:12.8902272Z Adding repository directory to the temporary git global config as a safe directory
2026-09-07T23:59:12.8906192Z [command]/usr/bin/git config --global --add safe.directory /home/runner/work/operator-first/operator-first
2026-09-07T23:59:12.8943847Z [command]/usr/bin/git config --local --name-only --get-regexp core\.sshCommand
2026-09-07T23:59:12.8979834Z [command]/usr/bin/git submodule foreach --recursive sh -c "git config --local --name-only --get-regexp 'core\.sshCommand' && git config --local --unset-all 'core.sshCommand' || :"
2026-09-07T23:59:12.9225111Z [command]/usr/bin/git config --local --name-only --get-regexp http\.https\:\/\/github\.com\/\.extraheader
2026-09-07T23:59:12.9255493Z http.https://github.com/.extraheader
2026-09-07T23:59:12.9267261Z [command]/usr/bin/git config --local --unset-all http.https://github.com/.extraheader
2026-09-07T23:59:12.9303243Z [command]/usr/bin/git submodule foreach --recursive sh -c "git config --local --name-only --get-regexp 'http\.https\:\/\/github\.com\/\.extraheader' && git config --local --unset-all 'http.https://github.com/.extraheader' || :"
2026-09-07T23:59:12.9563912Z [command]/usr/bin/git config --local --name-only --get-regexp ^includeIf\.gitdir:
2026-09-07T23:59:12.9604316Z [command]/usr/bin/git submodule foreach --recursive git config --local --show-origin --name-only --get-regexp remote.origin.url
2026-09-07T23:59:13.0028112Z Cleaning up orphan processes
2026-09-07T23:59:13.0426390Z ##[warning]Node.js 20 is deprecated. The following actions target Node.js 20 but are being forced to run on Node.js 24: actions/checkout@v4, actions/upload-artifact@v4. For more information see: https://github.blog/changelog/2025-09-19-deprecation-of-node-20-on-github-actions-runners/

